# F1 Auto Runner — R11 / Q
# Started : 2026-07-25T16:37:21.412514+00:00
############################################################

>>> f1_2026_predictor.py

core           INFO 	Loading data for Hungarian Grand Prix - Qualifying [v3.8.3]
req            INFO 	No cached data found for session_info. Loading data...
_api           INFO 	Fetching session info data...
logger      WARNING 	Failed to load session info data!
req            INFO 	No cached data found for driver_info. Loading data...
_api           INFO 	Fetching driver list...
core        WARNING 	Failed to load extended driver information!
core        WARNING 	No result data for this session available on Ergast! (This is expected for recent sessions)
core        WARNING 	Failed to load driver list and session results!
req            INFO 	No cached data found for session_status_data. Loading data...
_api           INFO 	Fetching session status data...
logger      WARNING 	Failed to load session status data!
req            INFO 	No cached data found for track_status_data. Loading data...
_api           INFO 	Fetching track status data...
logger      WARNING 	Failed to load track status data!
req            INFO 	No cached data found for _extended_timing_data. Loading data...
_api           INFO 	Fetching timing data...
logger      WARNING 	Failed to load timing data!
req            INFO 	No cached data found for car_data. Loading data...
_api           INFO 	Fetching car data...
core        WARNING 	Car telemetry data is unavailable!
req            INFO 	No cached data found for position_data. Loading data...
_api           INFO 	Fetching position data...
core        WARNING 	Car position data is unavailable!
core        WARNING 	Failed to determine `Session.t0_date`!
core           INFO 	Finished loading data for 0 drivers: []
📅  Descargando calendario 2026...
   ✅  22 carreras encontradas en el calendario.

📅  Calendario 2026: 22 carreras
🔍  Verificando rondas completadas...
   ✅  Ronda 1: Australian Grand Prix — completa
   ✅  Ronda 2: Chinese Grand Prix — completa
   ✅  Ronda 3: Japanese Grand Prix — completa
   ✅  Ronda 4: Miami Grand Prix — completa
   ✅  Ronda 5: Canadian Grand Prix — completa
   ✅  Ronda 6: Monaco Grand Prix — completa
   ✅  Ronda 7: Barcelona Grand Prix — completa
   ✅  Ronda 8: Austrian Grand Prix — completa
   ✅  Ronda 9: British Grand Prix — completa
   ✅  Ronda 10: Belgian Grand Prix — completa
   ⏳  Ronda 11 — aún no disputada
   ⏳  Ronda 12 — aún no disputada
   ⏳  Ronda 13 — aún no disputada
   ⏳  Ronda 14 — aún no disputada
   ⏳  Ronda 15 — aún no disputada
   ⏳  Ronda 16 — aún no disputada
   ⏳  Ronda 17 — aún no disputada
   ⏳  Ronda 18 — aún no disputada
   ⏳  Ronda 19 — aún no disputada
   ⏳  Ronda 20 — aún no disputada
   ⏳  Ronda 21 — aún no disputada
   ⏳  Ronda 22 — aún no disputada
   Completadas : [1, 2, 3, 4, 5, 6, 7, 8, 9, 10]
   Próxima     : Ronda 11
🏆  Descargando standings de pilotos...
🏗   Descargando standings de constructores...
🏁  Descargando resultados de 10 carrera(s)...
⏱   Descargando resultados de clasificación...
🏃  Descargando resultados de sprint...

🔍  Descargando session keys de OpenF1...
   ✅  126 sesiones encontradas en OpenF1
🔍  Verificando disponibilidad de datos de telemetría...
   ✅  OpenF1 tiene datos de vueltas — usando OpenF1 como fuente primaria
🔴  Degradación de neumáticos (OpenF1)...
🚀  Rendimiento vuelta 1 (OpenF1)...
   ⏳  Rate limit — esperando 1s...
   ⏳  Rate limit — esperando 2s...
   ⏳  Rate limit — esperando 4s...
   ⏳  Rate limit — esperando 1s...
   ⏳  Rate limit — esperando 2s...
   ⏳  Rate limit — esperando 4s...
   ⏳  Rate limit — esperando 1s...
   ⏳  Rate limit — esperando 2s...
   ⏳  Rate limit — esperando 4s...
   ⏳  Rate limit — esperando 1s...
📈  Consistencia de vueltas (OpenF1)...
🏋   Ritmo de prácticas libres normalizado (OpenF1)...
   ⏳  Rate limit — esperando 1s...
   ⏳  Rate limit — esperando 2s...
   ⏳  Rate limit — esperando 4s...
   ⏳  Rate limit — esperando 1s...
   ⏳  Rate limit — esperando 2s...
   ⏳  Rate limit — esperando 4s...
   ⏳  Rate limit — esperando 1s...
   ⏳  Rate limit — esperando 2s...
   ⏳  Rate limit — esperando 4s...
   ⏳  Rate limit — esperando 1s...
   ⏳  Rate limit — esperando 2s...
   ⏳  Rate limit — esperando 4s...
🟡  Rendimiento bajo Safety Car (OpenF1)...
   ⏳  Rate limit — esperando 1s...
   ⏳  Rate limit — esperando 2s...
   ⏳  Rate limit — esperando 4s...
   ⏳  Rate limit — esperando 1s...
   ⏳  Rate limit — esperando 2s...
   ⏳  Rate limit — esperando 4s...
   ⏳  Rate limit — esperando 1s...
   ⏳  Rate limit — esperando 2s...
🔧  Pit stops (OpenF1)...
📋  Calculando penalizaciones acumuladas...
📍  Descargando historial de Hungaroring (hungaroring) — últimos 3 años...
   ✅  60 resultados en 3 temporadas — 20 pilotos con ≥2 visitas
🔢  Tiempos por sector (OpenF1)...
   ⏳  Rate limit — esperando 1s...
   ⏳  Rate limit — esperando 2s...
   ⏳  Rate limit — esperando 4s...
   ⏳  Rate limit — esperando 1s...
   ⏳  Rate limit — esperando 2s...
   ⏳  Rate limit — esperando 4s...
🗂   Calculando perfil por tipo de circuito...
🔑  Gap qualifying vs compañero (OpenF1)...
   ⏳  Rate limit — esperando 1s...
   ⏳  Rate limit — esperando 2s...
   ⏳  Rate limit — esperando 4s...
   ⏳  Rate limit — esperando 1s...
   ⏳  Rate limit — esperando 2s...
   ⏳  Rate limit — esperando 4s...
   📊  Fuente de datos de vuelta: OpenF1
   🏁  Circuito: Hungaroring
   🗂   Tipo: technical  |  Dificultad adelantar: 0.80
   ⚖   Peso qualifying dinámico: 34.8%

🎯  Descargando datos pre-carrera del próximo GP (Ronda 11)...
🏆  Descargando clasificación del próximo GP (sk=11338)...
   ⏳  Rate limit — esperando 1s...
   ⏳  Rate limit — esperando 2s...
   ⏳  Rate limit — esperando 4s...
   ⚠  Sin datos de clasificación para el próximo GP
   ✅  Prácticas del próximo GP disponibles: FP1, FP2, FP3
   🔷  Speed trap classes: i1=high (276 km/h), i2=high (229 km/h)
   🏁  Race sims FP1 detectados: 15 pilotos (ref campo: 87.274s)

🔴  Calculando inventario de neumáticos (sesiones completadas)...
   📊  Tyre inventory FP1 R11: 22 pilotos (fetched)
   📊  Tyre inventory FP2 R11: 21 pilotos (fetched)
   📊  Tyre inventory FP3 R11: 22 pilotos (fetched)

🏎️  Corner telemetry analysis (FastF1)...
   📡  Cargando telemetría FastF1 Q R11 (Hungaroring) — puede tardar ~30–60 s...
   🏎️  Corner telemetry: qualifying session not yet available for R11 (The data you are trying to access has not been loaded yet. See `Session.load`)
   ⏳  Clasificación del próximo GP aún no disponible
   ✅  Prácticas del próximo GP cargadas (27 pilotos)
🌤   Consultando datos de clima (Open-Meteo)...
   🕐  Inicio de carrera: 13:00 UTC  /  15:00 local (Europe/Budapest)
   📡  Ventana de pronóstico: 14:00–17:00 local (3h: 1h antes + 2h después de la salida)
   📊  Pronóstico horario (nowcast omitido: carrera en 20h > 6h)
   ✅  Clima obtenido para Hungaroring (Budapest, Hungary)
🚦  Buscando penalizaciones de parrilla...

🧬  Cargando perfiles comportamentales...
   📂  Perfiles cargados desde caché (0.0d antigüedad, 29 pilotos)

   📊  TOP 5 POR MÉTRICA COMPORTAMENTAL 2023-2025:
   Adelantadores netos desde P6-P15:
     1. VER    +5.111
     2. PER    +4.579
     3. HAM    +2.621
     4. RUS    +1.833
     5. LEC    +1.824
   Consistencia en clasificación (σ vs compañero):
     1. SAR    +2.716
     2. BOT    +3.475
     3. ZHO    +3.475
     4. DEV    +3.606
     5. HAD    +3.991
   Especialistas en lluvia (neg = mejor en mojado):
     1. SAR    -5.513
     2. ALB    -5.174
     3. BOT    -4.919
     4. OCO    -4.498
     5. ZHO    -4.182
   Fiabilidad histórica 2023-2025 (menor DNF%):
     1. VER    +0.033
     2. NOR    +0.100
     3. HAM    +0.117
     4. RUS    +0.133
     5. PIA    +0.150
   Gestión de neumáticos (ganancia últimas 20% vueltas):
     1. COL    +0.375
     2. DEV    +0.222
     3. PER    +0.154
     4. STR    +0.143
     5. VER    +0.140


🎙️  Analizando sentimiento de rueda de prensa...
   🌐  Transcripción encontrada: https://www.fia.com/news/2026-hungarian-grand-prix-thursday-press-conf...

🔨  Construyendo matriz de features...
   🔥  Rachas de podio activas:
      LEC    2 carreras top-3 consecutivas (score=0.30)
      ANT    1 carreras top-3 consecutivas (score=0.15)
      VER    1 carreras top-3 consecutivas (score=0.15)
   💥  Post-DNF bounce (última carrera): ALO, BOT, PER, RUS, STR
   🏎  Affinity top 5 (menor pos. media = más afinidad al circuito):
      NOR    1.67
      PIA    2.67
      LEC    5.00
      VER    5.00
      PER    5.00
   ⚠  Sin datos de sector del próximo GP — sector_balance neutral
   🔴  Top 5 ritmo SOFT vs campo (negativo = más rápido):
      ANT    -0.345%
      HUL    +0.000%
      RUS    +0.101%
      HAM    +0.101%
      VER    +0.101%
   🔴  Top 5 ritmo MEDIUM vs campo (negativo = más rápido):
      RUS    -2.619%
      NOR    -2.340%
      PIA    -1.513%
      GAS    -0.508%
      BEA    -0.302%
   🏎  Top 5 gestión de neumáticos FP2 (s/vuelta, menor = mejor):
      ALB    -0.3961 s/lap
      HUL    -0.3770 s/lap
      COL    -0.1636 s/lap
      SAI    +0.2664 s/lap
      RUS    +0.3702 s/lap
   🔷  Top 5 perfil de curvas (technical, negativo = más rápido):
      LIN    +4.804%
      HAM    +4.880%
      HUL    +5.268%
      BOR    +5.484%
      NOR    +6.759%
   🏁  Top 5 ritmo carrera FP1 (negativo = más rápido vs campo):
      HAD    -3.133%
      LAW    -1.554%
      HUL    -1.479%
      ALB    -0.986%
      LIN    -0.902%
   🧬  Perfiles comportamentales: 21/22 pilotos con datos 2023-2025
   🔍  IsolationForest: 2 anomalías (0 sandbagging, 0 struggling, 0 race threats)
      PIA    +0.997  ███████████████████
      ANT    +0.987  ███████████████████
      COL    +0.985  ███████████████████
      BOR    +0.985  ███████████████████
      STR    +0.983  ███████████████████

🔴  Inventario de neumáticos (sesiones de práctica completadas):
   61   : 7 soft new, 1 med new, 2 hard new
   50   : 7 soft new, 0 med new, 2 hard new
   STR  : 7 soft new, 2 med new, 1 hard new
   67   : 7 soft new, 0 med new, 2 hard new
   25   : 7 soft new, 3 med new, 1 hard new
   72   : 7 soft new, 2 med new, 2 hard new
   LIN  : 5 soft new, 0 med new, 1 hard new
   BOR  : 5 soft new, 2 med new, 1 hard new
   PER  : 5 soft new, 2 med new, 1 hard new
   COL  : 5 soft new, 2 med new, 2 hard new
   BOT  : 5 soft new, 2 med new, 2 hard new
   PIA  : 4 soft new, 2 med new, 2 hard new
   BEA  : 4 soft new, 0 med new, 2 hard new
   OCO  : 4 soft new, 0 med new, 2 hard new
   SAI  : 4 soft new, 1 med new, 1 hard new
   RUS  : 4 soft new, 0 med new, 2 hard new
   HAD  : 4 soft new, 0 med new, 0 hard new
   HUL  : 4 soft new, 0 med new, 0 hard new
   ALB  : 4 soft new, 2 med new, 1 hard new
   ANT  : 4 soft new, 2 med new, 2 hard new
   ALO  : 4 soft new, 1 med new, 1 hard new
   RIC  : 4 soft new, 1 med new, 2 hard new
   GAS  : 3 soft new, 0 med new, 2 hard new  ⚠ BAJO
   LEC  : 3 soft new, 1 med new, 2 hard new  ⚠ BAJO
   HAM  : 3 soft new, 1 med new, 2 hard new  ⚠ BAJO
   NOR  : 2 soft new, 1 med new, 2 hard new  ⚠ BAJO
   LAW  : 2 soft new, 0 med new, 2 hard new  ⚠ BAJO
   (field avg: 4.6 soft new remaining)

🧠  Cargando priors bayesianos...
   📂  Primera ejecución — sin priors previos

💾  Modo modelo: full retrain (guardado R-1 → actual R10)

🤖  Activando XGBoost + LightGBM + GP — Quali+Race (10 carreras ≥ 6)...
   🏎  XGB quali model → pole predicted: ANT (P1.6)
   ✅  XGBoost Race MAE (LOO): 4.14 posiciones
   ✅  XGBoost: entrenamiento completo (220 muestras)
   📊  Top features XGBoost (race model):
      dnf_rate               0.554  ███████████████████████████████████████████████████████
      momentum_pos           0.104  ██████████
      avg_finish             0.077  ███████
      avg_grid               0.037  ███
      champ_pts              0.031  ███
   ⚠  lightgbm no instalado — omitiendo LGBM
   🌊  GP top-5 predicciones (σ = incertidumbre por datos escasos):
      HAM   P 4.4  σ=5.00  ▪▪▪▪▪▪▪▪▪▪▪▪▪▪▪▪▪▪▪▪
      ANT   P 4.5  σ=5.07  ▪▪▪▪▪▪▪▪▪▪▪▪▪▪▪▪▪▪▪▪
      LEC   P 6.8  σ=5.02  ▪▪▪▪▪▪▪▪▪▪▪▪▪▪▪▪▪▪▪▪
      RUS   P 7.3  σ=5.02  ▪▪▪▪▪▪▪▪▪▪▪▪▪▪▪▪▪▪▪▪
      PIA   P 7.5  σ=5.00  ▪▪▪▪▪▪▪▪▪▪▪▪▪▪▪▪▪▪▪▪
   🔧  Kernel optimizado: RBF(length_scale=10) + WhiteKernel(noise_level=0.592)
   ✅  GP: 220 muestras, 21 features
   🔄  Aplicando feedback XGBoost a pesos manuales...

   📊  Importancias blend (XGB+LGBM):
      dnf_rate                   0.554  
      momentum_pos               0.105  
      avg_finish                 0.077  
      avg_grid                   0.036  
      champ_pts                  0.031  
      fp_avg_delta               0.029  
      sprint_pts                 0.027  
      fl_rate                    0.024  
      predicted_quali_pos        0.020  
      overtaking_ability         0.017  
   🏆  Top feature esta carrera: dnf_rate (0.554)
   ⚠  No se pudieron guardar priors: Object of type float32 is not JSON serializable

🧠  LSTM momentum model...
   🧠  LSTM dormant (10/12 races)

🕸️  GNN overtaking model...
   🕸️  GNN dormant (10/12 races)

🔩  Calculando fiabilidad y riesgo por componente...

🏎️  Pirelli compound selection...
   🏎️  Compounds (cached): C3/C4/C5 → softness 1.00  [confirmed ✓]
🎲  Corriendo 10,000 simulaciones Monte Carlo...
   🚦  SC/VSC prob: 60%  (λ=0.92, ~0.9 SC esperados por carrera)
   🔁  Undercut prob: 38%  (ventana óptima laps 25–30, compound scale ×1.10)
   🥊  Head-to-head: 0/231 pares lopsided (>95% / <5%)
   ✅  Simulaciones completadas.
💾  Head-to-head matrix guardada en: f1_runs/R11_H2H_MATRIX.csv

🧠  Actualizando priors bayesianos con carrera 10...
   ⚠  No se pudieron guardar priors: Object of type float32 is not JSON serializable
   💾  Priors guardados en: ./f1_2026_bayesian_priors.json
   📊  Mayores ajustes acumulados:
      RUS: ×0.877 (⬇ sobreestimado)
      ALB: ×1.034 (⬆ subestimado)
      BOR: ×1.027 (⬆ subestimado)
   ⚠  No se pudieron guardar priors: Object of type float32 is not JSON serializable

📐  Brier Score R8 (Austrian Grand Prix) [bootstrapped]: 0.0315  (predicho: RUS  |  ganador real: RUS)

🔄  Corriendo validación LOO (10 carreras)...

📐  VALIDACIÓN LOO — Historial de temporada (Leave-One-Race-Out)
  Rd   Carrera                            Brier    Pred   Real   Roll-3
  ────────────────────────────────────────────────────────────────────
  R1   Australian Grand Prix              0.0426  HAM    RUS     [0.0426]
  R2   Chinese Grand Prix                 0.0423  HAM    ANT     [0.0425]
  R3   Japanese Grand Prix                0.0425  RUS    ANT     [0.0425]
  R4   Miami Grand Prix                   0.0425  HAM    ANT     [0.0424]
  R5   Canadian Grand Prix                0.0425  HAM    ANT     [0.0425]
  R6   Monaco Grand Prix                  0.0424  HAM    ANT     [0.0425]
  R7   Barcelona Grand Prix               0.0428  RUS    HAM     [0.0426]
  R8   Austrian Grand Prix                0.0410  HAM    RUS     [0.0421]
  R9   British Grand Prix                 0.0583  ANT    LEC     [0.0474]
  R10  Belgian Grand Prix                 0.0439  HAM    ANT     [0.0477]
  ────────────────────────────────────────────────────────────────────
  Media LOO                               0.0441   (0/10 ganadores correctos)
  Tendencia (ú3 vs p3): 0.0425 → 0.0477  [↓ empeorando]

📏  CALIBRACIÓN DEL MODELO (10 carreras LOO)
  Bucket    Predicciones  Ganadas  Tasa real  Estado
  ────────────────────────────────────────────────────────────
  0-5%               180        2       1.1%  ✓ calibrado
  5-10%               36        8      22.2%  ~ subestimado
  10-15%               3        0       0.0%  ~ sobreestimado
  15-20%               —        —          —  —
  20%+                 1        0       0.0%  ↑ muy sobreestimado
  ────────────────────────────────────────────────────────────
  Calibration score (MAE): 21.18pp  [mejorable]  (0 = perfecto, <5pp = bueno)

   🔬  Stacking meta-modelo — pesos aprendidos por tipo de circuito:
      high_speed  : XGB 0.50  LGBM 0.50  (5 rondas)
      street      : XGB 0.50  LGBM 0.50  (2 rondas)
      technical   : XGB 0.50  LGBM 0.50  (1 rondas)
      mixed       : XGB 0.50  LGBM 0.50  (2 rondas)
   💾  Meta-modelo guardado (10 rondas, R10)
   ⚠  No se pudieron guardar priors: Object of type float32 is not JSON serializable

══════════════════════════════════════════════════════════════════════
  🏎   F1 2026  ·  PREDICCIÓN DE CARRERA
══════════════════════════════════════════════════════════════════════
  Carrera         : Hungarian Grand Prix
  Circuito        : Hungaroring  —  Hungary
  Fecha           : 2026-07-26
  Carreras usadas : 10
  Modelo          : XGBoost Quali+Race + Feedback Loop
  Clima           : ☀  Seco esperado  |  Pista ~33°C  |  Humedad 47%  [horario]
══════════════════════════════════════════════════════════════════════

  📊  TABLA 1 — PREDICCIÓN DE VICTORIA

╭─────┬───────────────────────┬──────────────┬───────┬─────────────────────────────┬──────────────┬────────────┬─────────────╮
│     │ Piloto                │ Equipo       │   Pts │ 🎲 Ganar MC                  │ 🏆 Podio MC   │   Pos Esp. │ Intervalo   │
├─────┼───────────────────────┼──────────────┼───────┼─────────────────────────────┼──────────────┼────────────┼─────────────┤
│  🥇  │ Andrea Kimi Antonelli │ Mercedes     │   204 │ 20.0%  █████████░░░░░░░░░░░ │ 42.9%        │        5   │ P1 – P11    │
│  🥈  │ Lewis Hamilton        │ Ferrari      │   159 │ 13.4%  ██████░░░░░░░░░░░░░░ │ 33.9%        │        6.1 │ P1 – P12    │
│  🥉  │ Charles Leclerc       │ Ferrari      │   126 │ 8.7%  ████░░░░░░░░░░░░░░░░  │ 23.9%        │        6.9 │ P1 – P13    │
│ 4.  │ George Russell        │ Mercedes     │   154 │ 7.3%  ███░░░░░░░░░░░░░░░░░  │ 22.0%        │        7.2 │ P2 – P13    │
│ 5.  │ Max Verstappen        │ Red Bull     │    91 │ 5.1%  ██░░░░░░░░░░░░░░░░░░  │ 16.7%        │        7.7 │ P2 – P14    │
│ 6.  │ Lando Norris          │ McLaren      │   103 │ 6.1%  ███░░░░░░░░░░░░░░░░░  │ 19.1%        │        7.2 │ P2 – P13    │
│ 7.  │ Oscar Piastri         │ McLaren      │    92 │ 6.1%  ███░░░░░░░░░░░░░░░░░  │ 18.3%        │        7.4 │ P2 – P13    │
│ 8.  │ Isack Hadjar          │ Red Bull     │    60 │ 3.2%  █░░░░░░░░░░░░░░░░░░░  │ 11.7%        │        8.6 │ P3 – P14    │
│ 9.  │ Liam Lawson           │ Racing Bulls │    39 │ 3.9%  █░░░░░░░░░░░░░░░░░░░  │ 13.2%        │        7.9 │ P2 – P14    │
│ 10. │ Arvid Lindblad        │ Racing Bulls │    22 │ 2.9%  █░░░░░░░░░░░░░░░░░░░  │ 10.3%        │        8.2 │ P2 – P14    │
│ 11. │ Pierre Gasly          │ Alpine       │    42 │ 3.4%  █░░░░░░░░░░░░░░░░░░░  │ 11.7%        │        8.3 │ P2 – P14    │
│ 12. │ Gabriel Bortoleto     │ Audi         │    10 │ 2.7%  █░░░░░░░░░░░░░░░░░░░  │ 10.1%        │        8.4 │ P3 – P14    │
│ 13. │ Franco Colapinto      │ Alpine       │    19 │ 2.9%  █░░░░░░░░░░░░░░░░░░░  │ 9.7%         │        8.6 │ P3 – P14    │
│ 14. │ Oliver Bearman        │ Haas         │    18 │ 2.1%  █░░░░░░░░░░░░░░░░░░░  │ 8.3%         │        8.6 │ P3 – P14    │
│ 15. │ Nico Hülkenberg       │ Audi         │     0 │ 2.1%  █░░░░░░░░░░░░░░░░░░░  │ 7.7%         │        8.9 │ P3 – P15    │
│ 16. │ Carlos Sainz          │ Williams     │     6 │ 2.0%  █░░░░░░░░░░░░░░░░░░░  │ 7.7%         │        8.9 │ P3 – P15    │
│ 17. │ Esteban Ocon          │ Haas         │     3 │ 1.8%  ░░░░░░░░░░░░░░░░░░░░  │ 7.8%         │        9   │ P3 – P15    │
│ 18. │ Sergio Pérez          │ Cadillac     │     0 │ 1.9%  ░░░░░░░░░░░░░░░░░░░░  │ 6.7%         │        9.2 │ P3 – P15    │
│ 19. │ Fernando Alonso       │ Aston Martin │     1 │ 1.0%  ░░░░░░░░░░░░░░░░░░░░  │ 4.1%         │       10   │ P4 – P15    │
│ 20. │ Alexander Albon       │ Williams     │     5 │ 1.4%  ░░░░░░░░░░░░░░░░░░░░  │ 6.3%         │        9.3 │ P3 – P15    │
│ 21. │ Valtteri Bottas       │ Cadillac     │     0 │ 1.3%  ░░░░░░░░░░░░░░░░░░░░  │ 5.1%         │        9.5 │ P3 – P15    │
│ 22. │ Lance Stroll          │ Aston Martin │     0 │ 0.7%  ░░░░░░░░░░░░░░░░░░░░  │ 2.9%         │       10.3 │ P4 – P15    │
╰─────┴───────────────────────┴──────────────┴───────┴─────────────────────────────┴──────────────┴────────────┴─────────────╯

  📈  PROBABILIDADES — Ganar & Podio  (todos los pilotos)

    ANT     20.0% win  (P10: 15.0% — P90: 25.0%)  │   42.9% podio
    HAM     13.4% win  (P10: 10.0% — P90: 17.1%)  │   33.9% podio
    LEC      8.7% win  (P10: 6.0% — P90: 12.0%)  │   23.9% podio
    RUS      7.3% win  (P10: 4.0% — P90: 11.0%)  │   22.0% podio
    VER      5.1% win  (P10: 2.0% — P90: 8.0%)  │   16.7% podio
    NOR      6.1% win  (P10: 3.0% — P90: 9.1%)  │   19.1% podio
    PIA      6.1% win  (P10: 3.0% — P90: 10.1%)  │   18.3% podio
    HAD      3.2% win  (P10: 1.0% — P90: 6.0%)  │   11.7% podio
    LAW      3.9% win  (P10: 2.0% — P90: 6.0%)  │   13.2% podio
    LIN      2.9% win  │   10.3% podio
    GAS      3.4% win  (P10: 1.0% — P90: 5.0%)  │   11.7% podio
    BOR      2.7% win  │   10.1% podio
    COL      2.9% win  │    9.7% podio
    BEA      2.1% win  │    8.3% podio
    HUL      2.1% win  │    7.7% podio
    SAI      2.0% win  │    7.7% podio
    OCO      1.8% win  │    7.8% podio
    PER      1.9% win  │    6.7% podio
    ALO      1.0% win  │    4.1% podio
    ALB      1.4% win  │    6.3% podio
    BOT      1.3% win  │    5.1% podio
    STR      0.7% win  │    2.9% podio

  🔮  Predicción más incierta       : STR (epistémica: 0.00, aleatoria: 3.0)


  🔬  TABLA 2 — DETALLE TÉCNICO  (Top 10)

╭─────┬───────────────────────┬──────────────┬────────────┬────────────┬────────────┬─────────┬─────────────┬────────────┬───────────────╮
│     │ Piloto                │ Qualy Next   │ FP Next%   │   Fin Prom │   Forma(3) │ Fiab%   │ DNFs/Carr   │   Deg Neum │   Δ Compañero │
├─────┼───────────────────────┼──────────────┼────────────┼────────────┼────────────┼─────────┼─────────────┼────────────┼───────────────┤
│  🥇  │ Andrea Kimi Antonelli │ P22          │ -0.43%     │        5.6 │         15 │ 90.0%   │ 1/10        │     -4.246 │           2.7 │
│  🥈  │ Lewis Hamilton        │ P22          │ -1.92%     │        3.5 │         13 │ 95.6%   │ 0/10        │     -4.006 │           2.9 │
│  🥉  │ Charles Leclerc       │ P22          │ -1.87%     │        4.7 │         17 │ 84.4%   │ 2/10        │     -0.209 │          -2.9 │
│ 4.  │ George Russell        │ P22          │ -1.05%     │        6.4 │         10 │ 84.4%   │ 2/10        │     -0.491 │          -2.7 │
│ 5.  │ Max Verstappen        │ P22          │ +0.00%     │        5.9 │         11 │ 78.9%   │ 3/10        │     -0.713 │           0.5 │
│ 6.  │ Lando Norris          │ P22          │ -1.31%     │        6.3 │          8 │ 78.9%   │ 3/10        │     -0.237 │          -0.4 │
│ 7.  │ Oscar Piastri         │ P22          │ -0.72%     │        6.5 │          7 │ 78.9%   │ 3/10        │     -5.851 │           0.4 │
│ 8.  │ Isack Hadjar          │ P22          │ -0.17%     │        6   │          9 │ 73.3%   │ 4/10        │     -0.406 │          -0.5 │
│ 9.  │ Liam Lawson           │ P22          │ -0.82%     │        9   │          3 │ 67.8%   │ 5/10        │     -4.676 │           1.5 │
│ 10. │ Arvid Lindblad        │ P22          │ -0.41%     │        8.9 │          3 │ 62.2%   │ 6/10        │     -3.86  │          -1.5 │
╰─────┴───────────────────────┴──────────────┴────────────┴────────────┴────────────┴─────────┴─────────────┴────────────┴───────────────╯

  ──────────────────────────────────────────────────────────────────────
  ✅  PROBABLE GANADOR  :  Andrea Kimi Antonelli  (Mercedes)
  🎲  Monte Carlo       :  20.0% ganar  |  42.9% podio  |  89.9% terminar
  📊  Posición esperada :  5.0  (intervalo P10=1 – P90=11)
──────────────────────────────────────────────────────────────────────
  ⚠   Modelo estadístico + 10,000 simulaciones Monte Carlo.
      Estrategia, clima y mecánica pueden cambiar cualquier predicción.

💾  Resultados guardados en: f1_2026_predicciones.csv


[exit 0]
