# F1 Auto Runner — R12 / SQ
# Started : 2026-08-21T16:29:41.049919+00:00
############################################################

>>> f1_2026_predictor.py

📅  Descargando calendario 2026...
   ✅  23 carreras encontradas en el calendario.

📅  Calendario 2026: 23 carreras
🔍  Verificando rondas completadas...
   ✅  Ronda 1: Australian Grand Prix — completa
   ✅  Ronda 2: Chinese Grand Prix — completa
   ✅  Ronda 3: Japanese Grand Prix — completa
   ✅  Ronda 4: Miami Grand Prix — completa
   ✅  Ronda 5: Canadian Grand Prix — completa
   ✅  Ronda 6: Monaco Grand Prix — completa
   ✅  Ronda 7: Barcelona Grand Prix — completa
   ✅  Ronda 8: Austrian Grand Prix — completa
   ✅  Ronda 9: British Grand Prix — completa
   ✅  Ronda 10: Belgian Grand Prix — completa
   ✅  Ronda 11: Hungarian Grand Prix — completa
   ⏳  Ronda 12 — aún no disputada
   ⏳  Ronda 13 — aún no disputada
   ⏳  Ronda 14 — aún no disputada
   ⏳  Ronda 15 — aún no disputada
   ⏳  Ronda 16 — aún no disputada
   ⏳  Ronda 17 — aún no disputada
   ⏳  Ronda 18 — aún no disputada
   ⏳  Ronda 19 — aún no disputada
   ⏳  Ronda 20 — aún no disputada
   ⏳  Ronda 21 — aún no disputada
   ⏳  Ronda 22 — aún no disputada
   ⏳  Ronda 23 — aún no disputada
   Completadas : [1, 2, 3, 4, 5, 6, 7, 8, 9, 10, 11]
   Próxima     : Ronda 12
🏆  Descargando standings de pilotos...
🏗   Descargando standings de constructores...
🏁  Descargando resultados de 11 carrera(s)...
⏱   Descargando resultados de clasificación...
🏃  Descargando resultados de sprint...

🔍  Descargando session keys de OpenF1...
   ✅  131 sesiones encontradas en OpenF1
🔍  Verificando disponibilidad de datos de telemetría...
   ✅  OpenF1 tiene datos de vueltas — usando OpenF1 como fuente primaria
🔴  Degradación de neumáticos (OpenF1)...
   ⏳  Rate limit — esperando 1s...
   ⏳  Rate limit — esperando 2s...
   ⏳  Rate limit — esperando 4s...
   ⏳  Rate limit — esperando 1s...
   ⏳  Rate limit — esperando 2s...
   ⏳  Rate limit — esperando 4s...
🚀  Rendimiento vuelta 1 (OpenF1)...
📈  Consistencia de vueltas (OpenF1)...
   ⏳  Rate limit — esperando 1s...
   ⏳  Rate limit — esperando 2s...
   ⏳  Rate limit — esperando 4s...
   ⏳  Rate limit — esperando 1s...
   ⏳  Rate limit — esperando 2s...
   ⏳  Rate limit — esperando 4s...
   ⏳  Rate limit — esperando 1s...
   ⏳  Rate limit — esperando 2s...
   ⏳  Rate limit — esperando 4s...
🏋   Ritmo de prácticas libres normalizado (OpenF1)...
   ⏳  Rate limit — esperando 1s...
   ⏳  Rate limit — esperando 2s...
   ⏳  Rate limit — esperando 4s...
   ⏳  Rate limit — esperando 1s...
   ⏳  Rate limit — esperando 2s...
   ⏳  Rate limit — esperando 4s...
   ⏳  Rate limit — esperando 1s...
   ⏳  Rate limit — esperando 2s...
   ⏳  Rate limit — esperando 4s...
   ⏳  Rate limit — esperando 1s...
   ⏳  Rate limit — esperando 2s...
   ⏳  Rate limit — esperando 4s...
   ⏳  Rate limit — esperando 1s...
   ⏳  Rate limit — esperando 2s...
🟡  Rendimiento bajo Safety Car (OpenF1)...
   ⏳  Rate limit — esperando 1s...
   ⏳  Rate limit — esperando 2s...
   ⏳  Rate limit — esperando 4s...
   ⏳  Rate limit — esperando 1s...
   ⏳  Rate limit — esperando 2s...
   ⏳  Rate limit — esperando 4s...
   ⏳  Rate limit — esperando 1s...
   ⏳  Rate limit — esperando 2s...
   ⏳  Rate limit — esperando 4s...
   ⏳  Rate limit — esperando 1s...
   ⏳  Rate limit — esperando 2s...
   ⏳  Rate limit — esperando 4s...
🔧  Pit stops (OpenF1)...
📋  Calculando penalizaciones acumuladas...
📍  Descargando historial de Circuit Park Zandvoort (zandvoort) — últimos 3 años...
   ✅  60 resultados en 3 temporadas — 20 pilotos con ≥2 visitas
🔢  Tiempos por sector (OpenF1)...
   ⏳  Rate limit — esperando 1s...
   ⏳  Rate limit — esperando 2s...
   ⏳  Rate limit — esperando 4s...
   ⏳  Rate limit — esperando 1s...
   ⏳  Rate limit — esperando 2s...
   ⏳  Rate limit — esperando 4s...
🗂   Calculando perfil por tipo de circuito...
🔑  Gap qualifying vs compañero (OpenF1)...
   ⏳  Rate limit — esperando 1s...
   📊  Fuente de datos de vuelta: OpenF1
   🏁  Circuito: Circuit Park Zandvoort
   🗂   Tipo: technical  |  Dificultad adelantar: 0.70
   ⚖   Peso qualifying dinámico: 33.2%
   🏃  Sprint weekend — R12 Circuit Park Zandvoort: FP1 only, no FP2/FP3 — FP1 long stints proxy race pace

🎯  Descargando datos pre-carrera del próximo GP (Ronda 12)...
🏆  Descargando clasificación del próximo GP (sk=11349)...
   ⚠  Sin datos de clasificación para el próximo GP
   🏃  Sprint weekend (R12): FP1 is the only practice session — FP2/FP3 do not exist
   ⚠  Sprint weekend: using FP1 long runs as race sim proxy (fp2_next_longrun derived from FP1)
   ✅  Prácticas del próximo GP disponibles: FP1
   🔷  Speed trap classes: i1=high (275 km/h), i2=high (269 km/h)
   🏁  Race sims FP1 detectados: 21 pilotos (ref campo: 91.043s)
⚡  Descargando Sprint Qualifying del próximo GP (sk=11344)...
   ✅  22 pilotos en Sprint Qualifying del próximo GP
   ⚡  SQ POLE: RUS — 71.567s

🔴  Calculando inventario de neumáticos (sesiones completadas)...
   📊  Tyre inventory FP1 R12: 22 pilotos (fetched)

🏎️  Corner telemetry analysis (FastF1)...
   ℹ️  Corner telemetry: 'Circuit Park Zandvoort' not in CIRCUIT_CORNERS — neutral
   ⏳  Clasificación del próximo GP aún no disponible
   ✅  Prácticas del próximo GP cargadas (22 pilotos)
   ✅  Sprint Qualifying cargado (22 pilotos)
🌤   Consultando datos de clima (Open-Meteo)...
   🕐  Inicio de carrera: 13:00 UTC  /  15:00 local (Europe/Amsterdam)
   📡  Ventana de pronóstico: 14:00–17:00 local (3h: 1h antes + 2h después de la salida)
   📊  Pronóstico horario (nowcast omitido: carrera en 44h > 6h)
   ✅  Clima obtenido para Circuit Park Zandvoort (Zandvoort, Netherlands)
🚦  Buscando penalizaciones de parrilla...

🧬  Cargando perfiles comportamentales...
   📂  Perfiles cargados desde caché (0.0d antigüedad, 29 pilotos)

   📊  TOP 5 POR MÉTRICA COMPORTAMENTAL 2023-2025:
   Adelantadores netos desde P6-P15:
     1. VER    +5.111
     2. PER    +4.579
     3. HAM    +2.621
     4. RUS    +1.833
     5. LEC    +1.824
   Consistencia en clasificación (σ vs compañero):
     1. SAR    +2.716
     2. BOT    +3.475
     3. ZHO    +3.475
     4. DEV    +3.606
     5. HAD    +3.991
   Especialistas en lluvia (neg = mejor en mojado):
     1. SAR    -5.513
     2. ALB    -5.174
     3. BOT    -4.919
     4. OCO    -4.498
     5. ZHO    -4.182
   Fiabilidad histórica 2023-2025 (menor DNF%):
     1. VER    +0.033
     2. NOR    +0.100
     3. HAM    +0.117
     4. RUS    +0.133
     5. PIA    +0.150
   Gestión de neumáticos (ganancia últimas 20% vueltas):
     1. COL    +0.375
     2. DEV    +0.222
     3. PER    +0.154
     4. STR    +0.143
     5. VER    +0.140


🎙️  Analizando sentimiento de rueda de prensa...
   ℹ️   Sin transcripción para R12 — sentimiento neutral

🔨  Construyendo matriz de features...
   🔥  Rachas de podio activas:
      ANT    2 carreras top-3 consecutivas (score=0.30)
      VER    2 carreras top-3 consecutivas (score=0.30)
      NOR    1 carreras top-3 consecutivas (score=0.15)
   💥  Post-DNF bounce (última carrera): ALB, ALO, BEA, BOR, BOT, COL, GAS, HUL, LAW, LIN, OCO, PER, PIA, SAI, STR
   🏎  Affinity top 5 (menor pos. media = más afinidad al circuito):
      VER    1.67
      PIA    4.67
      PER    5.00
      SAI    7.67
      NOR    8.67
   ⚠  Sin datos de sector del próximo GP — sector_balance neutral
   🔴  Top 5 ritmo SOFT vs campo (negativo = más rápido):
      SAI    -6.625%
      PIA    -3.804%
      LIN    -2.996%
      BEA    -1.819%
      PER    -1.555%
   🔴  Top 5 ritmo MEDIUM vs campo (negativo = más rápido):
      ANT    -12.734%
      NOR    -12.179%
      OCO    -11.978%
      LEC    -6.450%
      RUS    -4.409%
   🏎  Top 5 gestión de neumáticos FP2 (s/vuelta, menor = mejor):
      GAS    -0.7628 s/lap
      LEC    +0.2637 s/lap
      HAM    +0.5949 s/lap
      COL    +0.7428 s/lap
      STR    +0.7720 s/lap
   🔷  Top 5 perfil de curvas (technical, negativo = más rápido):
      RUS    +5.286%
      ALO    +6.614%
      HAD    +6.679%
      HUL    +7.097%
      SAI    +7.442%
   🏁  Top 5 ritmo carrera FP1 (negativo = más rápido vs campo):
      OCO    -14.927%
      COL    -13.651%
      LEC    -7.466%
      HAM    -6.631%
      BOR    -6.042%
   🧬  Perfiles comportamentales: 21/22 pilotos con datos 2023-2025
   🔍  IsolationForest: 2 anomalías (0 sandbagging, 0 struggling, 0 race threats)
      COL    +0.996  ███████████████████
      PIA    +0.992  ███████████████████
      STR    +0.989  ███████████████████
      LAW    +0.988  ███████████████████
      ALO    +0.981  ███████████████████

🔴  Inventario de neumáticos (sesiones de práctica completadas):
   HUL  : 6 soft new, 3 med new, 1 hard new
   HAD  : 6 soft new, 3 med new, 0 hard new
   22   : 6 soft new, 3 med new, 0 hard new
   BOR  : 6 soft new, 3 med new, 0 hard new
   PIA  : 5 soft new, 3 med new, 2 hard new
   ANT  : 5 soft new, 3 med new, 2 hard new
   PER  : 5 soft new, 3 med new, 2 hard new
   STR  : 5 soft new, 3 med new, 2 hard new
   NOR  : 5 soft new, 3 med new, 2 hard new
   HAM  : 5 soft new, 3 med new, 2 hard new
   RUS  : 5 soft new, 3 med new, 2 hard new
   BEA  : 5 soft new, 2 med new, 2 hard new
   ALO  : 5 soft new, 3 med new, 2 hard new
   RIC  : 5 soft new, 4 med new, 1 hard new
   COL  : 5 soft new, 4 med new, 1 hard new
   BOT  : 5 soft new, 3 med new, 2 hard new
   LEC  : 5 soft new, 3 med new, 2 hard new
   LIN  : 5 soft new, 4 med new, 1 hard new
   GAS  : 5 soft new, 4 med new, 1 hard new
   SAI  : 4 soft new, 3 med new, 2 hard new
   OCO  : 4 soft new, 1 med new, 2 hard new
   ALB  : 3 soft new, 3 med new, 2 hard new  ⚠ BAJO
   (field avg: 5.0 soft new remaining)

🧠  Cargando priors bayesianos...
   📂  Primera ejecución — sin priors previos

💾  Modo modelo: full retrain (guardado R-1 → actual R11)

🤖  Activando XGBoost + LightGBM + GP — Quali+Race (11 carreras ≥ 6)...
   🏎  XGB quali model → pole predicted: ANT (P2.2)
   ✅  XGBoost Race MAE (LOO): 3.99 posiciones
   ✅  XGBoost: entrenamiento completo (242 muestras)
   📊  Top features XGBoost (race model):
      avg_finish             0.193  ███████████████████
      momentum_pos           0.181  ██████████████████
      avg_sector_delta       0.128  ████████████
      dnf_rate               0.086  ████████
      predicted_quali_pos    0.053  █████
   ⚠  lightgbm no instalado — omitiendo LGBM
   🌊  GP top-5 predicciones (σ = incertidumbre por datos escasos):
      ANT   P 4.4  σ=5.01  ▪▪▪▪▪▪▪▪▪▪▪▪▪▪▪▪▪▪▪▪
      HAM   P 4.5  σ=4.95  ▪▪▪▪▪▪▪▪▪▪▪▪▪▪▪▪▪▪▪▪
      LEC   P 6.8  σ=4.95  ▪▪▪▪▪▪▪▪▪▪▪▪▪▪▪▪▪▪▪▪
      RUS   P 7.3  σ=4.97  ▪▪▪▪▪▪▪▪▪▪▪▪▪▪▪▪▪▪▪▪
      NOR   P 7.3  σ=4.96  ▪▪▪▪▪▪▪▪▪▪▪▪▪▪▪▪▪▪▪▪
   🔧  Kernel optimizado: RBF(length_scale=10) + WhiteKernel(noise_level=0.581)
   ✅  GP: 242 muestras, 21 features
   🔄  Aplicando feedback XGBoost a pesos manuales...

   📊  Importancias blend (XGB+LGBM):
      avg_finish                 0.193  
      momentum_pos               0.181  
      avg_sector_delta           0.128  
      dnf_rate                   0.086  
      predicted_quali_pos        0.053  
      recent_form                0.037  
      quali_consistency          0.035  
      sprint_pts                 0.034  
      fp_avg_delta               0.032  
      avg_grid                   0.031  
   🏆  Top feature esta carrera: avg_finish (0.193)
   ⚠  No se pudieron guardar priors: Object of type float32 is not JSON serializable

🧠  LSTM momentum model...
   🧠  LSTM dormant (11/12 races)

🕸️  GNN overtaking model...
   🕸️  GNN dormant (11/12 races)

🔩  Calculando fiabilidad y riesgo por componente...

🏎️  Pirelli compound selection...
   🏎️  Compounds (cached): C3/C4/C5 → softness 1.00  [confirmed ✓]
🎲  Corriendo 10,000 simulaciones Monte Carlo...
   🚦  SC/VSC prob: 60%  (λ=0.92, ~0.9 SC esperados por carrera)
   🔁  Undercut prob: 33%  (ventana óptima laps 20–25, compound scale ×1.10)
   🌧️  Wet-skill adj (25% rain) — top boost: ALB +0.16%, PIA +0.13%, BOT +0.12%
   🥊  Head-to-head: 0/231 pares lopsided (>95% / <5%)
   ✅  Simulaciones completadas.
💾  Head-to-head matrix guardada en: f1_runs/R12_H2H_MATRIX.csv

🧠  Actualizando priors bayesianos con carrera 11...
   ⚠  No se pudieron guardar priors: Object of type float32 is not JSON serializable
   💾  Priors guardados en: ./f1_2026_bayesian_priors.json
   📊  Mayores ajustes acumulados:
      PIA: ×0.911 (⬇ sobreestimado)
      STR: ×1.054 (⬆ subestimado)
      HUL: ×1.041 (⬆ subestimado)
   ⚠  No se pudieron guardar priors: Object of type float32 is not JSON serializable

📐  Brier Score R8 (Austrian Grand Prix) [bootstrapped]: 0.0315  (predicho: RUS  |  ganador real: RUS)

🔄  Corriendo validación LOO (11 carreras)...

📐  VALIDACIÓN LOO — Historial de temporada (Leave-One-Race-Out)
  Rd   Carrera                            Brier    Pred   Real   Roll-3
  ────────────────────────────────────────────────────────────────────
  R1   Australian Grand Prix              0.0431  HAM    RUS     [0.0431]
  R2   Chinese Grand Prix                 0.0428  HAM    ANT     [0.0430]
  R3   Japanese Grand Prix                0.0429  RUS    ANT     [0.0429]
  R4   Miami Grand Prix                   0.0430  HAM    ANT     [0.0429]
  R5   Canadian Grand Prix                0.0424  VER    ANT     [0.0428]
  R6   Monaco Grand Prix                  0.0418  LEC    ANT     [0.0424]
  R7   Barcelona Grand Prix               0.0428  ANT    HAM     [0.0423]
  R8   Austrian Grand Prix                0.0397  RUS    RUS   ✓ [0.0414]
  R9   British Grand Prix                 0.0433  VER    LEC     [0.0419]
  R10  Belgian Grand Prix                 0.0428  HAM    ANT     [0.0419]
  R11  Hungarian Grand Prix               0.0422  ANT    NOR     [0.0428]
  ────────────────────────────────────────────────────────────────────
  Media LOO                               0.0424   (1/11 ganadores correctos)
  Tendencia (ú3 vs p3): 0.0429 → 0.0428  [→ estable]

📏  CALIBRACIÓN DEL MODELO (11 carreras LOO)
  Bucket    Predicciones  Ganadas  Tasa real  Estado
  ────────────────────────────────────────────────────────────
  0-5%               187        2       1.1%  ✓ calibrado
  5-10%               54        9      16.7%  ~ subestimado
  10-15%               1        0       0.0%  ~ sobreestimado
  15-20%               —        —          —  —
  20%+                 —        —          —  —
  ────────────────────────────────────────────────────────────
  Calibration score (MAE): 7.70pp  [mejorable]  (0 = perfecto, <5pp = bueno)

   🔬  Stacking meta-modelo — pesos aprendidos por tipo de circuito:
      high_speed  : XGB 0.50  LGBM 0.50  (5 rondas)
      street      : XGB 0.50  LGBM 0.50  (2 rondas)
      technical   : XGB 0.50  LGBM 0.50  (2 rondas)
      mixed       : XGB 0.50  LGBM 0.50  (2 rondas)
   💾  Meta-modelo guardado (11 rondas, R11)
   ⚠  No se pudieron guardar priors: Object of type float32 is not JSON serializable

══════════════════════════════════════════════════════════════════════
  🏎   F1 2026  ·  PREDICCIÓN DE CARRERA
══════════════════════════════════════════════════════════════════════
  Carrera         : Dutch Grand Prix
  Circuito        : Circuit Park Zandvoort  —  Netherlands
  Fecha           : 2026-08-23
  Carreras usadas : 11
  Modelo          : XGBoost Quali+Race + Feedback Loop
  Clima           : ⛅  Lluvia posible 25%  |  Pista ~26°C  |  Humedad 73%  [horario]
══════════════════════════════════════════════════════════════════════

  📊  TABLA 1 — PREDICCIÓN DE VICTORIA

╭─────┬───────────────────────┬──────────────┬───────┬─────────────────────────────┬──────────────┬────────────┬─────────────╮
│     │ Piloto                │ Equipo       │   Pts │ 🎲 Ganar MC                  │ 🏆 Podio MC   │   Pos Esp. │ Intervalo   │
├─────┼───────────────────────┼──────────────┼───────┼─────────────────────────────┼──────────────┼────────────┼─────────────┤
│  🥇  │ Andrea Kimi Antonelli │ Mercedes     │   219 │ 17.8%  ████████░░░░░░░░░░░░ │ 39.8%        │        5.3 │ P1 – P11    │
│  🥈  │ Lewis Hamilton        │ Ferrari      │   169 │ 12.4%  ██████░░░░░░░░░░░░░░ │ 31.6%        │        6.3 │ P1 – P12    │
│  🥉  │ Charles Leclerc       │ Ferrari      │   138 │ 8.7%  ████░░░░░░░░░░░░░░░░  │ 24.2%        │        6.8 │ P1 – P13    │
│ 4.  │ Lando Norris          │ McLaren      │   128 │ 8.3%  ████░░░░░░░░░░░░░░░░  │ 23.3%        │        6.6 │ P1 – P13    │
│ 5.  │ George Russell        │ Mercedes     │   160 │ 6.7%  ███░░░░░░░░░░░░░░░░░  │ 20.5%        │        7.4 │ P2 – P13    │
│ 6.  │ Max Verstappen        │ Red Bull     │   109 │ 4.8%  ██░░░░░░░░░░░░░░░░░░  │ 15.5%        │        7.9 │ P2 – P14    │
│ 7.  │ Oscar Piastri         │ McLaren      │    92 │ 5.2%  ██░░░░░░░░░░░░░░░░░░  │ 17.2%        │        7.4 │ P2 – P13    │
│ 8.  │ Liam Lawson           │ Racing Bulls │    43 │ 4.0%  ██░░░░░░░░░░░░░░░░░░  │ 12.8%        │        7.8 │ P2 – P14    │
│ 9.  │ Isack Hadjar          │ Red Bull     │    68 │ 3.7%  █░░░░░░░░░░░░░░░░░░░  │ 13.1%        │        8.2 │ P2 – P14    │
│ 10. │ Arvid Lindblad        │ Racing Bulls │    23 │ 3.1%  █░░░░░░░░░░░░░░░░░░░  │ 10.5%        │        8   │ P2 – P14    │
│ 11. │ Gabriel Bortoleto     │ Audi         │    10 │ 3.0%  █░░░░░░░░░░░░░░░░░░░  │ 10.5%        │        8.2 │ P2 – P14    │
│ 12. │ Pierre Gasly          │ Alpine       │    42 │ 3.6%  █░░░░░░░░░░░░░░░░░░░  │ 11.4%        │        8.1 │ P2 – P14    │
│ 13. │ Franco Colapinto      │ Alpine       │    19 │ 2.9%  █░░░░░░░░░░░░░░░░░░░  │ 10.6%        │        8.3 │ P2 – P14    │
│ 14. │ Oliver Bearman        │ Haas         │    18 │ 2.3%  █░░░░░░░░░░░░░░░░░░░  │ 8.5%         │        8.5 │ P3 – P14    │
│ 15. │ Nico Hülkenberg       │ Audi         │     2 │ 2.4%  █░░░░░░░░░░░░░░░░░░░  │ 8.0%         │        8.6 │ P3 – P14    │
│ 16. │ Carlos Sainz          │ Williams     │     6 │ 2.2%  █░░░░░░░░░░░░░░░░░░░  │ 7.3%         │        8.7 │ P3 – P14    │
│ 17. │ Esteban Ocon          │ Haas         │     3 │ 2.3%  █░░░░░░░░░░░░░░░░░░░  │ 8.6%         │        8.7 │ P3 – P14    │
│ 18. │ Fernando Alonso       │ Aston Martin │     1 │ 1.0%  ░░░░░░░░░░░░░░░░░░░░  │ 4.7%         │        9.4 │ P3 – P15    │
│ 19. │ Sergio Pérez          │ Cadillac     │     0 │ 1.8%  ░░░░░░░░░░░░░░░░░░░░  │ 6.8%         │        8.9 │ P3 – P14    │
│ 20. │ Alexander Albon       │ Williams     │     5 │ 1.5%  ░░░░░░░░░░░░░░░░░░░░  │ 6.3%         │        9   │ P3 – P15    │
│ 21. │ Lance Stroll          │ Aston Martin │     0 │ 0.8%  ░░░░░░░░░░░░░░░░░░░░  │ 3.5%         │        9.8 │ P4 – P15    │
│ 22. │ Valtteri Bottas       │ Cadillac     │     0 │ 1.3%  ░░░░░░░░░░░░░░░░░░░░  │ 5.2%         │        9.1 │ P3 – P15    │
╰─────┴───────────────────────┴──────────────┴───────┴─────────────────────────────┴──────────────┴────────────┴─────────────╯

  📈  PROBABILIDADES — Ganar & Podio  (todos los pilotos)

    ANT     17.8% win  (P10: 14.0% — P90: 22.1%)  │   39.8% podio
    HAM     12.4% win  (P10: 9.0% — P90: 15.1%)  │   31.6% podio
    LEC      8.7% win  (P10: 5.0% — P90: 12.1%)  │   24.2% podio
    NOR      8.3% win  (P10: 5.0% — P90: 12.0%)  │   23.3% podio
    RUS      6.7% win  (P10: 3.0% — P90: 10.1%)  │   20.5% podio
    VER      4.8% win  (P10: 2.0% — P90: 8.0%)  │   15.5% podio
    PIA      5.2% win  (P10: 2.0% — P90: 9.0%)  │   17.2% podio
    LAW      4.0% win  (P10: 2.0% — P90: 7.0%)  │   12.8% podio
    HAD      3.7% win  (P10: 2.0% — P90: 6.0%)  │   13.1% podio
    LIN      3.1% win  (P10: 1.0% — P90: 5.0%)  │   10.5% podio
    BOR      3.0% win  (P10: 1.0% — P90: 5.0%)  │   10.5% podio
    GAS      3.6% win  (P10: 1.9% — P90: 6.0%)  │   11.4% podio
    COL      2.9% win  │   10.6% podio
    BEA      2.3% win  │    8.5% podio
    HUL      2.4% win  │    8.0% podio
    SAI      2.2% win  │    7.3% podio
    OCO      2.3% win  │    8.6% podio
    ALO      1.0% win  │    4.7% podio
    PER      1.8% win  │    6.8% podio
    ALB      1.5% win  │    6.3% podio
    STR      0.8% win  │    3.5% podio
    BOT      1.3% win  │    5.2% podio

  🔮  Predicción más incierta       : STR (epistémica: 0.00, aleatoria: 2.4)


  🔬  TABLA 2 — DETALLE TÉCNICO  (Top 10)

╭─────┬───────────────────────┬──────────────┬────────────┬────────────┬────────────┬─────────┬─────────────┬────────────┬───────────────╮
│     │ Piloto                │ Qualy Next   │ FP Next%   │   Fin Prom │   Forma(3) │ Fiab%   │ DNFs/Carr   │   Deg Neum │   Δ Compañero │
├─────┼───────────────────────┼──────────────┼────────────┼────────────┼────────────┼─────────┼─────────────┼────────────┼───────────────┤
│  🥇  │ Andrea Kimi Antonelli │ P22          │ -1.97%     │        4.7 │         16 │ 90.5%   │ 1/11        │     -4.023 │          2.82 │
│  🥈  │ Lewis Hamilton        │ P22          │ -1.72%     │        4   │         11 │ 95.8%   │ 0/11        │     -3.697 │          2.55 │
│  🥉  │ Charles Leclerc       │ P22          │ -1.59%     │        4.4 │         15 │ 85.3%   │ 2/11        │     -0.152 │         -2.55 │
│ 4.  │ Lando Norris          │ P22          │ -1.81%     │        4.5 │         16 │ 80.0%   │ 3/11        │     -0.202 │          1.36 │
│ 5.  │ George Russell        │ P22          │ -1.81%     │        6.6 │          7 │ 85.3%   │ 2/11        │     -0.475 │         -2.82 │
│ 6.  │ Max Verstappen        │ P22          │ -0.03%     │        4.6 │         14 │ 80.0%   │ 3/11        │     -0.63  │          0.82 │
│ 7.  │ Oscar Piastri         │ P22          │ -1.09%     │        8.4 │          4 │ 74.7%   │ 4/11        │     -5.547 │         -1.36 │
│ 8.  │ Liam Lawson           │ P22          │ -0.03%     │        8.7 │          3 │ 64.2%   │ 6/11        │     -4.469 │          1.55 │
│ 9.  │ Isack Hadjar          │ P22          │ -0.57%     │        6   │          8 │ 74.7%   │ 4/11        │     -0.342 │         -0.82 │
│ 10. │ Arvid Lindblad        │ P22          │ +0.60%     │        9.3 │          2 │ 59.0%   │ 7/11        │     -3.595 │         -1.55 │
╰─────┴───────────────────────┴──────────────┴────────────┴────────────┴────────────┴─────────┴─────────────┴────────────┴───────────────╯

  ──────────────────────────────────────────────────────────────────────
  ✅  PROBABLE GANADOR  :  Andrea Kimi Antonelli  (Mercedes)
  🎲  Monte Carlo       :  17.8% ganar  |  39.8% podio  |  90.5% terminar
  📊  Posición esperada :  5.3  (intervalo P10=1 – P90=11)
──────────────────────────────────────────────────────────────────────
  ⚠   Modelo estadístico + 10,000 simulaciones Monte Carlo.
      Estrategia, clima y mecánica pueden cambiar cualquier predicción.

💾  Resultados guardados en: f1_2026_predicciones.csv


[exit 0]
