# F1 Auto Runner — R13 / FP3
# Started : 2026-09-05T18:29:46.526862+00:00
############################################################

>>> f1_2026_predictor.py

core           INFO 	Loading data for Italian Grand Prix - Qualifying [v3.8.3]
req            INFO 	No cached data found for session_info. Loading data...
_api           INFO 	Fetching session info data...
logger      WARNING 	Failed to load session info data!
req            INFO 	No cached data found for driver_info. Loading data...
_api           INFO 	Fetching driver list...
core        WARNING 	Failed to load extended driver information!
req            INFO 	No cached data found for session_status_data. Loading data...
_api           INFO 	Fetching session status data...
logger      WARNING 	Failed to load session status data!
req            INFO 	No cached data found for track_status_data. Loading data...
_api           INFO 	Fetching track status data...
logger      WARNING 	Failed to load track status data!
req            INFO 	No cached data found for _extended_timing_data. Loading data...
_api           INFO 	Fetching timing data...
logger      WARNING 	Failed to load timing data!
req            INFO 	No cached data found for car_data. Loading data...
_api           INFO 	Fetching car data...
core        WARNING 	Car telemetry data is unavailable!
req            INFO 	No cached data found for position_data. Loading data...
_api           INFO 	Fetching position data...
core        WARNING 	Car position data is unavailable!
core        WARNING 	Failed to determine `Session.t0_date`!
core           INFO 	Finished loading data for 22 drivers: ['10', '63', '81', '16', '44', '3', '12', '43', '1', '41', '5', '87', '27', '30', '55', '31', '22', '23', '77', '11', '14', '18']
📅  Descargando calendario 2026...
   ✅  23 carreras encontradas en el calendario.

📅  Calendario 2026: 23 carreras
🔍  Verificando rondas completadas...
   ✅  Ronda 1: Australian Grand Prix — completa
   ✅  Ronda 2: Chinese Grand Prix — completa
   ✅  Ronda 3: Japanese Grand Prix — completa
   ✅  Ronda 4: Miami Grand Prix — completa
   ✅  Ronda 5: Canadian Grand Prix — completa
   ✅  Ronda 6: Monaco Grand Prix — completa
   ✅  Ronda 7: Barcelona Grand Prix — completa
   ✅  Ronda 8: Austrian Grand Prix — completa
   ✅  Ronda 9: British Grand Prix — completa
   ✅  Ronda 10: Belgian Grand Prix — completa
   ✅  Ronda 11: Hungarian Grand Prix — completa
   ✅  Ronda 12: Dutch Grand Prix — completa
   ⏳  Ronda 13 — aún no disputada
   ⏳  Ronda 14 — aún no disputada
   ⏳  Ronda 15 — aún no disputada
   ⏳  Ronda 16 — aún no disputada
   ⏳  Ronda 17 — aún no disputada
   ⏳  Ronda 18 — aún no disputada
   ⏳  Ronda 19 — aún no disputada
   ⏳  Ronda 20 — aún no disputada
   ⏳  Ronda 21 — aún no disputada
   ⏳  Ronda 22 — aún no disputada
   ⏳  Ronda 23 — aún no disputada
   Completadas : [1, 2, 3, 4, 5, 6, 7, 8, 9, 10, 11, 12]
   Próxima     : Ronda 13
🏆  Descargando standings de pilotos...
🏗   Descargando standings de constructores...
🏁  Descargando resultados de 12 carrera(s)...
⏱   Descargando resultados de clasificación...
🏃  Descargando resultados de sprint...

🔍  Descargando session keys de OpenF1...
   ✅  131 sesiones encontradas en OpenF1
🔍  Verificando disponibilidad de datos de telemetría...
   ✅  OpenF1 tiene datos de vueltas — usando OpenF1 como fuente primaria
🔴  Degradación de neumáticos (OpenF1)...
   ⏳  Rate limit — esperando 1s...
   ⏳  Rate limit — esperando 2s...
   ⏳  Rate limit — esperando 4s...
🚀  Rendimiento vuelta 1 (OpenF1)...
📈  Consistencia de vueltas (OpenF1)...
   ⏳  Rate limit — esperando 1s...
   ⏳  Rate limit — esperando 2s...
   ⏳  Rate limit — esperando 4s...
   ⏳  Rate limit — esperando 1s...
   ⏳  Rate limit — esperando 2s...
   ⏳  Rate limit — esperando 4s...
   ⏳  Rate limit — esperando 1s...
   ⏳  Rate limit — esperando 2s...
   ⏳  Rate limit — esperando 4s...
   ⏳  Rate limit — esperando 1s...
   ⏳  Rate limit — esperando 2s...
🏋   Ritmo de prácticas libres normalizado (OpenF1)...
   ⏳  Rate limit — esperando 1s...
   ⏳  Rate limit — esperando 2s...
   ⏳  Rate limit — esperando 4s...
   ⏳  Rate limit — esperando 1s...
   ⏳  Rate limit — esperando 2s...
   ⏳  Rate limit — esperando 4s...
   ⏳  Rate limit — esperando 1s...
   ⏳  Rate limit — esperando 2s...
   ⏳  Rate limit — esperando 4s...
   ⏳  Rate limit — esperando 1s...
   ⏳  Rate limit — esperando 2s...
🟡  Rendimiento bajo Safety Car (OpenF1)...
   ⏳  Rate limit — esperando 1s...
   ⏳  Rate limit — esperando 2s...
   ⏳  Rate limit — esperando 4s...
   ⏳  Rate limit — esperando 1s...
   ⏳  Rate limit — esperando 2s...
   ⏳  Rate limit — esperando 4s...
   ⏳  Rate limit — esperando 1s...
   ⏳  Rate limit — esperando 2s...
   ⏳  Rate limit — esperando 4s...
   ⏳  Rate limit — esperando 1s...
   ⏳  Rate limit — esperando 2s...
   ⏳  Rate limit — esperando 4s...
🔧  Pit stops (OpenF1)...
📋  Calculando penalizaciones acumuladas...
📍  Descargando historial de Autodromo Nazionale di Monza (monza) — últimos 3 años...
   ✅  60 resultados en 3 temporadas — 20 pilotos con ≥2 visitas
🔢  Tiempos por sector (OpenF1)...
   ⏳  Rate limit — esperando 1s...
   ⏳  Rate limit — esperando 2s...
   ⏳  Rate limit — esperando 4s...
   ⏳  Rate limit — esperando 1s...
   ⏳  Rate limit — esperando 2s...
   ⏳  Rate limit — esperando 4s...
🗂   Calculando perfil por tipo de circuito...
🔑  Gap qualifying vs compañero (OpenF1)...
   ⏳  Rate limit — esperando 1s...
   ⏳  Rate limit — esperando 2s...
   ⏳  Rate limit — esperando 4s...
   ⏳  Rate limit — esperando 1s...
   ⏳  Rate limit — esperando 2s...
   ⏳  Rate limit — esperando 4s...
   ⏳  Rate limit — esperando 1s...
   ⏳  Rate limit — esperando 2s...
   ⏳  Rate limit — esperando 4s...
   ⏳  Rate limit — esperando 1s...
   ⏳  Rate limit — esperando 2s...
   ⏳  Rate limit — esperando 4s...
   📊  Fuente de datos de vuelta: OpenF1
   🏁  Circuito: Autodromo Nazionale di Monza
   🗂   Tipo: high_speed  |  Dificultad adelantar: 0.30
   ⚖   Peso qualifying dinámico: 26.8%

🎯  Descargando datos pre-carrera del próximo GP (Ronda 13)...
🏆  Descargando clasificación del próximo GP (sk=11357)...
   ✅  22 pilotos en clasificación del próximo GP
   🏎  POLE: GAS — 81.786s
   ✅  Prácticas del próximo GP disponibles: FP1, FP2, FP3
   🔷  Speed trap classes: i1=high (285 km/h), i2=high (299 km/h)
   🏁  Race sims FP1 detectados: 16 pilotos (ref campo: 101.549s)

🔴  Calculando inventario de neumáticos (sesiones completadas)...
   📊  Tyre inventory FP1 R13: 22 pilotos (fetched)
   📊  Tyre inventory FP2 R13: 22 pilotos (fetched)
   📊  Tyre inventory FP3 R13: 22 pilotos (fetched)

🏎️  Corner telemetry analysis (FastF1)...
   📡  Cargando telemetría FastF1 Q R13 (Autodromo Nazionale di Monza) — puede tardar ~30–60 s...
   🏎️  Corner telemetry: qualifying session not yet available for R13 (The data you are trying to access has not been loaded yet. See `Session.load`)
   ✅  Clasificación del próximo GP cargada (22 pilotos)
   ✅  Prácticas del próximo GP cargadas (26 pilotos)
🌤   Consultando datos de clima (Open-Meteo)...
   🕐  Inicio de carrera: 13:00 UTC  /  15:00 local (Europe/Rome)
   📡  Ventana de pronóstico: 14:00–17:00 local (3h: 1h antes + 2h después de la salida)
   📊  Pronóstico horario (nowcast omitido: carrera en 18h > 6h)
   ✅  Clima obtenido para Autodromo Nazionale di Monza (Monza, Italy)
🚦  Buscando penalizaciones de parrilla...

🧬  Cargando perfiles comportamentales...
   📂  Perfiles cargados desde caché (0.0d antigüedad, 29 pilotos)

   📊  TOP 5 POR MÉTRICA COMPORTAMENTAL 2023-2025:
   Adelantadores netos desde P6-P15:
     1. VER    +5.111
     2. PER    +4.579
     3. HAM    +2.621
     4. RUS    +1.833
     5. LEC    +1.824
   Consistencia en clasificación (σ vs compañero):
     1. SAR    +2.716
     2. BOT    +3.475
     3. ZHO    +3.475
     4. DEV    +3.606
     5. HAD    +3.991
   Especialistas en lluvia (neg = mejor en mojado):
     1. SAR    -5.513
     2. ALB    -5.174
     3. BOT    -4.919
     4. OCO    -4.498
     5. ZHO    -4.182
   Fiabilidad histórica 2023-2025 (menor DNF%):
     1. VER    +0.033
     2. NOR    +0.100
     3. HAM    +0.117
     4. RUS    +0.133
     5. PIA    +0.150
   Gestión de neumáticos (ganancia últimas 20% vueltas):
     1. COL    +0.375
     2. DEV    +0.222
     3. PER    +0.154
     4. STR    +0.143
     5. VER    +0.140


🎙️  Analizando sentimiento de rueda de prensa...
   🌐  Transcripción encontrada: https://www.fia.com/news/2026-italian-grand-prix-thursday-press-confer...

🔨  Construyendo matriz de features...
   🔥  Rachas de podio activas:
      ANT    3 carreras top-3 consecutivas (score=0.45)
      NOR    2 carreras top-3 consecutivas (score=0.30)
      RUS    1 carreras top-3 consecutivas (score=0.15)
   💥  Post-DNF bounce (última carrera): ALB, ALO, BEA, BOR, BOT, COL, GAS, HUL, LIN, OCO, PER, SAI, STR, TSU, VER
   🏎  Affinity top 5 (menor pos. media = más afinidad al circuito):
      VER    2.67
      LEC    3.00
      NOR    4.33
      PER    5.00
      PIA    5.67
   ⚡  Top 5 sector balance (σ deltas S1/S2/S3 — menor = más consistente):
      ALO    σ=0.027s  ΔS1:+1.166  ΔS2:+1.204  ΔS3:+1.153
      PIA    σ=0.028s  ΔS1:+0.152  ΔS2:+0.146  ΔS3:+0.197
      ANT    σ=0.048s  ΔS1:+0.178  ΔS2:+0.088  ΔS3:+0.160
      NOR    σ=0.051s  ΔS1:+0.142  ΔS2:+0.172  ΔS3:+0.242
      STR    σ=0.054s  ΔS1:+1.260  ΔS2:+1.179  ΔS3:+1.282
   🔴  Top 5 ritmo SOFT vs campo (negativo = más rápido):
      HAM    -2.479%
      COL    -0.896%
      SAI    -0.745%
      HUL    -0.724%
      OCO    -0.046%
   🔴  Top 5 ritmo MEDIUM vs campo (negativo = más rápido):
      BOR    -9.158%
      BEA    -5.536%
      ANT    -1.025%
      RUS    -1.025%
      LEC    -1.025%
   🏎  Top 5 gestión de neumáticos FP2 (s/vuelta, menor = mejor):
      ALB    +0.0759 s/lap
      ANT    +0.0912 s/lap
      RUS    +0.2126 s/lap
      HUL    +0.2480 s/lap
      COL    +0.6758 s/lap
   🔷  Top 5 perfil de curvas (high_speed, negativo = más rápido):
      ANT    +4.666%
      ALB    +4.768%
      SAI    +8.048%
      LIN    +8.332%
      BOR    +8.366%
   🏁  Top 5 ritmo carrera FP1 (negativo = más rápido vs campo):
      HAD    -15.282%
      ANT    -14.991%
      RUS    -14.911%
      BEA    -14.029%
      HUL    -13.883%
   🧬  Perfiles comportamentales: 22/23 pilotos con datos 2023-2025
   🔍  IsolationForest: 2 anomalías (0 sandbagging, 0 struggling, 8 race threats)
   🚨  PACE ANOMALY FLAGS:
   🚀  HAM — RACE THREAT: FP2 race pace top-3, starts P6 (will charge)
   🚀  BOR — RACE THREAT: FP2 race pace top-5, starts P10 (will charge)
   🚀  SAI — RACE THREAT: FP2 race pace top-5, starts P15 (will charge)
   🚀  ALB — RACE THREAT: FP2 race pace P17, starts P18 (will charge)
   🚀  OCO — RACE THREAT: FP2 race pace top-10, starts P16 (will charge)
   🚀  STR — RACE THREAT: FP2 race pace P23, starts P22 (will charge)
   🚀  BOT — RACE THREAT: FP2 race pace top-10, starts P19 (will charge)
   🚀  PER — RACE THREAT: FP2 race pace P19, starts P20 (will charge)
      ALB    +0.960  ███████████████████
      PER    +0.955  ███████████████████
      VER    +0.941  ██████████████████
      GAS    +0.914  ██████████████████
      RUS    +0.909  ██████████████████

🔴  Inventario de neumáticos (sesiones de práctica completadas):
   25   : 8 soft new, 3 med new, 1 hard new
   61   : 7 soft new, 1 med new, 2 hard new
   36   : 7 soft new, 3 med new, 1 hard new
   46   : 7 soft new, 3 med new, 1 hard new
   GAS  : 6 soft new, 2 med new, 1 hard new
   RIC  : 6 soft new, 1 med new, 2 hard new
   COL  : 5 soft new, 0 med new, 1 hard new
   NOR  : 5 soft new, 0 med new, 1 hard new
   HAM  : 5 soft new, 1 med new, 1 hard new
   SAI  : 5 soft new, 0 med new, 1 hard new
   ALB  : 5 soft new, 2 med new, 2 hard new
   BOT  : 4 soft new, 1 med new, 1 hard new
   BOR  : 4 soft new, 1 med new, 0 hard new
   22   : 4 soft new, 1 med new, 1 hard new
   PER  : 4 soft new, 2 med new, 2 hard new
   ALO  : 4 soft new, 1 med new, 1 hard new
   ANT  : 4 soft new, 2 med new, 1 hard new
   LIN  : 3 soft new, 2 med new, 1 hard new  ⚠ BAJO
   PIA  : 3 soft new, 1 med new, 1 hard new  ⚠ BAJO
   LEC  : 3 soft new, 1 med new, 1 hard new  ⚠ BAJO
   HUL  : 3 soft new, 0 med new, 1 hard new  ⚠ BAJO
   HAD  : 3 soft new, 0 med new, 1 hard new  ⚠ BAJO
   RUS  : 3 soft new, 2 med new, 1 hard new  ⚠ BAJO
   OCO  : 2 soft new, 0 med new, 0 hard new  ⚠ BAJO
   BEA  : 1 soft new, 0 med new, 0 hard new  ⚠ BAJO
   STR  : 0 soft new, 2 med new, 1 hard new  ⚠ BAJO
   (field avg: 4.3 soft new remaining)

🧠  Cargando priors bayesianos...
   📂  Primera ejecución — sin priors previos

💾  Modo modelo: full retrain (guardado R-1 → actual R12)

🤖  Activando XGBoost + LightGBM + GP — Quali+Race (12 carreras ≥ 6)...
   🏎  XGB quali model → pole predicted: ANT (P2.5)
   ✅  XGBoost Race MAE (LOO): 3.77 posiciones
   ✅  XGBoost: entrenamiento completo (264 muestras)
   📊  Top features XGBoost (race model):
      momentum_pos           0.319  ███████████████████████████████
      dnf_rate               0.178  █████████████████
      avg_grid               0.144  ██████████████
      avg_finish             0.058  █████
      recent_form            0.055  █████
   ⚠  lightgbm no instalado — omitiendo LGBM
   🌊  GP top-5 predicciones (σ = incertidumbre por datos escasos):
      ANT   P 4.2  σ=4.97  ▪▪▪▪▪▪▪▪▪▪▪▪▪▪▪▪▪▪▪▪
      HAM   P 4.6  σ=4.92  ▪▪▪▪▪▪▪▪▪▪▪▪▪▪▪▪▪▪▪▪
      NOR   P 6.7  σ=4.94  ▪▪▪▪▪▪▪▪▪▪▪▪▪▪▪▪▪▪▪▪
      LEC   P 6.8  σ=4.92  ▪▪▪▪▪▪▪▪▪▪▪▪▪▪▪▪▪▪▪▪
      RUS   P 6.9  σ=4.93  ▪▪▪▪▪▪▪▪▪▪▪▪▪▪▪▪▪▪▪▪
   🔧  Kernel optimizado: RBF(length_scale=10) + WhiteKernel(noise_level=0.577)
   ✅  GP: 264 muestras, 21 features
   ⭐  Clasificación del próximo GP disponible → peso dominante 55%
   🔄  Aplicando feedback XGBoost a pesos manuales...

   📊  Importancias blend (XGB+LGBM):
      momentum_pos               0.319  
      dnf_rate                   0.178  
      avg_grid                   0.144  
      avg_finish                 0.058  
      recent_form                0.055  
      fl_rate                    0.031  
      tyre_deg_slope             0.023  
      predicted_quali_pos        0.023  
      sprint_pts                 0.022  
      quali_consistency          0.021  
   🏆  Top feature esta carrera: momentum_pos (0.319)
   ⚠  No se pudieron guardar priors: Object of type float32 is not JSON serializable

🧠  LSTM momentum model...
   ⚠  torch not installed — LSTM skipped  (pip install torch)

🕸️  GNN overtaking model...
   ⚠  torch not installed — GNN skipped  (pip install torch)

🔩  Calculando fiabilidad y riesgo por componente...

🏎️  Pirelli compound selection...
   🏎️  Compounds (cached): C3/C4/C5 → softness 1.00  [historical default]
🎲  Corriendo 10,000 simulaciones Monte Carlo...
   🚦  SC/VSC prob: 40%  (λ=0.51, ~0.5 SC esperados por carrera)
   🔁  Undercut prob: 50%  (ventana óptima laps 18–23, compound scale ×1.10)
   🚀  Race threat boost (+0.015) → HAM, BOR, SAI, OCO, ALB, BOT, PER, STR
   🥊  Head-to-head: 0/253 pares lopsided (>95% / <5%)
   ✅  Simulaciones completadas.
💾  Head-to-head matrix guardada en: f1_runs/R13_H2H_MATRIX.csv

🧠  Actualizando priors bayesianos con carrera 12...
   ⚠  No se pudieron guardar priors: Object of type float32 is not JSON serializable
   💾  Priors guardados en: ./f1_2026_bayesian_priors.json
   📊  Mayores ajustes acumulados:
      LAW: ×1.065 (⬆ subestimado)
      ALO: ×1.065 (⬆ subestimado)
      TSU: ×1.059 (⬆ subestimado)
   ⚠  No se pudieron guardar priors: Object of type float32 is not JSON serializable

📐  Brier Score R8 (Austrian Grand Prix) [bootstrapped]: 0.0301  (predicho: RUS  |  ganador real: RUS)

🔄  Corriendo validación LOO (12 carreras)...

📐  VALIDACIÓN LOO — Historial de temporada (Leave-One-Race-Out)
  Rd   Carrera                            Brier    Pred   Real   Roll-3
  ────────────────────────────────────────────────────────────────────
  R1   Australian Grand Prix              0.0386  ANT    RUS     [0.0386]
  R2   Chinese Grand Prix                 0.0379  ANT    ANT   ✓ [0.0383]
  R3   Japanese Grand Prix                0.0384  ANT    ANT   ✓ [0.0383]
  R4   Miami Grand Prix                   0.0391  ANT    ANT   ✓ [0.0385]
  R5   Canadian Grand Prix                0.0397  RUS    ANT     [0.0391]
  R6   Monaco Grand Prix                  0.0387  RUS    ANT     [0.0392]
  R7   Barcelona Grand Prix               0.0409  ANT    HAM     [0.0398]
  R8   Austrian Grand Prix                0.0392  ANT    RUS     [0.0396]
  R9   British Grand Prix                 0.0462  ANT    LEC     [0.0421]
  R10  Belgian Grand Prix                 0.0370  ANT    ANT   ✓ [0.0408]
  R11  Hungarian Grand Prix               0.0421  ANT    NOR     [0.0418]
  R12  Dutch Grand Prix                   0.0415  VER    NOR     [0.0402]
  ────────────────────────────────────────────────────────────────────
  Media LOO                               0.0399   (4/12 ganadores correctos)
  Tendencia (ú3 vs p3): 0.0383 → 0.0402  [→ estable]

📏  CALIBRACIÓN DEL MODELO (12 carreras LOO)
  Bucket    Predicciones  Ganadas  Tasa real  Estado
  ────────────────────────────────────────────────────────────
  0-5%               226        3       1.3%  ✓ calibrado
  5-10%               47        9      19.1%  ~ subestimado
  10-15%               2        0       0.0%  ~ sobreestimado
  15-20%               —        —          —  —
  20%+                 1        0       0.0%  ↑ muy sobreestimado
  ────────────────────────────────────────────────────────────
  Calibration score (MAE): 14.61pp  [mejorable]  (0 = perfecto, <5pp = bueno)

   🔬  Stacking meta-modelo — pesos aprendidos por tipo de circuito:
      high_speed  : XGB 0.50  LGBM 0.50  (5 rondas)
      street      : XGB 0.50  LGBM 0.50  (2 rondas)
      technical   : XGB 0.50  LGBM 0.50  (3 rondas)
      mixed       : XGB 0.50  LGBM 0.50  (2 rondas)
   💾  Meta-modelo guardado (12 rondas, R12)
   ⚠  No se pudieron guardar priors: Object of type float32 is not JSON serializable

══════════════════════════════════════════════════════════════════════
  🏎   F1 2026  ·  PREDICCIÓN DE CARRERA
══════════════════════════════════════════════════════════════════════
  Carrera         : Italian Grand Prix
  Circuito        : Autodromo Nazionale di Monza  —  Italy
  Fecha           : 2026-09-06
  Carreras usadas : 12
  Modelo          : XGBoost Quali+Race + Feedback Loop
  Clima           : ☀  Seco esperado  |  Pista ~37°C  |  Humedad 54%  [horario]
══════════════════════════════════════════════════════════════════════

  📊  TABLA 1 — PREDICCIÓN DE VICTORIA

╭─────┬───────────────────────┬──────────────┬───────┬─────────────────────────────┬──────────────┬────────────┬─────────────╮
│     │ Piloto                │ Equipo       │   Pts │ 🎲 Ganar MC                  │ 🏆 Podio MC   │   Pos Esp. │ Intervalo   │
├─────┼───────────────────────┼──────────────┼───────┼─────────────────────────────┼──────────────┼────────────┼─────────────┤
│  🥇  │ George Russell        │ Mercedes     │   183 │ 16.9%  ████████░░░░░░░░░░░░ │ 37.6%        │        5.4 │ P1 – P12    │
│  🥈  │ Andrea Kimi Antonelli │ Mercedes     │   242 │ 10.9%  █████░░░░░░░░░░░░░░░ │ 28.7%        │        6.5 │ P1 – P13    │
│  🥉  │ Charles Leclerc       │ Ferrari      │   155 │ 7.6%  ███░░░░░░░░░░░░░░░░░  │ 21.8%        │        7.2 │ P2 – P13    │
│ 4.  │ Oscar Piastri         │ McLaren      │   104 │ 7.1%  ███░░░░░░░░░░░░░░░░░  │ 20.6%        │        6.9 │ P2 – P13    │
│ 5.  │ Lewis Hamilton        │ Ferrari      │   183 │ 9.8%  ████░░░░░░░░░░░░░░░░  │ 28.1%        │        6.7 │ P1 – P13    │
│ 6.  │ Pierre Gasly          │ Alpine       │    44 │ 4.5%  ██░░░░░░░░░░░░░░░░░░  │ 14.1%        │        7.4 │ P2 – P14    │
│ 7.  │ Lando Norris          │ McLaren      │   159 │ 4.8%  ██░░░░░░░░░░░░░░░░░░  │ 16.3%        │        7.8 │ P2 – P14    │
│ 8.  │ Gabriel Bortoleto     │ Audi         │    10 │ 5.3%  ██░░░░░░░░░░░░░░░░░░  │ 15.1%        │        7   │ P2 – P13    │
│ 9.  │ Isack Hadjar          │ Red Bull     │    68 │ 2.6%  █░░░░░░░░░░░░░░░░░░░  │ 10.2%        │        8.9 │ P3 – P15    │
│ 10. │ Franco Colapinto      │ Alpine       │    19 │ 2.9%  █░░░░░░░░░░░░░░░░░░░  │ 10.4%        │        8.5 │ P2 – P14    │
│ 11. │ Arvid Lindblad        │ Racing Bulls │    23 │ 2.4%  █░░░░░░░░░░░░░░░░░░░  │ 8.3%         │        8.7 │ P3 – P15    │
│ 12. │ Nico Hülkenberg       │ Audi         │     6 │ 2.1%  █░░░░░░░░░░░░░░░░░░░  │ 7.1%         │        8.9 │ P3 – P15    │
│ 13. │ Oliver Bearman        │ Haas         │    18 │ 1.9%  ░░░░░░░░░░░░░░░░░░░░  │ 6.7%         │        8.9 │ P3 – P15    │
│ 14. │ Carlos Sainz          │ Williams     │     6 │ 3.4%  █░░░░░░░░░░░░░░░░░░░  │ 10.7%        │        7.8 │ P2 – P14    │
│ 15. │ Max Verstappen        │ Red Bull     │   112 │ 1.7%  ░░░░░░░░░░░░░░░░░░░░  │ 7.2%         │        9.8 │ P4 – P15    │
│ 16. │ Esteban Ocon          │ Haas         │     3 │ 3.2%  █░░░░░░░░░░░░░░░░░░░  │ 10.9%        │        8.1 │ P2 – P14    │
│ 17. │ Liam Lawson           │ Racing Bulls │    49 │ 2.1%  █░░░░░░░░░░░░░░░░░░░  │ 7.5%         │        9.3 │ P3 – P15    │
│ 18. │ Alexander Albon       │ Williams     │     5 │ 2.8%  █░░░░░░░░░░░░░░░░░░░  │ 9.1%         │        8.3 │ P2 – P14    │
│ 19. │ Fernando Alonso       │ Aston Martin │     3 │ 0.7%  ░░░░░░░░░░░░░░░░░░░░  │ 3.0%         │       10.3 │ P4 – P16    │
│ 20. │ Yuki Tsunoda          │ Racing Bulls │     0 │ 2.0%  ░░░░░░░░░░░░░░░░░░░░  │ 8.1%         │        9.6 │ P3 – P15    │
│ 21. │ Valtteri Bottas       │ Cadillac     │     0 │ 1.9%  ░░░░░░░░░░░░░░░░░░░░  │ 6.2%         │        8.6 │ P3 – P15    │
│ 22. │ Sergio Pérez          │ Cadillac     │     0 │ 2.3%  █░░░░░░░░░░░░░░░░░░░  │ 7.9%         │        8.6 │ P3 – P15    │
│ 23. │ Lance Stroll          │ Aston Martin │     0 │ 1.2%  ░░░░░░░░░░░░░░░░░░░░  │ 4.3%         │        9.4 │ P3 – P15    │
╰─────┴───────────────────────┴──────────────┴───────┴─────────────────────────────┴──────────────┴────────────┴─────────────╯

  📈  PROBABILIDADES — Ganar & Podio  (todos los pilotos)

    RUS     16.9% win  (P10: 12.0% — P90: 22.1%)  │   37.6% podio
    ANT     10.9% win  (P10: 7.0% — P90: 15.0%)  │   28.7% podio
    LEC      7.6% win  (P10: 5.0% — P90: 11.0%)  │   21.8% podio
    PIA      7.1% win  (P10: 4.0% — P90: 10.0%)  │   20.6% podio
    HAM      9.8% win  (P10: 6.0% — P90: 13.0%)  │   28.1% podio
    GAS      4.5% win  (P10: 2.0% — P90: 7.0%)  │   14.1% podio
    NOR      4.8% win  (P10: 2.0% — P90: 7.0%)  │   16.3% podio
    BOR      5.3% win  (P10: 3.0% — P90: 8.0%)  │   15.1% podio
    HAD      2.6% win  │   10.2% podio
    COL      2.9% win  │   10.4% podio
    LIN      2.4% win  │    8.3% podio
    HUL      2.1% win  │    7.1% podio
    BEA      1.9% win  │    6.7% podio
    SAI      3.4% win  (P10: 1.0% — P90: 6.0%)  │   10.7% podio
    VER      1.7% win  │    7.2% podio
    OCO      3.2% win  (P10: 1.0% — P90: 5.0%)  │   10.9% podio
    LAW      2.1% win  │    7.5% podio
    ALB      2.8% win  │    9.1% podio
    ALO      0.7% win  │    3.0% podio
    TSU      2.0% win  │    8.1% podio
    BOT      1.9% win  │    6.2% podio
    PER      2.3% win  │    7.9% podio
    STR      1.2% win  │    4.3% podio

  🔮  Predicción más incierta       : ALO (epistémica: 0.00, aleatoria: 3.0)


  🔬  TABLA 2 — DETALLE TÉCNICO  (Top 10)

╭─────┬───────────────────────┬──────────────┬────────────┬────────────┬────────────┬─────────┬─────────────┬────────────┬───────────────╮
│     │ Piloto                │ Qualy Next   │ FP Next%   │   Fin Prom │   Forma(3) │ Fiab%   │ DNFs/Carr   │   Deg Neum │   Δ Compañero │
├─────┼───────────────────────┼──────────────┼────────────┼────────────┼────────────┼─────────┼─────────────┼────────────┼───────────────┤
│  🥇  │ George Russell        │ P2           │ -1.24%     │        5.4 │         10 │ 86.0%   │ 2/12        │     -2.012 │         -2.67 │
│  🥈  │ Andrea Kimi Antonelli │ P3           │ -0.95%     │        3.8 │         17 │ 91.0%   │ 1/12        │     -4.418 │          2.67 │
│  🥉  │ Charles Leclerc       │ P5           │ -1.06%     │        4.6 │         13 │ 86.0%   │ 2/12        │     -1.121 │         -2.42 │
│ 4.  │ Oscar Piastri         │ P4           │ -0.55%     │        7.6 │          6 │ 76.0%   │ 4/12        │     -6.179 │         -1.67 │
│ 5.  │ Lewis Hamilton        │ P6           │ -0.92%     │        4   │         12 │ 96.0%   │ 0/12        │     -3.986 │          2.42 │
│ 6.  │ Pierre Gasly          │ P1           │ -0.02%     │       10.3 │          1 │ 61.0%   │ 7/12        │     -5.342 │          1.83 │
│ 7.  │ Lando Norris          │ P7           │ -0.77%     │        3.3 │         22 │ 81.0%   │ 3/12        │     -1.272 │          1.67 │
│ 8.  │ Gabriel Bortoleto     │ P10          │ -0.47%     │       10.6 │          1 │ 56.0%   │ 8/12        │     -0.49  │          2.58 │
│ 9.  │ Isack Hadjar          │ P11          │ +0.04%     │        6   │          8 │ 74.7%   │ 4/11        │     -4.344 │         -0.82 │
│ 10. │ Franco Colapinto      │ P9           │ -0.12%     │       11.2 │          0 │ 61.0%   │ 7/12        │     -8.352 │         -1.83 │
╰─────┴───────────────────────┴──────────────┴────────────┴────────────┴────────────┴─────────┴─────────────┴────────────┴───────────────╯

  ──────────────────────────────────────────────────────────────────────
  ✅  PROBABLE GANADOR  :  George Russell  (Mercedes)
  🎲  Monte Carlo       :  16.9% ganar  |  37.6% podio  |  86.2% terminar
  📊  Posición esperada :  5.4  (intervalo P10=1 – P90=12)
──────────────────────────────────────────────────────────────────────
  ⚠   Modelo estadístico + 10,000 simulaciones Monte Carlo.
      Estrategia, clima y mecánica pueden cambiar cualquier predicción.

💾  Resultados guardados en: f1_2026_predicciones.csv


[exit 0]
