# F1 Auto Runner — R13 / pre_race
# Started : 2026-09-06T12:38:26.219253+00:00
############################################################

>>> f1_2026_predictor.py

core           INFO 	Loading data for Dutch Grand Prix - Race [v3.8.3]
req            INFO 	No cached data found for session_info. Loading data...
_api           INFO 	Fetching session info data...
logger      WARNING 	Failed to load session info data!
req            INFO 	No cached data found for driver_info. Loading data...
_api           INFO 	Fetching driver list...
core        WARNING 	Failed to load extended driver information!
req            INFO 	No cached data found for session_status_data. Loading data...
_api           INFO 	Fetching session status data...
logger      WARNING 	Failed to load session status data!
req            INFO 	No cached data found for lap_count. Loading data...
_api           INFO 	Fetching lap count data...
logger      WARNING 	Failed to load total lap count!
req            INFO 	No cached data found for track_status_data. Loading data...
_api           INFO 	Fetching track status data...
logger      WARNING 	Failed to load track status data!
req            INFO 	No cached data found for _extended_timing_data. Loading data...
_api           INFO 	Fetching timing data...
logger      WARNING 	Failed to load timing data!
core        WARNING 	Failed to add first lap time from Ergast for drivers: ['1', '12', '63', '16', '81', '44', '30', '41', '10', '43', '22', '27', '23', '31', '14', '87', '5', '18', '55', '77', '11']
core           INFO 	Finished loading data for 22 drivers: ['1', '12', '63', '44', '16', '81', '30', '27', '14', '10', '22', '41', '5', '43', '11', '55', '23', '77', '31', '18', '87', '3']
core           INFO 	Loading data for Chinese Grand Prix - Sprint Qualifying [v3.8.3]
req            INFO 	No cached data found for session_info. Loading data...
_api           INFO 	Fetching session info data...
logger      WARNING 	Failed to load session info data!
req            INFO 	No cached data found for driver_info. Loading data...
_api           INFO 	Fetching driver list...
core        WARNING 	Failed to load extended driver information!
core        WARNING 	Sprint Qualifying is not supported by Ergast! Limited results are calculated from timing data.
core        WARNING 	Failed to load driver list and session results!
core           INFO 	Finished loading data for 0 drivers: []
core           INFO 	Loading data for Miami Grand Prix - Sprint Qualifying [v3.8.3]
req            INFO 	No cached data found for session_info. Loading data...
_api           INFO 	Fetching session info data...
logger      WARNING 	Failed to load session info data!
req            INFO 	No cached data found for driver_info. Loading data...
_api           INFO 	Fetching driver list...
core        WARNING 	Failed to load extended driver information!
core        WARNING 	Sprint Qualifying is not supported by Ergast! Limited results are calculated from timing data.
core        WARNING 	Failed to load driver list and session results!
core           INFO 	Finished loading data for 0 drivers: []
core           INFO 	Loading data for Canadian Grand Prix - Sprint Qualifying [v3.8.3]
req            INFO 	No cached data found for session_info. Loading data...
_api           INFO 	Fetching session info data...
logger      WARNING 	Failed to load session info data!
req            INFO 	No cached data found for driver_info. Loading data...
_api           INFO 	Fetching driver list...
core        WARNING 	Failed to load extended driver information!
core        WARNING 	Sprint Qualifying is not supported by Ergast! Limited results are calculated from timing data.
core        WARNING 	Failed to load driver list and session results!
core           INFO 	Finished loading data for 0 drivers: []
core           INFO 	Loading data for British Grand Prix - Sprint Qualifying [v3.8.3]
req            INFO 	No cached data found for session_info. Loading data...
_api           INFO 	Fetching session info data...
logger      WARNING 	Failed to load session info data!
req            INFO 	No cached data found for driver_info. Loading data...
_api           INFO 	Fetching driver list...
core        WARNING 	Failed to load extended driver information!
core        WARNING 	Sprint Qualifying is not supported by Ergast! Limited results are calculated from timing data.
core        WARNING 	Failed to load driver list and session results!
core           INFO 	Finished loading data for 0 drivers: []
core           INFO 	Loading data for Dutch Grand Prix - Sprint Qualifying [v3.8.3]
req            INFO 	No cached data found for session_info. Loading data...
_api           INFO 	Fetching session info data...
logger      WARNING 	Failed to load session info data!
req            INFO 	No cached data found for driver_info. Loading data...
_api           INFO 	Fetching driver list...
core        WARNING 	Failed to load extended driver information!
core        WARNING 	Sprint Qualifying is not supported by Ergast! Limited results are calculated from timing data.
core        WARNING 	Failed to load driver list and session results!
core           INFO 	Finished loading data for 0 drivers: []
core           INFO 	Loading data for Italian Grand Prix - Qualifying [v3.8.3]
req            INFO 	No cached data found for session_info. Loading data...
_api           INFO 	Fetching session info data...
logger      WARNING 	Failed to load session info data!
req            INFO 	No cached data found for driver_info. Loading data...
_api           INFO 	Fetching driver list...
core        WARNING 	Failed to load extended driver information!
req            INFO 	No cached data found for session_status_data. Loading data...
_api           INFO 	Fetching session status data...
logger      WARNING 	Failed to load session status data!
req            INFO 	No cached data found for track_status_data. Loading data...
_api           INFO 	Fetching track status data...
logger      WARNING 	Failed to load track status data!
req            INFO 	No cached data found for _extended_timing_data. Loading data...
_api           INFO 	Fetching timing data...
logger      WARNING 	Failed to load timing data!
req            INFO 	No cached data found for car_data. Loading data...
_api           INFO 	Fetching car data...
core        WARNING 	Car telemetry data is unavailable!
req            INFO 	No cached data found for position_data. Loading data...
_api           INFO 	Fetching position data...
core        WARNING 	Car position data is unavailable!
core        WARNING 	Failed to determine `Session.t0_date`!
core           INFO 	Finished loading data for 22 drivers: ['10', '63', '81', '16', '44', '3', '12', '43', '1', '41', '5', '87', '27', '30', '55', '31', '22', '23', '77', '11', '14', '18']
📅  Descargando calendario 2026...
   ✅  23 carreras encontradas en el calendario.

📅  Calendario 2026: 23 carreras
🔍  Verificando rondas completadas...
   ✅  Ronda 1: Australian Grand Prix — completa
   ✅  Ronda 2: Chinese Grand Prix — completa
   ✅  Ronda 3: Japanese Grand Prix — completa
   ✅  Ronda 4: Miami Grand Prix — completa
   ✅  Ronda 5: Canadian Grand Prix — completa
   ✅  Ronda 6: Monaco Grand Prix — completa
   ✅  Ronda 7: Barcelona Grand Prix — completa
   ✅  Ronda 8: Austrian Grand Prix — completa
   ✅  Ronda 9: British Grand Prix — completa
   ✅  Ronda 10: Belgian Grand Prix — completa
   ✅  Ronda 11: Hungarian Grand Prix — completa
   ✅  Ronda 12: Dutch Grand Prix — completa
   ⏳  Ronda 13 — aún no disputada
   ⏳  Ronda 14 — aún no disputada
   ⏳  Ronda 15 — aún no disputada
   ⏳  Ronda 16 — aún no disputada
   ⏳  Ronda 17 — aún no disputada
   ⏳  Ronda 18 — aún no disputada
   ⏳  Ronda 19 — aún no disputada
   ⏳  Ronda 20 — aún no disputada
   ⏳  Ronda 21 — aún no disputada
   ⏳  Ronda 22 — aún no disputada
   ⏳  Ronda 23 — aún no disputada
   Completadas : [1, 2, 3, 4, 5, 6, 7, 8, 9, 10, 11, 12]
   Próxima     : Ronda 13
🏆  Descargando standings de pilotos...
🏗   Descargando standings de constructores...
🏁  Descargando resultados de 12 carrera(s)...
   ⏳  Rate limit — esperando 1s...
   ⏳  Rate limit — esperando 2s...
   ⏳  Rate limit — esperando 4s...
   ⏳  Rate limit — esperando 1s...
   ⏳  Rate limit — esperando 2s...
⏱   Descargando resultados de clasificación...
🏃  Descargando resultados de sprint...

🔍  Descargando session keys de OpenF1...
   ⚠  HTTP 401 en https://api.openf1.org/v1/sessions
   ⚠  HTTP 401 en https://api.openf1.org/v1/sessions
   ⚠  HTTP 401 en https://api.openf1.org/v1/sessions
   ⚠  OpenF1 no devolvió sesiones
🔍  Verificando disponibilidad de datos de telemetría...
   ⚠  OpenF1 sin datos de vuelta todavía, verificando FastF1...
   ⚠  Ni OpenF1 ni FastF1 tienen datos de vuelta todavía
      El modelo usará solo datos API (resultados, qualy, standings)
🔧  Descargando datos de pit stops...
📋  Calculando penalizaciones acumuladas...
   ⏳  Rate limit — esperando 1s...
   ⏳  Rate limit — esperando 2s...
   ⏳  Rate limit — esperando 4s...
   ⏳  Rate limit — esperando 1s...
   ⏳  Rate limit — esperando 2s...
⚡  Descargando sprint qualifying (FastF1)...
📍  Descargando historial de Autodromo Nazionale di Monza (monza) — últimos 3 años...
   ✅  60 resultados en 3 temporadas — 20 pilotos con ≥2 visitas
🗂   Calculando perfil por tipo de circuito...
   📊  Fuente de datos de vuelta: Solo API
   🏁  Circuito: Autodromo Nazionale di Monza
   🗂   Tipo: high_speed  |  Dificultad adelantar: 0.30
   ⚖   Peso qualifying dinámico: 26.8%

🎯  Descargando datos pre-carrera del próximo GP (Ronda 13)...

🏎️  Corner telemetry analysis (FastF1)...
   📡  Cargando telemetría FastF1 Q R13 (Autodromo Nazionale di Monza) — puede tardar ~30–60 s...
   🏎️  Corner telemetry: qualifying session not yet available for R13 (The data you are trying to access has not been loaded yet. See `Session.load`)
🌤   Consultando datos de clima (Open-Meteo)...
   🕐  Inicio de carrera: 13:00 UTC  /  15:00 local (Europe/Rome)
   📡  Ventana de pronóstico: 14:00–17:00 local (3h: 1h antes + 2h después de la salida)
   🎯  Nowcast minutely_15 activo (12 intervalos ×15 min) — rain_prob=0%
   ✅  Clima obtenido para Autodromo Nazionale di Monza (Monza, Italy)
🚦  Buscando penalizaciones de parrilla...

🧬  Cargando perfiles comportamentales...
   📂  Perfiles cargados desde caché (0.0d antigüedad, 29 pilotos)

   📊  TOP 5 POR MÉTRICA COMPORTAMENTAL 2023-2025:
   Adelantadores netos desde P6-P15:
     1. VER    +5.111
     2. PER    +4.579
     3. HAM    +2.621
     4. RUS    +1.833
     5. LEC    +1.824
   Consistencia en clasificación (σ vs compañero):
     1. SAR    +2.716
     2. BOT    +3.475
     3. ZHO    +3.475
     4. DEV    +3.606
     5. HAD    +3.991
   Especialistas en lluvia (neg = mejor en mojado):
     1. SAR    -5.513
     2. ALB    -5.174
     3. BOT    -4.919
     4. OCO    -4.498
     5. ZHO    -4.182
   Fiabilidad histórica 2023-2025 (menor DNF%):
     1. VER    +0.033
     2. NOR    +0.100
     3. HAM    +0.117
     4. RUS    +0.133
     5. PIA    +0.150
   Gestión de neumáticos (ganancia últimas 20% vueltas):
     1. COL    +0.375
     2. DEV    +0.222
     3. PER    +0.154
     4. STR    +0.143
     5. VER    +0.140


🎙️  Analizando sentimiento de rueda de prensa...
   🌐  Transcripción encontrada: https://www.fia.com/news/2026-italian-grand-prix-thursday-press-confer...

🔨  Construyendo matriz de features...
   🔥  Rachas de podio activas:
      ANT    4 carreras top-3 consecutivas (score=0.60)
      NOR    2 carreras top-3 consecutivas (score=0.30)
      RUS    1 carreras top-3 consecutivas (score=0.15)
   💥  Post-DNF bounce (última carrera): ALB, ALO, BEA, BOR, BOT, COL, GAS, HUL, LIN, OCO, PER, SAI, STR, TSU, VER
   🏎  Affinity top 5 (menor pos. media = más afinidad al circuito):
      VER    2.67
      LEC    3.00
      NOR    4.33
      PER    5.00
      PIA    5.67
   ⚠  Sin datos de sector del próximo GP — sector_balance neutral
   🧬  Perfiles comportamentales: 22/23 pilotos con datos 2023-2025
   🔍  IsolationForest: sin datos suficientes (0/4 features) — neutral
      ALB    +0.960  ███████████████████
      PER    +0.955  ███████████████████
      VER    +0.941  ██████████████████
      GAS    +0.914  ██████████████████
      RUS    +0.909  ██████████████████

🔴  Inventario de neumáticos (sesiones de práctica completadas):
   ⏳  Sin datos de práctica completada — inventario neutral (0.0)

🧠  Cargando priors bayesianos...
   📂  Primera ejecución — sin priors previos

💾  Modo modelo: full retrain (guardado R-1 → actual R12)

🤖  Activando XGBoost + LightGBM + GP — Quali+Race (12 carreras ≥ 6)...
   🏎  XGB quali model → pole predicted: NOR (P2.7)
   ✅  XGBoost Race MAE (LOO): 3.80 posiciones
   ✅  XGBoost: entrenamiento completo (242 muestras)
   📊  Top features XGBoost (race model):
      fl_rate                0.286  ████████████████████████████
      avg_grid               0.171  █████████████████
      momentum_pos           0.136  █████████████
      avg_finish             0.081  ████████
      champ_pts              0.076  ███████
   ⚠  lightgbm no instalado — omitiendo LGBM
   🌊  GP top-5 predicciones (σ = incertidumbre por datos escasos):
      ANT   P 3.4  σ=4.97  ▪▪▪▪▪▪▪▪▪▪▪▪▪▪▪▪▪▪▪▪
      HAM   P 4.9  σ=4.91  ▪▪▪▪▪▪▪▪▪▪▪▪▪▪▪▪▪▪▪▪
      RUS   P 6.9  σ=4.93  ▪▪▪▪▪▪▪▪▪▪▪▪▪▪▪▪▪▪▪▪
      NOR   P 6.9  σ=4.92  ▪▪▪▪▪▪▪▪▪▪▪▪▪▪▪▪▪▪▪▪
      LEC   P 7.1  σ=4.90  ▪▪▪▪▪▪▪▪▪▪▪▪▪▪▪▪▪▪▪▪
   🔧  Kernel optimizado: RBF(length_scale=9.59) + WhiteKernel(noise_level=0.574)
   ✅  GP: 242 muestras, 21 features
   🔄  Aplicando feedback XGBoost a pesos manuales...

   📊  Importancias blend (XGB+LGBM):
      fl_rate                    0.286  
      avg_grid                   0.171  
      momentum_pos               0.136  
      avg_finish                 0.081  
      champ_pts                  0.076  
      sprint_pts                 0.054  
      predicted_quali_pos        0.036  
      overtaking_ability         0.028  
      dnf_rate                   0.026  
      recent_form                0.021  
   🏆  Top feature esta carrera: fl_rate (0.286)
   ⚠  No se pudieron guardar priors: Object of type float32 is not JSON serializable

🧠  LSTM momentum model...
   ⚠  torch not installed — LSTM skipped  (pip install torch)

🕸️  GNN overtaking model...
   ⚠  torch not installed — GNN skipped  (pip install torch)

🔩  Calculando fiabilidad y riesgo por componente...

🏎️  Pirelli compound selection...
   🏎️  Compounds (cached): C3/C4/C5 → softness 1.00  [historical default]
🎲  Corriendo 10,000 simulaciones Monte Carlo...
   🚦  SC/VSC prob: 40%  (λ=0.51, ~0.5 SC esperados por carrera)
   🔁  Undercut prob: 50%  (ventana óptima laps 18–23, compound scale ×1.10)
   🥊  Head-to-head: 0/253 pares lopsided (>95% / <5%)
   ✅  Simulaciones completadas.
💾  Head-to-head matrix guardada en: f1_runs/R13_H2H_MATRIX.csv

🧠  Actualizando priors bayesianos con carrera 12...
   ⚠  No se pudieron guardar priors: Object of type float32 is not JSON serializable
   💾  Priors guardados en: ./f1_2026_bayesian_priors.json
   📊  Mayores ajustes acumulados:
      VER: ×0.896 (⬇ sobreestimado)
      ALO: ×1.065 (⬆ subestimado)
      PER: ×1.039 (⬆ subestimado)
   ⚠  No se pudieron guardar priors: Object of type float32 is not JSON serializable

📐  Brier Score R8 (Austrian Grand Prix) [bootstrapped]: 0.0301  (predicho: RUS  |  ganador real: RUS)

🔄  Corriendo validación LOO (12 carreras)...

📐  VALIDACIÓN LOO — Historial de temporada (Leave-One-Race-Out)
  Rd   Carrera                            Brier    Pred   Real   Roll-3
  ────────────────────────────────────────────────────────────────────
  R1   Australian Grand Prix              0.0403  ANT    RUS     [0.0403]
  R2   Chinese Grand Prix                 0.0332  ANT    ANT   ✓ [0.0368]
  R3   Japanese Grand Prix                0.0333  ANT    ANT   ✓ [0.0356]
  R4   Miami Grand Prix                   0.0370  ANT    ANT   ✓ [0.0345]
  R5   Canadian Grand Prix                0.0369  ANT    ANT   ✓ [0.0357]
  R6   Monaco Grand Prix                  0.0320  ANT    ANT   ✓ [0.0353]
  R7   Barcelona Grand Prix               0.0418  ANT    HAM     [0.0369]
  R8   Austrian Grand Prix                0.0543  ANT    RUS     [0.0427]
  R10  Belgian Grand Prix                 0.0320  ANT    ANT   ✓ [0.0427]
  R11  Hungarian Grand Prix               0.0529  ANT    NOR     [0.0464]
  R12  Dutch Grand Prix                   0.0412  VER    NOR     [0.0420]
  ────────────────────────────────────────────────────────────────────
  Media LOO                               0.0395   (6/11 ganadores correctos)
  Tendencia (ú3 vs p3): 0.0356 → 0.0420  [↓ empeorando]

📏  CALIBRACIÓN DEL MODELO (11 carreras LOO)
  Bucket    Predicciones  Ganadas  Tasa real  Estado
  ────────────────────────────────────────────────────────────
  0-5%               217        3       1.4%  ✓ calibrado
  5-10%               28        4      14.3%  ~ subestimado
  10-15%               4        2      50.0%  ↑ muy subestimado
  15-20%               2        2     100.0%  ↑ muy subestimado
  20%+                 2        0       0.0%  ↑ muy sobreestimado
  ────────────────────────────────────────────────────────────
  Calibration score (MAE): 36.08pp  [mejorable]  (0 = perfecto, <5pp = bueno)

   🔬  Stacking meta-modelo — pesos aprendidos por tipo de circuito:
      high_speed  : XGB 0.50  LGBM 0.50  (4 rondas)
      street      : XGB 0.50  LGBM 0.50  (2 rondas)
      technical   : XGB 0.50  LGBM 0.50  (3 rondas)
      mixed       : XGB 0.50  LGBM 0.50  (2 rondas)
   💾  Meta-modelo guardado (11 rondas, R12)
   ⚠  No se pudieron guardar priors: Object of type float32 is not JSON serializable

══════════════════════════════════════════════════════════════════════
  🏎   F1 2026  ·  PREDICCIÓN DE CARRERA
══════════════════════════════════════════════════════════════════════
  Carrera         : Italian Grand Prix
  Circuito        : Autodromo Nazionale di Monza  —  Italy
  Fecha           : 2026-09-06
  Carreras usadas : 12
  Modelo          : XGBoost Quali+Race + Feedback Loop
  Clima           : ☀  Seco esperado  |  Pista ~37°C  |  Humedad 56%  [nowcast]
══════════════════════════════════════════════════════════════════════

  📊  TABLA 1 — PREDICCIÓN DE VICTORIA

╭─────┬───────────────────────┬──────────────┬───────┬─────────────────────────────┬──────────────┬────────────┬─────────────╮
│     │ Piloto                │ Equipo       │   Pts │ 🎲 Ganar MC                  │ 🏆 Podio MC   │   Pos Esp. │ Intervalo   │
├─────┼───────────────────────┼──────────────┼───────┼─────────────────────────────┼──────────────┼────────────┼─────────────┤
│  🥇  │ Andrea Kimi Antonelli │ Mercedes     │   242 │ 19.4%  █████████░░░░░░░░░░░ │ 42.5%        │        5   │ P1 – P11    │
│  🥈  │ Lewis Hamilton        │ Ferrari      │   183 │ 13.9%  ██████░░░░░░░░░░░░░░ │ 34.1%        │        6   │ P1 – P12    │
│  🥉  │ Charles Leclerc       │ Ferrari      │   155 │ 8.9%  ████░░░░░░░░░░░░░░░░  │ 25.0%        │        6.7 │ P1 – P13    │
│ 4.  │ George Russell        │ Mercedes     │   183 │ 7.2%  ███░░░░░░░░░░░░░░░░░  │ 21.6%        │        7.2 │ P2 – P13    │
│ 5.  │ Lando Norris          │ McLaren      │   159 │ 7.1%  ███░░░░░░░░░░░░░░░░░  │ 21.3%        │        6.9 │ P2 – P13    │
│ 6.  │ Max Verstappen        │ Red Bull     │   112 │ 4.9%  ██░░░░░░░░░░░░░░░░░░  │ 15.4%        │        7.9 │ P2 – P14    │
│ 7.  │ Oscar Piastri         │ McLaren      │   104 │ 5.5%  ██░░░░░░░░░░░░░░░░░░  │ 16.7%        │        7.5 │ P2 – P13    │
│ 8.  │ Isack Hadjar          │ Red Bull     │    68 │ 3.3%  █░░░░░░░░░░░░░░░░░░░  │ 12.2%        │        8.4 │ P2 – P14    │
│ 9.  │ Liam Lawson           │ Racing Bulls │    49 │ 4.0%  ██░░░░░░░░░░░░░░░░░░  │ 13.4%        │        7.8 │ P2 – P14    │
│ 10. │ Arvid Lindblad        │ Racing Bulls │    23 │ 2.5%  █░░░░░░░░░░░░░░░░░░░  │ 9.7%         │        8.1 │ P2 – P14    │
│ 11. │ Pierre Gasly          │ Alpine       │    44 │ 2.8%  █░░░░░░░░░░░░░░░░░░░  │ 10.1%        │        8.2 │ P2 – P14    │
│ 12. │ Nico Hülkenberg       │ Audi         │     6 │ 2.3%  █░░░░░░░░░░░░░░░░░░░  │ 8.3%         │        8.6 │ P3 – P14    │
│ 13. │ Gabriel Bortoleto     │ Audi         │    10 │ 2.4%  █░░░░░░░░░░░░░░░░░░░  │ 8.2%         │        8.6 │ P3 – P14    │
│ 14. │ Franco Colapinto      │ Alpine       │    19 │ 2.2%  █░░░░░░░░░░░░░░░░░░░  │ 8.7%         │        8.7 │ P3 – P14    │
│ 15. │ Yuki Tsunoda          │ Racing Bulls │     0 │ 2.9%  █░░░░░░░░░░░░░░░░░░░  │ 11.2%        │        8.7 │ P3 – P14    │
│ 16. │ Oliver Bearman        │ Haas         │    18 │ 1.7%  ░░░░░░░░░░░░░░░░░░░░  │ 6.2%         │        9   │ P3 – P15    │
│ 17. │ Carlos Sainz          │ Williams     │     6 │ 2.0%  ░░░░░░░░░░░░░░░░░░░░  │ 7.1%         │        9   │ P3 – P15    │
│ 18. │ Esteban Ocon          │ Haas         │     3 │ 1.7%  ░░░░░░░░░░░░░░░░░░░░  │ 6.5%         │        9.2 │ P3 – P15    │
│ 19. │ Fernando Alonso       │ Aston Martin │     3 │ 0.9%  ░░░░░░░░░░░░░░░░░░░░  │ 3.8%         │       10   │ P4 – P15    │
│ 20. │ Alexander Albon       │ Williams     │     5 │ 1.3%  ░░░░░░░░░░░░░░░░░░░░  │ 5.9%         │        9.5 │ P3 – P15    │
│ 21. │ Sergio Pérez          │ Cadillac     │     0 │ 1.4%  ░░░░░░░░░░░░░░░░░░░░  │ 5.3%         │        9.4 │ P3 – P15    │
│ 22. │ Lance Stroll          │ Aston Martin │     0 │ 0.7%  ░░░░░░░░░░░░░░░░░░░░  │ 3.0%         │       10.2 │ P4 – P16    │
│ 23. │ Valtteri Bottas       │ Cadillac     │     0 │ 0.9%  ░░░░░░░░░░░░░░░░░░░░  │ 3.7%         │        9.6 │ P4 – P15    │
╰─────┴───────────────────────┴──────────────┴───────┴─────────────────────────────┴──────────────┴────────────┴─────────────╯

  📈  PROBABILIDADES — Ganar & Podio  (todos los pilotos)

    ANT     19.4% win  (P10: 14.9% — P90: 24.0%)  │   42.5% podio
    HAM     13.9% win  (P10: 9.0% — P90: 18.1%)  │   34.1% podio
    LEC      8.9% win  (P10: 6.0% — P90: 13.0%)  │   25.0% podio
    RUS      7.2% win  (P10: 4.0% — P90: 10.1%)  │   21.6% podio
    NOR      7.1% win  (P10: 4.0% — P90: 10.0%)  │   21.3% podio
    VER      4.9% win  (P10: 2.0% — P90: 7.0%)  │   15.4% podio
    PIA      5.5% win  (P10: 2.0% — P90: 8.0%)  │   16.7% podio
    HAD      3.3% win  (P10: 1.0% — P90: 6.0%)  │   12.2% podio
    LAW      4.0% win  (P10: 2.0% — P90: 6.0%)  │   13.4% podio
    LIN      2.5% win  │    9.7% podio
    GAS      2.8% win  │   10.1% podio
    HUL      2.3% win  │    8.3% podio
    BOR      2.4% win  │    8.2% podio
    COL      2.2% win  │    8.7% podio
    TSU      2.9% win  │   11.2% podio
    BEA      1.7% win  │    6.2% podio
    SAI      2.0% win  │    7.1% podio
    OCO      1.7% win  │    6.5% podio
    ALO      0.9% win  │    3.8% podio
    ALB      1.3% win  │    5.9% podio
    PER      1.4% win  │    5.3% podio
    STR      0.7% win  │    3.0% podio
    BOT      0.9% win  │    3.7% podio

  🔮  Predicción más incierta       : STR (epistémica: 0.00, aleatoria: 2.8)


  🔬  TABLA 2 — DETALLE TÉCNICO  (Top 10)

╭─────┬───────────────────────┬──────────────┬────────────┬────────────┬────────────┬─────────┬─────────────┬────────────┬───────────────╮
│     │ Piloto                │ Qualy Next   │ FP Next%   │   Fin Prom │   Forma(3) │ Fiab%   │ DNFs/Carr   │   Deg Neum │   Δ Compañero │
├─────┼───────────────────────┼──────────────┼────────────┼────────────┼────────────┼─────────┼─────────────┼────────────┼───────────────┤
│  🥇  │ Andrea Kimi Antonelli │ P22          │ +0.00%     │        2.7 │         18 │ 90.5%   │ 1/11        │          0 │          4.09 │
│  🥈  │ Lewis Hamilton        │ P22          │ +0.00%     │        4   │         11 │ 95.8%   │ 0/11        │          0 │          2.82 │
│  🥉  │ Charles Leclerc       │ P22          │ +0.00%     │        5.4 │         12 │ 85.3%   │ 2/11        │          0 │         -2.82 │
│ 4.  │ George Russell        │ P22          │ +0.00%     │        5.7 │         11 │ 85.3%   │ 2/11        │          0 │         -4.09 │
│ 5.  │ Lando Norris          │ P22          │ +0.00%     │        3.6 │         21 │ 80.0%   │ 3/11        │          0 │          1.18 │
│ 6.  │ Max Verstappen        │ P22          │ +0.00%     │        6.4 │          9 │ 80.0%   │ 3/11        │          0 │          2.4  │
│ 7.  │ Oscar Piastri         │ P22          │ +0.00%     │        7   │          6 │ 74.7%   │ 4/11        │          0 │         -1.18 │
│ 8.  │ Isack Hadjar          │ P22          │ +0.00%     │        6.2 │          8 │ 73.3%   │ 4/10        │          0 │         -2.4  │
│ 9.  │ Liam Lawson           │ P22          │ +0.00%     │        8.4 │          4 │ 64.2%   │ 6/11        │          0 │          1.86 │
│ 10. │ Arvid Lindblad        │ P22          │ +0.00%     │       10.5 │          1 │ 53.7%   │ 8/11        │          0 │         -1.73 │
╰─────┴───────────────────────┴──────────────┴────────────┴────────────┴────────────┴─────────┴─────────────┴────────────┴───────────────╯

  ──────────────────────────────────────────────────────────────────────
  ✅  PROBABLE GANADOR  :  Andrea Kimi Antonelli  (Mercedes)
  🎲  Monte Carlo       :  19.4% ganar  |  42.5% podio  |  90.4% terminar
  📊  Posición esperada :  5.0  (intervalo P10=1 – P90=11)
──────────────────────────────────────────────────────────────────────
  ⚠   Modelo estadístico + 10,000 simulaciones Monte Carlo.
      Estrategia, clima y mecánica pueden cambiar cualquier predicción.

💾  Resultados guardados en: f1_2026_predicciones.csv


[exit 0]
