# F1 Auto Runner — R14 / Q
# Started : 2026-09-12T18:23:04.319748+00:00
############################################################

>>> f1_2026_predictor.py

📅  Descargando calendario 2026...
   ✅  23 carreras encontradas en el calendario.

📅  Calendario 2026: 23 carreras
🔍  Verificando rondas completadas...
   ✅  Ronda 1: Australian Grand Prix — completa
   ✅  Ronda 2: Chinese Grand Prix — completa
   ✅  Ronda 3: Japanese Grand Prix — completa
   ✅  Ronda 4: Miami Grand Prix — completa
   ✅  Ronda 5: Canadian Grand Prix — completa
   ✅  Ronda 6: Monaco Grand Prix — completa
   ✅  Ronda 7: Barcelona Grand Prix — completa
   ✅  Ronda 8: Austrian Grand Prix — completa
   ✅  Ronda 9: British Grand Prix — completa
   ✅  Ronda 10: Belgian Grand Prix — completa
   ✅  Ronda 11: Hungarian Grand Prix — completa
   ✅  Ronda 12: Dutch Grand Prix — completa
   ✅  Ronda 13: Italian Grand Prix — completa
   ⏳  Ronda 14 — aún no disputada
   ⏳  Ronda 15 — aún no disputada
   ⏳  Ronda 16 — aún no disputada
   ⏳  Ronda 17 — aún no disputada
   ⏳  Ronda 18 — aún no disputada
   ⏳  Ronda 19 — aún no disputada
   ⏳  Ronda 20 — aún no disputada
   ⏳  Ronda 21 — aún no disputada
   ⏳  Ronda 22 — aún no disputada
   ⏳  Ronda 23 — aún no disputada
   Completadas : [1, 2, 3, 4, 5, 6, 7, 8, 9, 10, 11, 12, 13]
   Próxima     : Ronda 14
🏆  Descargando standings de pilotos...
🏗   Descargando standings de constructores...
🏁  Descargando resultados de 13 carrera(s)...
⏱   Descargando resultados de clasificación...
🏃  Descargando resultados de sprint...

🔍  Descargando session keys de OpenF1...
   ✅  131 sesiones encontradas en OpenF1
🔍  Verificando disponibilidad de datos de telemetría...
   ✅  OpenF1 tiene datos de vueltas — usando OpenF1 como fuente primaria
🔴  Degradación de neumáticos (OpenF1)...
🚀  Rendimiento vuelta 1 (OpenF1)...
   ⏳  Rate limit — esperando 1s...
   ⏳  Rate limit — esperando 2s...
   ⏳  Rate limit — esperando 4s...
📈  Consistencia de vueltas (OpenF1)...
   ⏳  Rate limit — esperando 1s...
   ⏳  Rate limit — esperando 2s...
   ⏳  Rate limit — esperando 4s...
   ⏳  Rate limit — esperando 1s...
   ⏳  Rate limit — esperando 2s...
   ⏳  Rate limit — esperando 4s...
   ⏳  Rate limit — esperando 1s...
   ⏳  Rate limit — esperando 2s...
   ⏳  Rate limit — esperando 4s...
🏋   Ritmo de prácticas libres normalizado (OpenF1)...
   ⏳  Rate limit — esperando 1s...
   ⏳  Rate limit — esperando 2s...
   ⏳  Rate limit — esperando 4s...
   ⏳  Rate limit — esperando 1s...
   ⏳  Rate limit — esperando 2s...
   ⏳  Rate limit — esperando 4s...
   ⏳  Rate limit — esperando 1s...
   ⏳  Rate limit — esperando 2s...
   ⏳  Rate limit — esperando 4s...
   ⏳  Rate limit — esperando 1s...
   ⏳  Rate limit — esperando 2s...
   ⏳  Rate limit — esperando 4s...
   ⏳  Rate limit — esperando 1s...
   ⏳  Rate limit — esperando 2s...
   ⏳  Rate limit — esperando 4s...
   ⏳  Rate limit — esperando 1s...
   ⏳  Rate limit — esperando 2s...
   ⏳  Rate limit — esperando 4s...
   ⏳  Rate limit — esperando 1s...
   ⏳  Rate limit — esperando 2s...
   ⏳  Rate limit — esperando 4s...
   ⏳  Rate limit — esperando 1s...
   ⏳  Rate limit — esperando 2s...
   ⏳  Rate limit — esperando 4s...
🟡  Rendimiento bajo Safety Car (OpenF1)...
🔧  Pit stops (OpenF1)...
   ⏳  Rate limit — esperando 1s...
   ⏳  Rate limit — esperando 2s...
   ⏳  Rate limit — esperando 4s...
   ⏳  Rate limit — esperando 1s...
   ⏳  Rate limit — esperando 2s...
   ⏳  Rate limit — esperando 4s...
   ⏳  Rate limit — esperando 1s...
   ⏳  Rate limit — esperando 2s...
   ⏳  Rate limit — esperando 4s...
   ⏳  Rate limit — esperando 1s...
   ⏳  Rate limit — esperando 2s...
   ⏳  Rate limit — esperando 4s...
📋  Calculando penalizaciones acumuladas...
   ⚠  Circuit ID desconocido para 'Madring' — sin affinity
🔢  Tiempos por sector (OpenF1)...
   ⏳  Rate limit — esperando 1s...
   ⏳  Rate limit — esperando 2s...
   ⏳  Rate limit — esperando 4s...
   ⏳  Rate limit — esperando 1s...
   ⏳  Rate limit — esperando 2s...
   ⏳  Rate limit — esperando 4s...
🗂   Calculando perfil por tipo de circuito...
🔑  Gap qualifying vs compañero (OpenF1)...
   ⏳  Rate limit — esperando 1s...
   ⏳  Rate limit — esperando 2s...
   📊  Fuente de datos de vuelta: OpenF1
   🏁  Circuito: Madring
   🗂   Tipo: mixed  |  Dificultad adelantar: 0.55
   ⚖   Peso qualifying dinámico: 30.8%

🎯  Descargando datos pre-carrera del próximo GP (Ronda 14)...
🏆  Descargando clasificación del próximo GP (sk=11365)...
   ✅  21 pilotos en clasificación del próximo GP
   🏎  POLE: NOR — 91.824s
   ⏳  Rate limit — esperando 1s...
   ⏳  Rate limit — esperando 2s...
   ⏳  Rate limit — esperando 4s...
   ⏳  Rate limit — esperando 1s...
   ⏳  Rate limit — esperando 2s...
   ⏳  Rate limit — esperando 4s...
   ✅  Prácticas del próximo GP disponibles: FP1, FP2
   🔷  Speed trap classes: i1=medium (207 km/h), i2=high (231 km/h)
   🏁  Race sims FP1 detectados: 19 pilotos (ref campo: 123.040s)

🔴  Calculando inventario de neumáticos (sesiones completadas)...
   ⏳  Rate limit — esperando 1s...
   ⏳  Rate limit — esperando 2s...
   ⏳  Rate limit — esperando 4s...
   ⏳  Rate limit — esperando 1s...
   ⏳  Rate limit — esperando 2s...
   ⏳  Rate limit — esperando 4s...
   ⏳  Rate limit — esperando 1s...
   📊  Tyre inventory FP3 R14: 22 pilotos (fetched)

🏎️  Corner telemetry analysis (FastF1)...
   ℹ️  Corner telemetry: 'Madring' not in CIRCUIT_CORNERS — neutral
   ✅  Clasificación del próximo GP cargada (21 pilotos)
   ✅  Prácticas del próximo GP cargadas (22 pilotos)
🌤   Consultando datos de clima (Open-Meteo)...
   ⚠  Coordenadas no encontradas para Madring — agrega al diccionario CIRCUIT_COORDS
🚦  Buscando penalizaciones de parrilla...

🧬  Cargando perfiles comportamentales...
   📂  Perfiles cargados desde caché (0.0d antigüedad, 29 pilotos)

   📊  TOP 5 POR MÉTRICA COMPORTAMENTAL 2023-2025:
   Adelantadores netos desde P6-P15:
     1. VER    +5.111
     2. PER    +4.579
     3. HAM    +2.621
     4. RUS    +1.833
     5. LEC    +1.824
   Consistencia en clasificación (σ vs compañero):
     1. SAR    +2.716
     2. BOT    +3.475
     3. ZHO    +3.475
     4. DEV    +3.606
     5. HAD    +3.991
   Especialistas en lluvia (neg = mejor en mojado):
     1. SAR    -5.513
     2. ALB    -5.174
     3. BOT    -4.919
     4. OCO    -4.498
     5. ZHO    -4.182
   Fiabilidad histórica 2023-2025 (menor DNF%):
     1. VER    +0.033
     2. NOR    +0.100
     3. HAM    +0.117
     4. RUS    +0.133
     5. PIA    +0.150
   Gestión de neumáticos (ganancia últimas 20% vueltas):
     1. COL    +0.375
     2. DEV    +0.222
     3. PER    +0.154
     4. STR    +0.143
     5. VER    +0.140


🎙️  Analizando sentimiento de rueda de prensa...
   🌐  Transcripción encontrada: https://www.fia.com/news/2026-spanish-grand-prix-thursday-press-confer...

🔨  Construyendo matriz de features...
   🔥  Rachas de podio activas:
      ANT    4 carreras top-3 consecutivas (score=0.60)
      RUS    2 carreras top-3 consecutivas (score=0.30)
      VER    1 carreras top-3 consecutivas (score=0.15)
   💥  Post-DNF bounce (última carrera): ALB, ALO, BOT, LEC, OCO, PER, STR
   ⚡  Top 5 sector balance (σ deltas S1/S2/S3 — menor = más consistente):
      PIA    σ=0.071s  ΔS1:+0.326  ΔS2:+0.184  ΔS3:+0.252
      ALO    σ=0.090s  ΔS1:+1.305  ΔS2:+1.139  ΔS3:+1.283
      NOR    σ=0.096s  ΔS1:+0.000  ΔS2:+0.031  ΔS3:+0.180
      HAD    σ=0.100s  ΔS1:+0.512  ΔS2:+0.704  ΔS3:+0.659
      RUS    σ=0.103s  ΔS1:+0.136  ΔS2:+0.304  ΔS3:+0.117
   🔷  Top 5 perfil de curvas (mixed, negativo = más rápido):
      LIN    +3.904%
      BOR    +5.461%
      COL    +6.359%
      HUL    +6.818%
      HAD    +6.856%
   🏁  Top 5 ritmo carrera FP1 (negativo = más rápido vs campo):
      LIN    -17.988%
      HUL    -11.160%
      NOR    -9.625%
      BOR    -5.478%
      LEC    -5.114%
   🧬  Perfiles comportamentales: 22/23 pilotos con datos 2023-2025
   🔍  IsolationForest: 2 anomalías (1 sandbagging, 0 struggling, 0 race threats)
   🚨  PACE ANOMALY FLAGS:
   ⚠  NOR — SANDBAGGING: FP3 suggested P23, qualified P1 (hiding pace)
      HUL    +0.999  ███████████████████
      OCO    +0.996  ███████████████████
      LIN    +0.994  ███████████████████
      GAS    +0.982  ███████████████████
      LEC    +0.979  ███████████████████

🔴  Inventario de neumáticos (sesiones de práctica completadas):
   ALB  : 7 soft new, 3 med new, 2 hard new
   LIN  : 7 soft new, 3 med new, 1 hard new
   HUL  : 6 soft new, 2 med new, 2 hard new
   BOR  : 6 soft new, 3 med new, 2 hard new
   RUS  : 6 soft new, 3 med new, 2 hard new
   HAM  : 6 soft new, 3 med new, 2 hard new
   ANT  : 6 soft new, 3 med new, 2 hard new
   HAD  : 6 soft new, 2 med new, 2 hard new
   NOR  : 6 soft new, 3 med new, 2 hard new
   BOT  : 5 soft new, 3 med new, 2 hard new
   22   : 5 soft new, 3 med new, 2 hard new
   ALO  : 5 soft new, 3 med new, 2 hard new
   STR  : 5 soft new, 3 med new, 2 hard new
   LEC  : 5 soft new, 3 med new, 2 hard new
   PIA  : 5 soft new, 3 med new, 2 hard new
   RIC  : 5 soft new, 3 med new, 2 hard new
   PER  : 4 soft new, 3 med new, 2 hard new  ⚠ BAJO
   SAI  : 4 soft new, 3 med new, 2 hard new  ⚠ BAJO
   GAS  : 4 soft new, 3 med new, 2 hard new  ⚠ BAJO
   COL  : 3 soft new, 3 med new, 2 hard new  ⚠ BAJO
   BEA  : 3 soft new, 3 med new, 2 hard new  ⚠ BAJO
   OCO  : 3 soft new, 3 med new, 2 hard new  ⚠ BAJO
   (field avg: 5.1 soft new remaining)

🧠  Cargando priors bayesianos...
   📂  Primera ejecución — sin priors previos

💾  Modo modelo: full retrain (guardado R-1 → actual R13)

🤖  Activando XGBoost + LightGBM + GP — Quali+Race (13 carreras ≥ 6)...
   🏎  XGB quali model → pole predicted: RUS (P3.0)
   ✅  XGBoost Race MAE (LOO): 3.77 posiciones
   ✅  XGBoost: entrenamiento completo (286 muestras)
   📊  Top features XGBoost (race model):
      momentum_pos           0.248  ████████████████████████
      avg_finish             0.175  █████████████████
      avg_sector_delta       0.115  ███████████
      recent_form            0.100  ██████████
      predicted_quali_pos    0.053  █████
   ⚠  lightgbm no instalado — omitiendo LGBM
   🌊  GP top-5 predicciones (σ = incertidumbre por datos escasos):
      ANT   P 4.1  σ=4.92  ▪▪▪▪▪▪▪▪▪▪▪▪▪▪▪▪▪▪▪▪
      HAM   P 4.7  σ=4.86  ▪▪▪▪▪▪▪▪▪▪▪▪▪▪▪▪▪▪▪▪
      NOR   P 6.5  σ=4.86  ▪▪▪▪▪▪▪▪▪▪▪▪▪▪▪▪▪▪▪▪
      RUS   P 6.7  σ=4.88  ▪▪▪▪▪▪▪▪▪▪▪▪▪▪▪▪▪▪▪▪
      LEC   P 7.8  σ=4.90  ▪▪▪▪▪▪▪▪▪▪▪▪▪▪▪▪▪▪▪▪
   🔧  Kernel optimizado: RBF(length_scale=10) + WhiteKernel(noise_level=0.565)
   ✅  GP: 286 muestras, 21 features
   ⭐  Clasificación del próximo GP disponible → peso dominante 55%
   🔄  Aplicando feedback XGBoost a pesos manuales...

   📊  Importancias blend (XGB+LGBM):
      momentum_pos               0.248  
      avg_finish                 0.175  
      avg_sector_delta           0.115  
      recent_form                0.100  
      predicted_quali_pos        0.053  
      overtaking_ability         0.052  
      fl_rate                    0.041  
      champ_pts                  0.028  
      avg_grid                   0.026  
      sprint_pts                 0.022  
   🏆  Top feature esta carrera: momentum_pos (0.248)
   ⚠  No se pudieron guardar priors: Object of type float32 is not JSON serializable

🧠  LSTM momentum model...
   ⚠  torch not installed — LSTM skipped  (pip install torch)

🕸️  GNN overtaking model...
   ⚠  torch not installed — GNN skipped  (pip install torch)

🔩  Calculando fiabilidad y riesgo por componente...

🏎️  Pirelli compound selection...
   🏎️  Compounds (cached): C3/C4/C5 → softness 1.00  [confirmed ✓]
🎲  Corriendo 10,000 simulaciones Monte Carlo...
   🚦  SC/VSC prob: 50%  (λ=0.69, ~0.7 SC esperados por carrera)
   🔁  Undercut prob: 44%  (ventana óptima laps 16–20, compound scale ×1.10)
   🥊  Head-to-head: 0/253 pares lopsided (>95% / <5%)
   ✅  Simulaciones completadas.
💾  Head-to-head matrix guardada en: f1_runs/R14_H2H_MATRIX.csv

🧠  Actualizando priors bayesianos con carrera 13...
   ⚠  No se pudieron guardar priors: Object of type float32 is not JSON serializable
   💾  Priors guardados en: ./f1_2026_bayesian_priors.json
   📊  Mayores ajustes acumulados:
      LEC: ×0.889 (⬇ sobreestimado)
      VER: ×1.072 (⬆ subestimado)
      TSU: ×1.059 (⬆ subestimado)
   ⚠  No se pudieron guardar priors: Object of type float32 is not JSON serializable

📐  Brier Score R8 (Austrian Grand Prix) [bootstrapped]: 0.0301  (predicho: RUS  |  ganador real: RUS)

🔄  Corriendo validación LOO (13 carreras)...

📐  VALIDACIÓN LOO — Historial de temporada (Leave-One-Race-Out)
  Rd   Carrera                            Brier    Pred   Real   Roll-3
  ────────────────────────────────────────────────────────────────────
  R1   Australian Grand Prix              0.0371  RUS    RUS   ✓ [0.0371]
  R2   Chinese Grand Prix                 0.0400  RUS    ANT     [0.0386]
  R3   Japanese Grand Prix                0.0402  RUS    ANT     [0.0391]
  R4   Miami Grand Prix                   0.0395  RUS    ANT     [0.0399]
  R5   Canadian Grand Prix                0.0405  RUS    ANT     [0.0401]
  R6   Monaco Grand Prix                  0.0399  RUS    ANT     [0.0400]
  R7   Barcelona Grand Prix               0.0410  RUS    HAM     [0.0405]
  R8   Austrian Grand Prix                0.0373  RUS    RUS   ✓ [0.0394]
  R9   British Grand Prix                 0.0424  RUS    LEC     [0.0402]
  R10  Belgian Grand Prix                 0.0409  RUS    ANT     [0.0402]
  R11  Hungarian Grand Prix               0.0406  RUS    NOR     [0.0413]
  R12  Dutch Grand Prix                   0.0412  RUS    NOR     [0.0409]
  R13  Italian Grand Prix                 0.0407  RUS    ANT     [0.0408]
  ────────────────────────────────────────────────────────────────────
  Media LOO                               0.0401   (2/13 ganadores correctos)
  Tendencia (ú3 vs p3): 0.0391 → 0.0408  [→ estable]

📏  CALIBRACIÓN DEL MODELO (13 carreras LOO)
  Bucket    Predicciones  Ganadas  Tasa real  Estado
  ────────────────────────────────────────────────────────────
  0-5%               245        1       0.4%  ✓ calibrado
  5-10%               52       12      23.1%  ↑ muy subestimado
  10-15%               2        0       0.0%  ~ sobreestimado
  15-20%               —        —          —  —
  20%+                 —        —          —  —
  ────────────────────────────────────────────────────────────
  Calibration score (MAE): 10.06pp  [mejorable]  (0 = perfecto, <5pp = bueno)

   🔬  Stacking meta-modelo — pesos aprendidos por tipo de circuito:
      high_speed  : XGB 0.50  LGBM 0.50  (6 rondas)
      street      : XGB 0.50  LGBM 0.50  (2 rondas)
      technical   : XGB 0.50  LGBM 0.50  (3 rondas)
      mixed       : XGB 0.50  LGBM 0.50  (2 rondas)
   💾  Meta-modelo guardado (13 rondas, R13)
   ⚠  No se pudieron guardar priors: Object of type float32 is not JSON serializable

══════════════════════════════════════════════════════════════════════
  🏎   F1 2026  ·  PREDICCIÓN DE CARRERA
══════════════════════════════════════════════════════════════════════
  Carrera         : Spanish Grand Prix
  Circuito        : Madring  —  Spain
  Fecha           : 2026-09-13
  Carreras usadas : 13
  Modelo          : XGBoost Quali+Race + Feedback Loop
  Clima           : ☀  Seco esperado  [horario]
══════════════════════════════════════════════════════════════════════

  📊  TABLA 1 — PREDICCIÓN DE VICTORIA

╭─────┬───────────────────────┬──────────────┬───────┬─────────────────────────────┬──────────────┬────────────┬─────────────╮
│     │ Piloto                │ Equipo       │   Pts │ 🎲 Ganar MC                  │ 🏆 Podio MC   │   Pos Esp. │ Intervalo   │
├─────┼───────────────────────┼──────────────┼───────┼─────────────────────────────┼──────────────┼────────────┼─────────────┤
│  🥇  │ Andrea Kimi Antonelli │ Mercedes     │   267 │ 19.1%  █████████░░░░░░░░░░░ │ 42.4%        │        5.1 │ P1 – P11    │
│  🥈  │ Lando Norris          │ McLaren      │   171 │ 14.7%  ███████░░░░░░░░░░░░░ │ 35.5%        │        5.4 │ P1 – P12    │
│  🥉  │ Lewis Hamilton        │ Ferrari      │   191 │ 10.4%  █████░░░░░░░░░░░░░░░ │ 28.1%        │        6.8 │ P1 – P13    │
│ 4.  │ George Russell        │ Mercedes     │   201 │ 7.5%  ███░░░░░░░░░░░░░░░░░  │ 21.9%        │        7.3 │ P2 – P13    │
│ 5.  │ Charles Leclerc       │ Ferrari      │   155 │ 5.6%  ██░░░░░░░░░░░░░░░░░░  │ 17.7%        │        7.7 │ P2 – P14    │
│ 6.  │ Oscar Piastri         │ McLaren      │   116 │ 6.1%  ███░░░░░░░░░░░░░░░░░  │ 18.5%        │        7.3 │ P2 – P13    │
│ 7.  │ Arvid Lindblad        │ Racing Bulls │    29 │ 3.9%  █░░░░░░░░░░░░░░░░░░░  │ 13.1%        │        7.7 │ P2 – P14    │
│ 8.  │ Gabriel Bortoleto     │ Audi         │    10 │ 3.5%  █░░░░░░░░░░░░░░░░░░░  │ 11.6%        │        7.8 │ P2 – P14    │
│ 9.  │ Franco Colapinto      │ Alpine       │    21 │ 3.3%  █░░░░░░░░░░░░░░░░░░░  │ 11.9%        │        8   │ P2 – P14    │
│ 10. │ Nico Hülkenberg       │ Audi         │     6 │ 2.6%  █░░░░░░░░░░░░░░░░░░░  │ 9.6%         │        8.2 │ P2 – P14    │
│ 11. │ Isack Hadjar          │ Red Bull     │    71 │ 2.6%  █░░░░░░░░░░░░░░░░░░░  │ 10.1%        │        9   │ P3 – P15    │
│ 12. │ Pierre Gasly          │ Alpine       │    41 │ 2.9%  █░░░░░░░░░░░░░░░░░░░  │ 9.9%         │        8.4 │ P3 – P14    │
│ 13. │ Esteban Ocon          │ Haas         │     3 │ 2.3%  █░░░░░░░░░░░░░░░░░░░  │ 7.9%         │        8.6 │ P3 – P14    │
│ 14. │ Max Verstappen        │ Red Bull     │   127 │ 2.4%  █░░░░░░░░░░░░░░░░░░░  │ 9.0%         │        9.4 │ P3 – P15    │
│ 15. │ Alexander Albon       │ Williams     │     5 │ 1.8%  ░░░░░░░░░░░░░░░░░░░░  │ 6.8%         │        8.9 │ P3 – P15    │
│ 16. │ Fernando Alonso       │ Aston Martin │     3 │ 0.9%  ░░░░░░░░░░░░░░░░░░░░  │ 3.8%         │        9.8 │ P4 – P15    │
│ 17. │ Carlos Sainz          │ Williams     │     6 │ 1.9%  ░░░░░░░░░░░░░░░░░░░░  │ 6.8%         │        9.2 │ P3 – P15    │
│ 18. │ Liam Lawson           │ Racing Bulls │    51 │ 2.1%  █░░░░░░░░░░░░░░░░░░░  │ 8.1%         │        9.2 │ P3 – P15    │
│ 19. │ Yuki Tsunoda          │ Racing Bulls │     1 │ 2.5%  █░░░░░░░░░░░░░░░░░░░  │ 9.5%         │        9.2 │ P3 – P15    │
│ 20. │ Sergio Pérez          │ Cadillac     │     0 │ 1.4%  ░░░░░░░░░░░░░░░░░░░░  │ 5.3%         │        9.4 │ P3 – P15    │
│ 21. │ Oliver Bearman        │ Haas         │    18 │ 1.1%  ░░░░░░░░░░░░░░░░░░░░  │ 5.9%         │        9.4 │ P3 – P15    │
│ 22. │ Valtteri Bottas       │ Cadillac     │     0 │ 1.0%  ░░░░░░░░░░░░░░░░░░░░  │ 4.0%         │        9.6 │ P3 – P15    │
│ 23. │ Lance Stroll          │ Aston Martin │     0 │ 0.5%  ░░░░░░░░░░░░░░░░░░░░  │ 2.6%         │       10.3 │ P4 – P16    │
╰─────┴───────────────────────┴──────────────┴───────┴─────────────────────────────┴──────────────┴────────────┴─────────────╯

  📈  PROBABILIDADES — Ganar & Podio  (todos los pilotos)

    ANT     19.1% win  (P10: 14.0% — P90: 24.0%)  │   42.4% podio
    NOR     14.7% win  (P10: 10.9% — P90: 19.1%)  │   35.5% podio
    HAM     10.4% win  (P10: 6.0% — P90: 14.0%)  │   28.1% podio
    RUS      7.5% win  (P10: 4.0% — P90: 12.0%)  │   21.9% podio
    LEC      5.6% win  (P10: 3.0% — P90: 9.0%)  │   17.7% podio
    PIA      6.1% win  (P10: 3.0% — P90: 9.0%)  │   18.5% podio
    LIN      3.9% win  (P10: 2.0% — P90: 6.0%)  │   13.1% podio
    BOR      3.5% win  (P10: 1.0% — P90: 6.1%)  │   11.6% podio
    COL      3.3% win  (P10: 1.0% — P90: 6.0%)  │   11.9% podio
    HUL      2.6% win  │    9.6% podio
    HAD      2.6% win  │   10.1% podio
    GAS      2.9% win  │    9.9% podio
    OCO      2.3% win  │    7.9% podio
    VER      2.4% win  │    9.0% podio
    ALB      1.8% win  │    6.8% podio
    ALO      0.9% win  │    3.8% podio
    SAI      1.9% win  │    6.8% podio
    LAW      2.1% win  │    8.1% podio
    TSU      2.5% win  │    9.5% podio
    PER      1.4% win  │    5.3% podio
    BEA      1.1% win  │    5.9% podio
    BOT      1.0% win  │    4.0% podio
    STR      0.5% win  │    2.6% podio

  🔮  Predicción más incierta       : ALB (epistémica: 0.00, aleatoria: 2.2)


  🔬  TABLA 2 — DETALLE TÉCNICO  (Top 10)

╭─────┬───────────────────────┬──────────────┬────────────┬────────────┬────────────┬─────────┬─────────────┬────────────┬───────────────╮
│     │ Piloto                │ Qualy Next   │ FP Next%   │   Fin Prom │   Forma(3) │ Fiab%   │ DNFs/Carr   │   Deg Neum │   Δ Compañero │
├─────┼───────────────────────┼──────────────┼────────────┼────────────┼────────────┼─────────┼─────────────┼────────────┼───────────────┤
│  🥇  │ Andrea Kimi Antonelli │ P2           │ -1.41%     │        2.9 │         21 │ 91.4%   │ 1/13        │     -4.519 │          2.54 │
│  🥈  │ Lando Norris          │ P1           │ +18.64%    │        3.6 │         18 │ 81.9%   │ 3/13        │     -1.36  │          1.54 │
│  🥉  │ Lewis Hamilton        │ P4           │ -1.22%     │        4.7 │         10 │ 96.2%   │ 0/13        │     -3.829 │          3.46 │
│ 4.  │ George Russell        │ P6           │ -1.25%     │        4.3 │         14 │ 86.7%   │ 2/13        │     -2.11  │         -2.54 │
│ 5.  │ Charles Leclerc       │ P5           │ -1.28%     │        7.1 │          6 │ 81.9%   │ 3/13        │     -1.107 │         -3.46 │
│ 6.  │ Oscar Piastri         │ P7           │ -0.77%     │        6.7 │          8 │ 77.1%   │ 4/13        │     -5.777 │         -1.54 │
│ 7.  │ Arvid Lindblad        │ P8           │ -0.10%     │        9.4 │          2 │ 58.1%   │ 8/13        │     -7.772 │         -1.23 │
│ 8.  │ Gabriel Bortoleto     │ P10          │ -1.04%     │       10.8 │          0 │ 58.1%   │ 8/13        │     -0.73  │          2.46 │
│ 9.  │ Franco Colapinto      │ P9           │ +0.73%     │       10.5 │          1 │ 62.9%   │ 7/13        │     -7.862 │         -1.54 │
│ 10. │ Nico Hülkenberg       │ P11          │ -0.01%     │       10.8 │          2 │ 53.3%   │ 9/13        │     -2.28  │         -2.46 │
╰─────┴───────────────────────┴──────────────┴────────────┴────────────┴────────────┴─────────┴─────────────┴────────────┴───────────────╯

  ──────────────────────────────────────────────────────────────────────
  ✅  PROBABLE GANADOR  :  Andrea Kimi Antonelli  (Mercedes)
  🎲  Monte Carlo       :  19.1% ganar  |  42.4% podio  |  91.9% terminar
  📊  Posición esperada :  5.1  (intervalo P10=1 – P90=11)
──────────────────────────────────────────────────────────────────────
  ⚠   Modelo estadístico + 10,000 simulaciones Monte Carlo.
      Estrategia, clima y mecánica pueden cambiar cualquier predicción.

💾  Resultados guardados en: f1_2026_predicciones.csv


[exit 0]
