# F1 Auto Runner — R14 / FP1
# Started : 2026-09-11T17:45:31.860482+00:00
############################################################

>>> f1_2026_predictor.py

📅  Descargando calendario 2026...
   ✅  23 carreras encontradas en el calendario.

📅  Calendario 2026: 23 carreras
🔍  Verificando rondas completadas...
   ✅  Ronda 1: Australian Grand Prix — completa
   ✅  Ronda 2: Chinese Grand Prix — completa
   ✅  Ronda 3: Japanese Grand Prix — completa
   ✅  Ronda 4: Miami Grand Prix — completa
   ✅  Ronda 5: Canadian Grand Prix — completa
   ✅  Ronda 6: Monaco Grand Prix — completa
   ✅  Ronda 7: Barcelona Grand Prix — completa
   ✅  Ronda 8: Austrian Grand Prix — completa
   ✅  Ronda 9: British Grand Prix — completa
   ✅  Ronda 10: Belgian Grand Prix — completa
   ✅  Ronda 11: Hungarian Grand Prix — completa
   ✅  Ronda 12: Dutch Grand Prix — completa
   ✅  Ronda 13: Italian Grand Prix — completa
   ⏳  Ronda 14 — aún no disputada
   ⏳  Ronda 15 — aún no disputada
   ⏳  Ronda 16 — aún no disputada
   ⏳  Ronda 17 — aún no disputada
   ⏳  Ronda 18 — aún no disputada
   ⏳  Ronda 19 — aún no disputada
   ⏳  Ronda 20 — aún no disputada
   ⏳  Ronda 21 — aún no disputada
   ⏳  Ronda 22 — aún no disputada
   ⏳  Ronda 23 — aún no disputada
   Completadas : [1, 2, 3, 4, 5, 6, 7, 8, 9, 10, 11, 12, 13]
   Próxima     : Ronda 14
🏆  Descargando standings de pilotos...
🏗   Descargando standings de constructores...
🏁  Descargando resultados de 13 carrera(s)...
⏱   Descargando resultados de clasificación...
🏃  Descargando resultados de sprint...

🔍  Descargando session keys de OpenF1...
   ✅  131 sesiones encontradas en OpenF1
🔍  Verificando disponibilidad de datos de telemetría...
   ✅  OpenF1 tiene datos de vueltas — usando OpenF1 como fuente primaria
🔴  Degradación de neumáticos (OpenF1)...
   ⏳  Rate limit — esperando 1s...
   ⏳  Rate limit — esperando 2s...
   ⏳  Rate limit — esperando 4s...
   ⏳  Rate limit — esperando 1s...
   ⏳  Rate limit — esperando 2s...
   ⏳  Rate limit — esperando 4s...
🚀  Rendimiento vuelta 1 (OpenF1)...
📈  Consistencia de vueltas (OpenF1)...
   ⏳  Rate limit — esperando 1s...
   ⏳  Rate limit — esperando 2s...
   ⏳  Rate limit — esperando 4s...
   ⏳  Rate limit — esperando 1s...
   ⏳  Rate limit — esperando 2s...
   ⏳  Rate limit — esperando 4s...
   ⏳  Rate limit — esperando 1s...
   ⏳  Rate limit — esperando 2s...
   ⏳  Rate limit — esperando 4s...
🏋   Ritmo de prácticas libres normalizado (OpenF1)...
   ⏳  Rate limit — esperando 1s...
   ⏳  Rate limit — esperando 2s...
   ⏳  Rate limit — esperando 4s...
   ⏳  Rate limit — esperando 1s...
   ⏳  Rate limit — esperando 2s...
   ⏳  Rate limit — esperando 4s...
   ⏳  Rate limit — esperando 1s...
   ⏳  Rate limit — esperando 2s...
   ⏳  Rate limit — esperando 4s...
   ⏳  Rate limit — esperando 1s...
   ⏳  Rate limit — esperando 2s...
   ⏳  Rate limit — esperando 4s...
   ⏳  Rate limit — esperando 1s...
   ⏳  Rate limit — esperando 2s...
   ⏳  Rate limit — esperando 4s...
🟡  Rendimiento bajo Safety Car (OpenF1)...
   ⏳  Rate limit — esperando 1s...
   ⏳  Rate limit — esperando 2s...
   ⏳  Rate limit — esperando 4s...
🔧  Pit stops (OpenF1)...
   ⏳  Rate limit — esperando 1s...
   ⏳  Rate limit — esperando 2s...
   ⏳  Rate limit — esperando 4s...
   ⏳  Rate limit — esperando 1s...
   ⏳  Rate limit — esperando 2s...
   ⏳  Rate limit — esperando 4s...
   ⏳  Rate limit — esperando 1s...
   ⏳  Rate limit — esperando 2s...
   ⏳  Rate limit — esperando 4s...
   ⏳  Rate limit — esperando 1s...
   ⏳  Rate limit — esperando 2s...
   ⏳  Rate limit — esperando 4s...
📋  Calculando penalizaciones acumuladas...
   ⚠  Circuit ID desconocido para 'Madring' — sin affinity
🔢  Tiempos por sector (OpenF1)...
🗂   Calculando perfil por tipo de circuito...
🔑  Gap qualifying vs compañero (OpenF1)...
   ⏳  Rate limit — esperando 1s...
   ⏳  Rate limit — esperando 2s...
   ⏳  Rate limit — esperando 4s...
   ⏳  Rate limit — esperando 1s...
   ⏳  Rate limit — esperando 2s...
   📊  Fuente de datos de vuelta: OpenF1
   🏁  Circuito: Madring
   🗂   Tipo: mixed  |  Dificultad adelantar: 0.55
   ⚖   Peso qualifying dinámico: 30.8%

🎯  Descargando datos pre-carrera del próximo GP (Ronda 14)...
🏆  Descargando clasificación del próximo GP (sk=11365)...
   ⚠  Sin datos de clasificación para el próximo GP
   ✅  Prácticas del próximo GP disponibles: FP1, FP2
   🔷  Speed trap classes: i1=medium (207 km/h), i2=high (231 km/h)
   🏁  Race sims FP1 detectados: 19 pilotos (ref campo: 123.040s)

🔴  Calculando inventario de neumáticos (sesiones completadas)...
   ⏳  Rate limit — esperando 1s...
   ⏳  Rate limit — esperando 2s...
   ⏳  Rate limit — esperando 4s...
   ⏳  Rate limit — esperando 1s...
   ⏳  Rate limit — esperando 2s...
   ⏳  Rate limit — esperando 4s...
   ⏳  Rate limit — esperando 1s...
   ⏳  Rate limit — esperando 2s...
   ⏳  Rate limit — esperando 4s...

🏎️  Corner telemetry analysis (FastF1)...
   ℹ️  Corner telemetry: 'Madring' not in CIRCUIT_CORNERS — neutral
   ⏳  Clasificación del próximo GP aún no disponible
   ✅  Prácticas del próximo GP cargadas (22 pilotos)
🌤   Consultando datos de clima (Open-Meteo)...
   ⚠  Coordenadas no encontradas para Madring — agrega al diccionario CIRCUIT_COORDS
🚦  Buscando penalizaciones de parrilla...

🧬  Cargando perfiles comportamentales...
   📂  Perfiles cargados desde caché (0.0d antigüedad, 29 pilotos)

   📊  TOP 5 POR MÉTRICA COMPORTAMENTAL 2023-2025:
   Adelantadores netos desde P6-P15:
     1. VER    +5.111
     2. PER    +4.579
     3. HAM    +2.621
     4. RUS    +1.833
     5. LEC    +1.824
   Consistencia en clasificación (σ vs compañero):
     1. SAR    +2.716
     2. BOT    +3.475
     3. ZHO    +3.475
     4. DEV    +3.606
     5. HAD    +3.991
   Especialistas en lluvia (neg = mejor en mojado):
     1. SAR    -5.513
     2. ALB    -5.174
     3. BOT    -4.919
     4. OCO    -4.498
     5. ZHO    -4.182
   Fiabilidad histórica 2023-2025 (menor DNF%):
     1. VER    +0.033
     2. NOR    +0.100
     3. HAM    +0.117
     4. RUS    +0.133
     5. PIA    +0.150
   Gestión de neumáticos (ganancia últimas 20% vueltas):
     1. COL    +0.375
     2. DEV    +0.222
     3. PER    +0.154
     4. STR    +0.143
     5. VER    +0.140


🎙️  Analizando sentimiento de rueda de prensa...
   🌐  Transcripción encontrada: https://www.fia.com/news/2026-spanish-grand-prix-thursday-press-confer...

🔨  Construyendo matriz de features...
   🔥  Rachas de podio activas:
      ANT    4 carreras top-3 consecutivas (score=0.60)
      RUS    2 carreras top-3 consecutivas (score=0.30)
      VER    1 carreras top-3 consecutivas (score=0.15)
   💥  Post-DNF bounce (última carrera): ALB, ALO, BOT, LEC, OCO, PER, STR
   ⚠  Sin datos de sector del próximo GP — sector_balance neutral
   🔴  Top 5 ritmo SOFT vs campo (negativo = más rápido):
      OCO    -0.531%
      LEC    +0.272%
      HAM    +3.134%
      ANT    +3.134%
      NOR    +3.134%
   🔴  Top 5 ritmo MEDIUM vs campo (negativo = más rápido):
      HAM    -1.067%
      ANT    -0.920%
      RUS    -0.669%
      BEA    -0.457%
      GAS    -0.290%
   🏎  Top 5 gestión de neumáticos FP2 (s/vuelta, menor = mejor):
      HUL    +0.3113 s/lap
      STR    +0.6871 s/lap
      ALO    +3.7293 s/lap
      LEC    +4.0559 s/lap
      OCO    +4.3186 s/lap
   🔷  Top 5 perfil de curvas (mixed, negativo = más rápido):
      LIN    +3.904%
      BOR    +5.461%
      COL    +6.359%
      HUL    +6.818%
      HAD    +6.856%
   🏁  Top 5 ritmo carrera FP1 (negativo = más rápido vs campo):
      LIN    -17.988%
      HUL    -11.160%
      NOR    -9.625%
      BOR    -5.478%
      LEC    -5.114%
   🧬  Perfiles comportamentales: 22/23 pilotos con datos 2023-2025
   🔍  IsolationForest: 2 anomalías (0 sandbagging, 0 struggling, 0 race threats)
      HUL    +0.999  ███████████████████
      OCO    +0.996  ███████████████████
      LIN    +0.994  ███████████████████
      GAS    +0.982  ███████████████████
      LEC    +0.979  ███████████████████

🔴  Inventario de neumáticos (sesiones de práctica completadas):
   ⏳  Sin datos de práctica completada — inventario neutral (0.0)

🧠  Cargando priors bayesianos...
   📂  Primera ejecución — sin priors previos

💾  Modo modelo: full retrain (guardado R-1 → actual R13)

🤖  Activando XGBoost + LightGBM + GP — Quali+Race (13 carreras ≥ 6)...
   🏎  XGB quali model → pole predicted: RUS (P2.9)
   ✅  XGBoost Race MAE (LOO): 3.72 posiciones
   ✅  XGBoost: entrenamiento completo (286 muestras)
   📊  Top features XGBoost (race model):
      momentum_pos           0.229  ██████████████████████
      avg_finish             0.162  ████████████████
      avg_sector_delta       0.158  ███████████████
      recent_form            0.072  ███████
      overtaking_ability     0.054  █████
   ⚠  lightgbm no instalado — omitiendo LGBM
   🌊  GP top-5 predicciones (σ = incertidumbre por datos escasos):
      ANT   P 4.0  σ=4.91  ▪▪▪▪▪▪▪▪▪▪▪▪▪▪▪▪▪▪▪▪
      HAM   P 4.8  σ=4.86  ▪▪▪▪▪▪▪▪▪▪▪▪▪▪▪▪▪▪▪▪
      RUS   P 6.4  σ=4.88  ▪▪▪▪▪▪▪▪▪▪▪▪▪▪▪▪▪▪▪▪
      NOR   P 6.7  σ=4.86  ▪▪▪▪▪▪▪▪▪▪▪▪▪▪▪▪▪▪▪▪
      LEC   P 7.8  σ=4.88  ▪▪▪▪▪▪▪▪▪▪▪▪▪▪▪▪▪▪▪▪
   🔧  Kernel optimizado: RBF(length_scale=10) + WhiteKernel(noise_level=0.564)
   ✅  GP: 286 muestras, 21 features
   🔄  Aplicando feedback XGBoost a pesos manuales...

   📊  Importancias blend (XGB+LGBM):
      momentum_pos               0.229  
      avg_finish                 0.162  
      avg_sector_delta           0.158  
      recent_form                0.072  
      overtaking_ability         0.054  
      predicted_quali_pos        0.052  
      fl_rate                    0.042  
      champ_pts                  0.032  
      sprint_pts                 0.026  
      avg_grid                   0.025  
   🏆  Top feature esta carrera: momentum_pos (0.229)
   ⚠  No se pudieron guardar priors: Object of type float32 is not JSON serializable

🧠  LSTM momentum model...
   ⚠  torch not installed — LSTM skipped  (pip install torch)

🕸️  GNN overtaking model...
   ⚠  torch not installed — GNN skipped  (pip install torch)

🔩  Calculando fiabilidad y riesgo por componente...

🏎️  Pirelli compound selection...
   🏎️  Compounds (confirmed ✓): C3/C4/C5 → softness 1.00
🎲  Corriendo 10,000 simulaciones Monte Carlo...
   🚦  SC/VSC prob: 50%  (λ=0.69, ~0.7 SC esperados por carrera)
   🔁  Undercut prob: 44%  (ventana óptima laps 16–20, compound scale ×1.10)
   🥊  Head-to-head: 0/253 pares lopsided (>95% / <5%)
   ✅  Simulaciones completadas.
💾  Head-to-head matrix guardada en: f1_runs/R14_H2H_MATRIX.csv

🧠  Actualizando priors bayesianos con carrera 13...
   ⚠  No se pudieron guardar priors: Object of type float32 is not JSON serializable
   💾  Priors guardados en: ./f1_2026_bayesian_priors.json
   📊  Mayores ajustes acumulados:
      LEC: ×0.896 (⬇ sobreestimado)
      LAW: ×0.974 (⬇ sobreestimado)
      COL: ×1.026 (⬆ subestimado)
   ⚠  No se pudieron guardar priors: Object of type float32 is not JSON serializable

📐  Brier Score R13 (Italian Grand Prix): 0.0304  (predicho: ANT  |  ganador real: ANT)
   ⚠  No se pudieron guardar priors: Object of type float32 is not JSON serializable

📐  Brier Score R8 (Austrian Grand Prix) [bootstrapped]: 0.0301  (predicho: RUS  |  ganador real: RUS)

🔄  Corriendo validación LOO (13 carreras)...

📐  VALIDACIÓN LOO — Historial de temporada (Leave-One-Race-Out)
  Rd   Carrera                            Brier    Pred   Real   Roll-3
  ────────────────────────────────────────────────────────────────────
  R1   Australian Grand Prix              0.0371  RUS    RUS   ✓ [0.0371]
  R2   Chinese Grand Prix                 0.0398  RUS    ANT     [0.0384]
  R3   Japanese Grand Prix                0.0400  RUS    ANT     [0.0390]
  R4   Miami Grand Prix                   0.0403  RUS    ANT     [0.0400]
  R5   Canadian Grand Prix                0.0400  RUS    ANT     [0.0401]
  R6   Monaco Grand Prix                  0.0401  RUS    ANT     [0.0401]
  R7   Barcelona Grand Prix               0.0418  RUS    HAM     [0.0406]
  R8   Austrian Grand Prix                0.0377  RUS    RUS   ✓ [0.0399]
  R9   British Grand Prix                 0.0424  RUS    LEC     [0.0406]
  R10  Belgian Grand Prix                 0.0405  RUS    ANT     [0.0402]
  R11  Hungarian Grand Prix               0.0402  RUS    NOR     [0.0410]
  R12  Dutch Grand Prix                   0.0409  RUS    NOR     [0.0405]
  R13  Italian Grand Prix                 0.0410  RUS    ANT     [0.0407]
  ────────────────────────────────────────────────────────────────────
  Media LOO                               0.0401   (2/13 ganadores correctos)
  Tendencia (ú3 vs p3): 0.0390 → 0.0407  [→ estable]

📏  CALIBRACIÓN DEL MODELO (13 carreras LOO)
  Bucket    Predicciones  Ganadas  Tasa real  Estado
  ────────────────────────────────────────────────────────────
  0-5%               243        2       0.8%  ✓ calibrado
  5-10%               54       11      20.4%  ~ subestimado
  10-15%               2        0       0.0%  ~ sobreestimado
  15-20%               —        —          —  —
  20%+                 —        —          —  —
  ────────────────────────────────────────────────────────────
  Calibration score (MAE): 9.02pp  [mejorable]  (0 = perfecto, <5pp = bueno)

   🔬  Stacking meta-modelo — pesos aprendidos por tipo de circuito:
      high_speed  : XGB 0.50  LGBM 0.50  (6 rondas)
      street      : XGB 0.50  LGBM 0.50  (2 rondas)
      technical   : XGB 0.50  LGBM 0.50  (3 rondas)
      mixed       : XGB 0.50  LGBM 0.50  (2 rondas)
   💾  Meta-modelo guardado (13 rondas, R13)
   ⚠  No se pudieron guardar priors: Object of type float32 is not JSON serializable

══════════════════════════════════════════════════════════════════════
  🏎   F1 2026  ·  PREDICCIÓN DE CARRERA
══════════════════════════════════════════════════════════════════════
  Carrera         : Spanish Grand Prix
  Circuito        : Madring  —  Spain
  Fecha           : 2026-09-13
  Carreras usadas : 13
  Modelo          : XGBoost Quali+Race + Feedback Loop
  Clima           : ☀  Seco esperado  [horario]
══════════════════════════════════════════════════════════════════════

  📊  TABLA 1 — PREDICCIÓN DE VICTORIA

╭─────┬───────────────────────┬──────────────┬───────┬─────────────────────────────┬──────────────┬────────────┬─────────────╮
│     │ Piloto                │ Equipo       │   Pts │ 🎲 Ganar MC                  │ 🏆 Podio MC   │   Pos Esp. │ Intervalo   │
├─────┼───────────────────────┼──────────────┼───────┼─────────────────────────────┼──────────────┼────────────┼─────────────┤
│  🥇  │ Andrea Kimi Antonelli │ Mercedes     │   267 │ 18.8%  █████████░░░░░░░░░░░ │ 41.9%        │        5.2 │ P1 – P11    │
│  🥈  │ George Russell        │ Mercedes     │   201 │ 12.7%  ██████░░░░░░░░░░░░░░ │ 31.4%        │        6.1 │ P1 – P12    │
│  🥉  │ Lewis Hamilton        │ Ferrari      │   191 │ 10.3%  █████░░░░░░░░░░░░░░░ │ 28.6%        │        6.8 │ P1 – P13    │
│ 4.  │ Lando Norris          │ McLaren      │   171 │ 8.3%  ████░░░░░░░░░░░░░░░░  │ 24.1%        │        6.7 │ P1 – P13    │
│ 5.  │ Max Verstappen        │ Red Bull     │   127 │ 5.5%  ██░░░░░░░░░░░░░░░░░░  │ 16.6%        │        7.7 │ P2 – P14    │
│ 6.  │ Charles Leclerc       │ Ferrari      │   155 │ 5.1%  ██░░░░░░░░░░░░░░░░░░  │ 16.4%        │        7.9 │ P2 – P14    │
│ 7.  │ Oscar Piastri         │ McLaren      │   116 │ 5.3%  ██░░░░░░░░░░░░░░░░░░  │ 17.0%        │        7.6 │ P2 – P14    │
│ 8.  │ Isack Hadjar          │ Red Bull     │    71 │ 3.5%  █░░░░░░░░░░░░░░░░░░░  │ 12.3%        │        8.5 │ P2 – P14    │
│ 9.  │ Pierre Gasly          │ Alpine       │    41 │ 3.5%  █░░░░░░░░░░░░░░░░░░░  │ 11.7%        │        8.1 │ P2 – P14    │
│ 10. │ Liam Lawson           │ Racing Bulls │    51 │ 3.5%  █░░░░░░░░░░░░░░░░░░░  │ 12.1%        │        8.2 │ P2 – P14    │
│ 11. │ Arvid Lindblad        │ Racing Bulls │    29 │ 2.9%  █░░░░░░░░░░░░░░░░░░░  │ 9.9%         │        8.4 │ P2 – P14    │
│ 12. │ Yuki Tsunoda          │ Racing Bulls │     1 │ 3.8%  █░░░░░░░░░░░░░░░░░░░  │ 13.0%        │        8.4 │ P2 – P14    │
│ 13. │ Franco Colapinto      │ Alpine       │    21 │ 2.5%  █░░░░░░░░░░░░░░░░░░░  │ 9.5%         │        8.6 │ P3 – P15    │
│ 14. │ Gabriel Bortoleto     │ Audi         │    10 │ 2.3%  █░░░░░░░░░░░░░░░░░░░  │ 8.1%         │        8.8 │ P3 – P15    │
│ 15. │ Nico Hülkenberg       │ Audi         │     6 │ 1.7%  ░░░░░░░░░░░░░░░░░░░░  │ 7.0%         │        8.9 │ P3 – P15    │
│ 16. │ Oliver Bearman        │ Haas         │    18 │ 1.8%  ░░░░░░░░░░░░░░░░░░░░  │ 7.3%         │        9.1 │ P3 – P15    │
│ 17. │ Carlos Sainz          │ Williams     │     6 │ 1.8%  ░░░░░░░░░░░░░░░░░░░░  │ 6.9%         │        9   │ P3 – P15    │
│ 18. │ Esteban Ocon          │ Haas         │     3 │ 1.9%  ░░░░░░░░░░░░░░░░░░░░  │ 6.3%         │        9.3 │ P3 – P15    │
│ 19. │ Fernando Alonso       │ Aston Martin │     3 │ 0.8%  ░░░░░░░░░░░░░░░░░░░░  │ 3.3%         │       10.2 │ P4 – P15    │
│ 20. │ Alexander Albon       │ Williams     │     5 │ 1.2%  ░░░░░░░░░░░░░░░░░░░░  │ 5.0%         │        9.6 │ P3 – P15    │
│ 21. │ Sergio Pérez          │ Cadillac     │     0 │ 1.2%  ░░░░░░░░░░░░░░░░░░░░  │ 5.0%         │        9.7 │ P3 – P15    │
│ 22. │ Valtteri Bottas       │ Cadillac     │     0 │ 1.0%  ░░░░░░░░░░░░░░░░░░░░  │ 4.2%         │        9.6 │ P3 – P15    │
│ 23. │ Lance Stroll          │ Aston Martin │     0 │ 0.6%  ░░░░░░░░░░░░░░░░░░░░  │ 2.6%         │       10.5 │ P4 – P16    │
╰─────┴───────────────────────┴──────────────┴───────┴─────────────────────────────┴──────────────┴────────────┴─────────────╯

  📈  PROBABILIDADES — Ganar & Podio  (todos los pilotos)

    ANT     18.8% win  (P10: 14.9% — P90: 24.0%)  │   41.9% podio
    RUS     12.7% win  (P10: 9.0% — P90: 17.0%)  │   31.4% podio
    HAM     10.3% win  (P10: 6.0% — P90: 14.0%)  │   28.6% podio
    NOR      8.3% win  (P10: 5.0% — P90: 12.0%)  │   24.1% podio
    VER      5.5% win  (P10: 3.0% — P90: 8.0%)  │   16.6% podio
    LEC      5.1% win  (P10: 2.0% — P90: 8.0%)  │   16.4% podio
    PIA      5.3% win  (P10: 2.9% — P90: 8.0%)  │   17.0% podio
    HAD      3.5% win  (P10: 1.0% — P90: 6.0%)  │   12.3% podio
    GAS      3.5% win  (P10: 1.0% — P90: 6.0%)  │   11.7% podio
    LAW      3.5% win  (P10: 1.0% — P90: 6.0%)  │   12.1% podio
    LIN      2.9% win  │    9.9% podio
    TSU      3.8% win  (P10: 1.0% — P90: 6.0%)  │   13.0% podio
    COL      2.5% win  │    9.5% podio
    BOR      2.3% win  │    8.1% podio
    HUL      1.7% win  │    7.0% podio
    BEA      1.8% win  │    7.3% podio
    SAI      1.8% win  │    6.9% podio
    OCO      1.9% win  │    6.3% podio
    ALO      0.8% win  │    3.3% podio
    ALB      1.2% win  │    5.0% podio
    PER      1.2% win  │    5.0% podio
    BOT      1.0% win  │    4.2% podio
    STR      0.6% win  │    2.6% podio

  🔮  Predicción más incierta       : STR (epistémica: 0.00, aleatoria: 3.4)


  🔬  TABLA 2 — DETALLE TÉCNICO  (Top 10)

╭─────┬───────────────────────┬──────────────┬────────────┬────────────┬────────────┬─────────┬─────────────┬────────────┬───────────────╮
│     │ Piloto                │ Qualy Next   │ FP Next%   │   Fin Prom │   Forma(3) │ Fiab%   │ DNFs/Carr   │   Deg Neum │   Δ Compañero │
├─────┼───────────────────────┼──────────────┼────────────┼────────────┼────────────┼─────────┼─────────────┼────────────┼───────────────┤
│  🥇  │ Andrea Kimi Antonelli │ P22          │ -1.41%     │        2.9 │         21 │ 91.4%   │ 1/13        │     -4.725 │          2.54 │
│  🥈  │ George Russell        │ P22          │ -1.25%     │        4.3 │         14 │ 86.7%   │ 2/13        │     -2.11  │         -2.54 │
│  🥉  │ Lewis Hamilton        │ P22          │ -1.22%     │        4.7 │         10 │ 96.2%   │ 0/13        │     -4.011 │          3.46 │
│ 4.  │ Lando Norris          │ P22          │ +18.64%    │        3.6 │         18 │ 81.9%   │ 3/13        │     -1.404 │          1.54 │
│ 5.  │ Max Verstappen        │ P22          │ +0.05%     │        5.7 │         11 │ 77.1%   │ 4/13        │     -2.548 │          0.73 │
│ 6.  │ Charles Leclerc       │ P22          │ -1.28%     │        7.1 │          6 │ 81.9%   │ 3/13        │     -1.121 │         -3.46 │
│ 7.  │ Oscar Piastri         │ P22          │ -0.77%     │        6.7 │          8 │ 77.1%   │ 4/13        │     -6.129 │         -1.54 │
│ 8.  │ Isack Hadjar          │ P22          │ +0.10%     │        5.9 │          8 │ 74.7%   │ 4/11        │     -4.359 │         -0.73 │
│ 9.  │ Pierre Gasly          │ P22          │ -0.02%     │        9.3 │          3 │ 62.9%   │ 7/13        │     -5.325 │          1.54 │
│ 10. │ Liam Lawson           │ P22          │ +0.05%     │       10.1 │          2 │ 67.6%   │ 6/13        │     -4.469 │          1.27 │
╰─────┴───────────────────────┴──────────────┴────────────┴────────────┴────────────┴─────────┴─────────────┴────────────┴───────────────╯

  ──────────────────────────────────────────────────────────────────────
  ✅  PROBABLE GANADOR  :  Andrea Kimi Antonelli  (Mercedes)
  🎲  Monte Carlo       :  18.8% ganar  |  41.9% podio  |  91.8% terminar
  📊  Posición esperada :  5.2  (intervalo P10=1 – P90=11)
──────────────────────────────────────────────────────────────────────
  ⚠   Modelo estadístico + 10,000 simulaciones Monte Carlo.
      Estrategia, clima y mecánica pueden cambiar cualquier predicción.

💾  Resultados guardados en: f1_2026_predicciones.csv


[exit 0]
