# F1 Auto Runner — R15 / pre_race
# Started : 2026-09-26T10:17:16.209897+00:00
############################################################

>>> f1_2026_predictor.py

📅  Descargando calendario 2026...
   ✅  23 carreras encontradas en el calendario.

📅  Calendario 2026: 23 carreras
🔍  Verificando rondas completadas...
   ✅  Ronda 1: Australian Grand Prix — completa
   ✅  Ronda 2: Chinese Grand Prix — completa
   ✅  Ronda 3: Japanese Grand Prix — completa
   ✅  Ronda 4: Miami Grand Prix — completa
   ✅  Ronda 5: Canadian Grand Prix — completa
   ✅  Ronda 6: Monaco Grand Prix — completa
   ✅  Ronda 7: Barcelona Grand Prix — completa
   ✅  Ronda 8: Austrian Grand Prix — completa
   ✅  Ronda 9: British Grand Prix — completa
   ✅  Ronda 10: Belgian Grand Prix — completa
   ✅  Ronda 11: Hungarian Grand Prix — completa
   ✅  Ronda 12: Dutch Grand Prix — completa
   ✅  Ronda 13: Italian Grand Prix — completa
   ✅  Ronda 14: Spanish Grand Prix — completa
   ⏳  Ronda 15 — aún no disputada
   ⏳  Ronda 16 — aún no disputada
   ⏳  Ronda 17 — aún no disputada
   ⏳  Ronda 18 — aún no disputada
   ⏳  Ronda 19 — aún no disputada
   ⏳  Ronda 20 — aún no disputada
   ⏳  Ronda 21 — aún no disputada
   ⏳  Ronda 22 — aún no disputada
   ⏳  Ronda 23 — aún no disputada
   Completadas : [1, 2, 3, 4, 5, 6, 7, 8, 9, 10, 11, 12, 13, 14]
   Próxima     : Ronda 15
🏆  Descargando standings de pilotos...
🏗   Descargando standings de constructores...
   ⏳  Rate limit — esperando 1s...
   ⏳  Rate limit — esperando 2s...
   ⏳  Rate limit — esperando 4s...
🏁  Descargando resultados de 14 carrera(s)...
   ⏳  Rate limit — esperando 1s...
   ⏳  Rate limit — esperando 2s...
⏱   Descargando resultados de clasificación...
🏃  Descargando resultados de sprint...

🔍  Descargando session keys de OpenF1...
   ✅  131 sesiones encontradas en OpenF1
🔍  Verificando disponibilidad de datos de telemetría...
   ✅  OpenF1 tiene datos de vueltas — usando OpenF1 como fuente primaria
🔴  Degradación de neumáticos (OpenF1)...
   ⏳  Rate limit — esperando 1s...
   ⏳  Rate limit — esperando 2s...
   ⏳  Rate limit — esperando 4s...
   ⏳  Rate limit — esperando 1s...
   ⏳  Rate limit — esperando 2s...
   ⏳  Rate limit — esperando 4s...
   ⏳  Rate limit — esperando 1s...
   ⏳  Rate limit — esperando 2s...
   ⏳  Rate limit — esperando 4s...
   ⏳  Rate limit — esperando 1s...
   ⏳  Rate limit — esperando 2s...
   ⏳  Rate limit — esperando 4s...
🚀  Rendimiento vuelta 1 (OpenF1)...
📈  Consistencia de vueltas (OpenF1)...
   ⏳  Rate limit — esperando 1s...
   ⏳  Rate limit — esperando 2s...
   ⏳  Rate limit — esperando 4s...
   ⏳  Rate limit — esperando 1s...
   ⏳  Rate limit — esperando 2s...
   ⏳  Rate limit — esperando 4s...
   ⏳  Rate limit — esperando 1s...
   ⏳  Rate limit — esperando 2s...
   ⏳  Rate limit — esperando 4s...
   ⏳  Rate limit — esperando 1s...
   ⏳  Rate limit — esperando 2s...
   ⏳  Rate limit — esperando 4s...
   ⏳  Rate limit — esperando 1s...
   ⏳  Rate limit — esperando 2s...
🏋   Ritmo de prácticas libres normalizado (OpenF1)...
   ⏳  Rate limit — esperando 1s...
   ⏳  Rate limit — esperando 2s...
   ⏳  Rate limit — esperando 4s...
   ⏳  Rate limit — esperando 1s...
   ⏳  Rate limit — esperando 2s...
   ⏳  Rate limit — esperando 4s...
   ⏳  Rate limit — esperando 1s...
   ⏳  Rate limit — esperando 2s...
   ⏳  Rate limit — esperando 4s...
   ⏳  Rate limit — esperando 1s...
   ⏳  Rate limit — esperando 2s...
   ⏳  Rate limit — esperando 4s...
   ⏳  Rate limit — esperando 1s...
   ⏳  Rate limit — esperando 2s...
   ⏳  Rate limit — esperando 4s...
   ⏳  Rate limit — esperando 1s...
   ⏳  Rate limit — esperando 2s...
   ⏳  Rate limit — esperando 4s...
   ⏳  Rate limit — esperando 1s...
   ⏳  Rate limit — esperando 2s...
   ⏳  Rate limit — esperando 4s...
   ⏳  Rate limit — esperando 1s...
   ⏳  Rate limit — esperando 2s...
   ⏳  Rate limit — esperando 4s...
   ⏳  Rate limit — esperando 1s...
🟡  Rendimiento bajo Safety Car (OpenF1)...
🔧  Pit stops (OpenF1)...
   ⏳  Rate limit — esperando 1s...
   ⏳  Rate limit — esperando 2s...
   ⏳  Rate limit — esperando 4s...
   ⏳  Rate limit — esperando 1s...
   ⏳  Rate limit — esperando 2s...
   ⏳  Rate limit — esperando 4s...
   ⏳  Rate limit — esperando 1s...
   ⏳  Rate limit — esperando 2s...
   ⏳  Rate limit — esperando 4s...
   ⏳  Rate limit — esperando 1s...
   ⏳  Rate limit — esperando 2s...
   ⏳  Rate limit — esperando 4s...
   ⏳  Rate limit — esperando 1s...
   ⏳  Rate limit — esperando 2s...
   ⏳  Rate limit — esperando 4s...
📋  Calculando penalizaciones acumuladas...
   ⏳  Rate limit — esperando 1s...
   ⏳  Rate limit — esperando 2s...
   ⏳  Rate limit — esperando 4s...
   ⏳  Rate limit — esperando 1s...
   ⏳  Rate limit — esperando 2s...
📍  Descargando historial de Baku City Circuit (baku) — últimos 3 años...
   ✅  60 resultados en 3 temporadas — 19 pilotos con ≥2 visitas
🔢  Tiempos por sector (OpenF1)...
   ⏳  Rate limit — esperando 1s...
   ⏳  Rate limit — esperando 2s...
   ⏳  Rate limit — esperando 4s...
   ⏳  Rate limit — esperando 1s...
🗂   Calculando perfil por tipo de circuito...
🔑  Gap qualifying vs compañero (OpenF1)...
   ⏳  Rate limit — esperando 1s...
   ⏳  Rate limit — esperando 2s...
   ⏳  Rate limit — esperando 4s...
   ⏳  Rate limit — esperando 1s...
   ⏳  Rate limit — esperando 2s...
   ⏳  Rate limit — esperando 4s...
   📊  Fuente de datos de vuelta: OpenF1
   🏁  Circuito: Baku City Circuit
   🗂   Tipo: street  |  Dificultad adelantar: 0.50
   ⚖   Peso qualifying dinámico: 30.0%

🎯  Descargando datos pre-carrera del próximo GP (Ronda 15)...
🏆  Descargando clasificación del próximo GP (sk=11384)...
   ⏳  Rate limit — esperando 1s...
   ⏳  Rate limit — esperando 2s...
   ⏳  Rate limit — esperando 4s...
   ⚠  Sin datos de clasificación para el próximo GP
   ⏳  Rate limit — esperando 1s...
   ⏳  Rate limit — esperando 2s...
   ⏳  Rate limit — esperando 4s...

🔴  Calculando inventario de neumáticos (sesiones completadas)...
   ⏳  Rate limit — esperando 1s...

🏎️  Corner telemetry analysis (FastF1)...
   ℹ️  Corner telemetry: 'Baku City Circuit' not in CIRCUIT_CORNERS — neutral
   ⏳  Clasificación del próximo GP aún no disponible
   ⏳  Prácticas del próximo GP aún no disponibles
🌤   Consultando datos de clima (Open-Meteo)...
   🕐  Inicio de carrera: 11:00 UTC  /  15:00 local (Asia/Baku)
   📡  Ventana de pronóstico: 14:00–17:00 local (3h: 1h antes + 2h después de la salida)
   🎯  Nowcast minutely_15 activo (12 intervalos ×15 min) — rain_prob=0%
   ✅  Clima obtenido para Baku City Circuit (Baku, Azerbaijan)
🚦  Buscando penalizaciones de parrilla...

🧬  Cargando perfiles comportamentales...
   📂  Perfiles cargados desde caché (0.0d antigüedad, 29 pilotos)

   📊  TOP 5 POR MÉTRICA COMPORTAMENTAL 2023-2025:
   Adelantadores netos desde P6-P15:
     1. VER    +5.111
     2. PER    +4.579
     3. HAM    +2.621
     4. RUS    +1.833
     5. LEC    +1.824
   Consistencia en clasificación (σ vs compañero):
     1. SAR    +2.716
     2. BOT    +3.475
     3. ZHO    +3.475
     4. DEV    +3.606
     5. HAD    +3.991
   Especialistas en lluvia (neg = mejor en mojado):
     1. SAR    -5.513
     2. ALB    -5.174
     3. BOT    -4.919
     4. OCO    -4.498
     5. ZHO    -4.182
   Fiabilidad histórica 2023-2025 (menor DNF%):
     1. VER    +0.033
     2. NOR    +0.100
     3. HAM    +0.117
     4. RUS    +0.133
     5. PIA    +0.150
   Gestión de neumáticos (ganancia últimas 20% vueltas):
     1. COL    +0.375
     2. DEV    +0.222
     3. PER    +0.154
     4. STR    +0.143
     5. VER    +0.140


🎙️  Analizando sentimiento de rueda de prensa...
   🌐  Transcripción encontrada: https://www.fia.com/news/2026-azerbaijan-grand-prix-thursday-press-con...

🔨  Construyendo matriz de features...
   🔥  Rachas de podio activas:
      ANT    5 carreras top-3 consecutivas (score=0.75)
      VER    2 carreras top-3 consecutivas (score=0.30)
      NOR    1 carreras top-3 consecutivas (score=0.15)
   💥  Post-DNF bounce (última carrera): ALB, ALO, BEA, BOR, BOT, GAS, HAM, HUL, LIN, OCO, PER, SAI, STR, TSU
   🏎  Affinity top 5 (menor pos. media = más afinidad al circuito):
      VER    2.67
      RUS    4.33
      LEC    4.67
      NOR    6.67
      HAM    7.67
   ⚠  Sin datos de sector del próximo GP — sector_balance neutral
   🧬  Perfiles comportamentales: 22/23 pilotos con datos 2023-2025
   🔍  IsolationForest: sin datos suficientes (0/4 features) — neutral
      BOT    +0.964  ███████████████████
      OCO    +0.945  ██████████████████
      ALO    +0.922  ██████████████████
      GAS    +0.917  ██████████████████
      HUL    +0.908  ██████████████████

🔴  Inventario de neumáticos (sesiones de práctica completadas):
   ⏳  Sin datos de práctica completada — inventario neutral (0.0)

🧠  Cargando priors bayesianos...
   📂  Primera ejecución — sin priors previos

💾  Modo modelo: full retrain (guardado R-1 → actual R14)

🤖  Activando XGBoost + LightGBM + GP — Quali+Race (14 carreras ≥ 6)...
   🏎  XGB quali model → pole predicted: ANT (P3.0)
   ✅  XGBoost Race MAE (LOO): 3.64 posiciones
   ✅  XGBoost: entrenamiento completo (308 muestras)
   📊  Top features XGBoost (race model):
      momentum_pos           0.306  ██████████████████████████████
      avg_finish             0.199  ███████████████████
      avg_grid               0.071  ███████
      predicted_quali_pos    0.067  ██████
      avg_pitstop            0.045  ████
   ⚠  lightgbm no instalado — omitiendo LGBM
   🌊  GP top-5 predicciones (σ = incertidumbre por datos escasos):
      ANT   P 3.9  σ=4.91  ▪▪▪▪▪▪▪▪▪▪▪▪▪▪▪▪▪▪▪▪
      HAM   P 6.1  σ=4.87  ▪▪▪▪▪▪▪▪▪▪▪▪▪▪▪▪▪▪▪▪
      NOR   P 6.5  σ=4.85  ▪▪▪▪▪▪▪▪▪▪▪▪▪▪▪▪▪▪▪▪
      RUS   P 6.7  σ=4.86  ▪▪▪▪▪▪▪▪▪▪▪▪▪▪▪▪▪▪▪▪
      LEC   P 7.2  σ=4.85  ▪▪▪▪▪▪▪▪▪▪▪▪▪▪▪▪▪▪▪▪
   🔧  Kernel optimizado: RBF(length_scale=10) + WhiteKernel(noise_level=0.565)
   ✅  GP: 308 muestras, 21 features
   🔄  Aplicando feedback XGBoost a pesos manuales...

   📊  Importancias blend (XGB+LGBM):
      momentum_pos               0.306  
      avg_finish                 0.199  
      avg_grid                   0.071  
      predicted_quali_pos        0.067  
      avg_pitstop                0.045  
      penalty_count              0.043  
      overtaking_ability         0.037  
      champ_pts                  0.030  
      dnf_rate                   0.029  
      recent_form                0.025  
   🏆  Top feature esta carrera: momentum_pos (0.306)
   ⚠  No se pudieron guardar priors: Object of type float32 is not JSON serializable

🧠  LSTM momentum model...
   ⚠  torch not installed — LSTM skipped  (pip install torch)

🕸️  GNN overtaking model...
   ⚠  torch not installed — GNN skipped  (pip install torch)

🔩  Calculando fiabilidad y riesgo por componente...

🏎️  Pirelli compound selection...
   🏎️  Compounds (confirmed ✓): C3/C4/C5 → softness 1.00
🎲  Corriendo 10,000 simulaciones Monte Carlo...
   🚦  SC/VSC prob: 80%  (λ=1.61, ~1.6 SC esperados por carrera)
   🔁  Undercut prob: 55%  (ventana óptima laps 15–20, compound scale ×1.10)
   🥊  Head-to-head: 0/253 pares lopsided (>95% / <5%)
   ✅  Simulaciones completadas.
💾  Head-to-head matrix guardada en: f1_runs/R15_H2H_MATRIX.csv

🧠  Actualizando priors bayesianos con carrera 14...
   ⚠  No se pudieron guardar priors: Object of type float32 is not JSON serializable
   💾  Priors guardados en: ./f1_2026_bayesian_priors.json
   📊  Mayores ajustes acumulados:
      HAM: ×0.889 (⬇ sobreestimado)
      COL: ×1.033 (⬆ subestimado)
      OCO: ×1.033 (⬆ subestimado)
   ⚠  No se pudieron guardar priors: Object of type float32 is not JSON serializable

📐  Brier Score R14 (Spanish Grand Prix): 0.0308  (predicho: ANT  |  ganador real: ANT)
   ⚠  No se pudieron guardar priors: Object of type float32 is not JSON serializable

📐  Brier Score R8 (Austrian Grand Prix) [bootstrapped]: 0.0301  (predicho: RUS  |  ganador real: RUS)

🔄  Corriendo validación LOO (14 carreras)...

📐  VALIDACIÓN LOO — Historial de temporada (Leave-One-Race-Out)
  Rd   Carrera                            Brier    Pred   Real   Roll-3
  ────────────────────────────────────────────────────────────────────
  R1   Australian Grand Prix              0.0404  ANT    RUS     [0.0404]
  R2   Chinese Grand Prix                 0.0390  RUS    ANT     [0.0397]
  R3   Japanese Grand Prix                0.0382  RUS    ANT     [0.0392]
  R4   Miami Grand Prix                   0.0387  ANT    ANT   ✓ [0.0386]
  R5   Canadian Grand Prix                0.0385  ANT    ANT   ✓ [0.0385]
  R6   Monaco Grand Prix                  0.0386  ANT    ANT   ✓ [0.0386]
  R7   Barcelona Grand Prix               0.0426  ANT    HAM     [0.0399]
  R8   Austrian Grand Prix                0.0410  NOR    RUS     [0.0407]
  R9   British Grand Prix                 0.0423  ANT    LEC     [0.0420]
  R10  Belgian Grand Prix                 0.0383  ANT    ANT   ✓ [0.0405]
  R11  Hungarian Grand Prix               0.0394  ANT    NOR     [0.0400]
  R12  Dutch Grand Prix                   0.0382  NOR    NOR   ✓ [0.0386]
  R13  Italian Grand Prix                 0.0387  ANT    ANT   ✓ [0.0388]
  R14  Spanish Grand Prix                 0.0396  VER    ANT     [0.0388]
  ────────────────────────────────────────────────────────────────────
  Media LOO                               0.0395   (6/14 ganadores correctos)
  Tendencia (ú3 vs p3): 0.0392 → 0.0388  [→ estable]

📏  CALIBRACIÓN DEL MODELO (14 carreras LOO)
  Bucket    Predicciones  Ganadas  Tasa real  Estado
  ────────────────────────────────────────────────────────────
  0-5%               269        2       0.7%  ✓ calibrado
  5-10%               51       12      23.5%  ↑ muy subestimado
  10-15%               2        0       0.0%  ~ sobreestimado
  15-20%               —        —          —  —
  20%+                 —        —          —  —
  ────────────────────────────────────────────────────────────
  Calibration score (MAE): 10.10pp  [mejorable]  (0 = perfecto, <5pp = bueno)

   🔬  Stacking meta-modelo — pesos aprendidos por tipo de circuito:
      high_speed  : XGB 0.50  LGBM 0.50  (6 rondas)
      street      : XGB 0.50  LGBM 0.50  (2 rondas)
      technical   : XGB 0.50  LGBM 0.50  (3 rondas)
      mixed       : XGB 0.50  LGBM 0.50  (3 rondas)
   💾  Meta-modelo guardado (14 rondas, R14)
   ⚠  No se pudieron guardar priors: Object of type float32 is not JSON serializable

══════════════════════════════════════════════════════════════════════
  🏎   F1 2026  ·  PREDICCIÓN DE CARRERA
══════════════════════════════════════════════════════════════════════
  Carrera         : Azerbaijan Grand Prix
  Circuito        : Baku City Circuit  —  Azerbaijan
  Fecha           : 2026-09-26
  Carreras usadas : 14
  Modelo          : XGBoost Quali+Race + Feedback Loop
  Clima           : ☀  Seco esperado  |  Pista ~33°C  |  Humedad 63%  [nowcast]
══════════════════════════════════════════════════════════════════════

  📊  TABLA 1 — PREDICCIÓN DE VICTORIA

╭─────┬───────────────────────┬──────────────┬───────┬─────────────────────────────┬──────────────┬────────────┬─────────────╮
│     │ Piloto                │ Equipo       │   Pts │ 🎲 Ganar MC                  │ 🏆 Podio MC   │   Pos Esp. │ Intervalo   │
├─────┼───────────────────────┼──────────────┼───────┼─────────────────────────────┼──────────────┼────────────┼─────────────┤
│  🥇  │ Andrea Kimi Antonelli │ Mercedes     │   292 │ 18.8%  █████████░░░░░░░░░░░ │ 41.2%        │        5.3 │ P1 – P12    │
│  🥈  │ George Russell        │ Mercedes     │   211 │ 13.1%  ██████░░░░░░░░░░░░░░ │ 31.9%        │        6   │ P1 – P12    │
│  🥉  │ Lando Norris          │ McLaren      │   186 │ 11.2%  █████░░░░░░░░░░░░░░░ │ 28.6%        │        6.1 │ P1 – P12    │
│ 4.  │ Max Verstappen        │ Red Bull     │   145 │ 6.4%  ███░░░░░░░░░░░░░░░░░  │ 19.2%        │        7.4 │ P2 – P13    │
│ 5.  │ Lewis Hamilton        │ Ferrari      │   191 │ 6.6%  ███░░░░░░░░░░░░░░░░░  │ 20.5%        │        7.7 │ P2 – P14    │
│ 6.  │ Charles Leclerc       │ Ferrari      │   167 │ 4.8%  ██░░░░░░░░░░░░░░░░░░  │ 16.1%        │        8   │ P2 – P14    │
│ 7.  │ Isack Hadjar          │ Red Bull     │    71 │ 4.2%  ██░░░░░░░░░░░░░░░░░░  │ 13.7%        │        8.2 │ P2 – P14    │
│ 8.  │ Oscar Piastri         │ McLaren      │   120 │ 5.4%  ██░░░░░░░░░░░░░░░░░░  │ 17.0%        │        7.6 │ P2 – P14    │
│ 9.  │ Liam Lawson           │ Racing Bulls │    59 │ 4.3%  ██░░░░░░░░░░░░░░░░░░  │ 14.4%        │        7.7 │ P2 – P14    │
│ 10. │ Arvid Lindblad        │ Racing Bulls │    31 │ 3.0%  █░░░░░░░░░░░░░░░░░░░  │ 10.5%        │        7.9 │ P2 – P14    │
│ 11. │ Pierre Gasly          │ Alpine       │    41 │ 2.8%  █░░░░░░░░░░░░░░░░░░░  │ 10.2%        │        8.2 │ P2 – P14    │
│ 12. │ Franco Colapinto      │ Alpine       │    27 │ 3.0%  █░░░░░░░░░░░░░░░░░░░  │ 10.7%        │        8.2 │ P2 – P14    │
│ 13. │ Gabriel Bortoleto     │ Audi         │    10 │ 2.3%  █░░░░░░░░░░░░░░░░░░░  │ 8.3%         │        8.4 │ P3 – P14    │
│ 14. │ Nico Hülkenberg       │ Audi         │     7 │ 2.0%  █░░░░░░░░░░░░░░░░░░░  │ 7.3%         │        8.6 │ P3 – P14    │
│ 15. │ Yuki Tsunoda          │ Racing Bulls │     1 │ 2.5%  █░░░░░░░░░░░░░░░░░░░  │ 10.4%        │        8.6 │ P3 – P14    │
│ 16. │ Esteban Ocon          │ Haas         │     3 │ 1.6%  ░░░░░░░░░░░░░░░░░░░░  │ 6.7%         │        8.8 │ P3 – P15    │
│ 17. │ Oliver Bearman        │ Haas         │    18 │ 1.7%  ░░░░░░░░░░░░░░░░░░░░  │ 6.9%         │        8.8 │ P3 – P15    │
│ 18. │ Fernando Alonso       │ Aston Martin │     3 │ 0.7%  ░░░░░░░░░░░░░░░░░░░░  │ 3.0%         │       10.1 │ P4 – P15    │
│ 19. │ Carlos Sainz          │ Williams     │     6 │ 1.7%  ░░░░░░░░░░░░░░░░░░░░  │ 6.3%         │        9   │ P3 – P15    │
│ 20. │ Alexander Albon       │ Williams     │     5 │ 1.3%  ░░░░░░░░░░░░░░░░░░░░  │ 5.2%         │        9.2 │ P3 – P15    │
│ 21. │ Sergio Pérez          │ Cadillac     │     0 │ 1.1%  ░░░░░░░░░░░░░░░░░░░░  │ 5.5%         │        9.2 │ P3 – P15    │
│ 22. │ Valtteri Bottas       │ Cadillac     │     0 │ 0.8%  ░░░░░░░░░░░░░░░░░░░░  │ 3.9%         │        9.3 │ P3 – P15    │
│ 23. │ Lance Stroll          │ Aston Martin │     0 │ 0.6%  ░░░░░░░░░░░░░░░░░░░░  │ 2.2%         │       10.4 │ P4 – P15    │
╰─────┴───────────────────────┴──────────────┴───────┴─────────────────────────────┴──────────────┴────────────┴─────────────╯

  📈  PROBABILIDADES — Ganar & Podio  (todos los pilotos)

    ANT     18.8% win  (P10: 14.0% — P90: 24.0%)  │   41.2% podio
    RUS     13.1% win  (P10: 9.0% — P90: 17.0%)  │   31.9% podio
    NOR     11.2% win  (P10: 7.0% — P90: 16.0%)  │   28.6% podio
    VER      6.4% win  (P10: 3.0% — P90: 10.0%)  │   19.2% podio
    HAM      6.6% win  (P10: 3.0% — P90: 10.1%)  │   20.5% podio
    LEC      4.8% win  (P10: 2.0% — P90: 8.0%)  │   16.1% podio
    HAD      4.2% win  (P10: 2.0% — P90: 7.0%)  │   13.7% podio
    PIA      5.4% win  (P10: 3.0% — P90: 8.0%)  │   17.0% podio
    LAW      4.3% win  (P10: 2.0% — P90: 7.0%)  │   14.4% podio
    LIN      3.0% win  (P10: 1.0% — P90: 5.0%)  │   10.5% podio
    GAS      2.8% win  │   10.2% podio
    COL      3.0% win  (P10: 1.0% — P90: 5.1%)  │   10.7% podio
    BOR      2.3% win  │    8.3% podio
    HUL      2.0% win  │    7.3% podio
    TSU      2.5% win  │   10.4% podio
    OCO      1.6% win  │    6.7% podio
    BEA      1.7% win  │    6.9% podio
    ALO      0.7% win  │    3.0% podio
    SAI      1.7% win  │    6.3% podio
    ALB      1.3% win  │    5.2% podio
    PER      1.1% win  │    5.5% podio
    BOT      0.8% win  │    3.9% podio
    STR      0.6% win  │    2.2% podio

  🔮  Predicción más incierta       : STR (epistémica: 0.00, aleatoria: 3.2)


  🔬  TABLA 2 — DETALLE TÉCNICO  (Top 10)

╭─────┬───────────────────────┬──────────────┬────────────┬────────────┬────────────┬─────────┬─────────────┬────────────┬───────────────╮
│     │ Piloto                │ Qualy Next   │ FP Next%   │   Fin Prom │   Forma(3) │ Fiab%   │ DNFs/Carr   │   Deg Neum │   Δ Compañero │
├─────┼───────────────────────┼──────────────┼────────────┼────────────┼────────────┼─────────┼─────────────┼────────────┼───────────────┤
│  🥇  │ Andrea Kimi Antonelli │ P22          │ +0.00%     │        2.2 │         23 │ 91.8%   │ 1/14        │     -4.858 │          2.64 │
│  🥈  │ George Russell        │ P22          │ +0.00%     │        4.5 │         13 │ 87.3%   │ 2/14        │     -2.121 │         -2.64 │
│  🥉  │ Lando Norris          │ P22          │ +0.00%     │        3.4 │         16 │ 82.7%   │ 3/14        │     -1.43  │          1.79 │
│ 4.  │ Max Verstappen        │ P22          │ +0.00%     │        4.5 │         14 │ 78.2%   │ 4/14        │     -2.536 │          0.73 │
│ 5.  │ Lewis Hamilton        │ P22          │ +0.00%     │        7.1 │          5 │ 91.8%   │ 1/14        │     -4.201 │          1.93 │
│ 6.  │ Charles Leclerc       │ P22          │ +0.00%     │        6.1 │          8 │ 82.7%   │ 3/14        │     -1.233 │         -1.93 │
│ 7.  │ Isack Hadjar          │ P22          │ +0.00%     │        5.9 │          8 │ 74.7%   │ 4/11        │     -4.404 │         -0.73 │
│ 8.  │ Oscar Piastri         │ P22          │ +0.00%     │        7.1 │          6 │ 78.2%   │ 4/14        │     -6.367 │         -1.79 │
│ 9.  │ Liam Lawson           │ P22          │ +0.00%     │        8.7 │          5 │ 69.1%   │ 6/14        │     -5.018 │          1.57 │
│ 10. │ Arvid Lindblad        │ P22          │ +0.00%     │        9.3 │          2 │ 55.5%   │ 9/14        │     -8.453 │         -1.07 │
╰─────┴───────────────────────┴──────────────┴────────────┴────────────┴────────────┴─────────┴─────────────┴────────────┴───────────────╯

  ──────────────────────────────────────────────────────────────────────
  ✅  PROBABLE GANADOR  :  Andrea Kimi Antonelli  (Mercedes)
  🎲  Monte Carlo       :  18.8% ganar  |  41.2% podio  |  91.9% terminar
  📊  Posición esperada :  5.3  (intervalo P10=1 – P90=12)
──────────────────────────────────────────────────────────────────────
  ⚠   Modelo estadístico + 10,000 simulaciones Monte Carlo.
      Estrategia, clima y mecánica pueden cambiar cualquier predicción.

💾  Resultados guardados en: f1_2026_predicciones.csv


[exit 0]
