# F1 Auto Runner — R16 / Q
# Started : 2026-09-26T18:04:41.543603+00:00
############################################################

>>> f1_2026_predictor.py

core           INFO 	Loading data for Azerbaijan Grand Prix - Race [v3.8.3]
req            INFO 	No cached data found for session_info. Loading data...
_api           INFO 	Fetching session info data...
logger      WARNING 	Failed to load session info data!
req            INFO 	No cached data found for driver_info. Loading data...
_api           INFO 	Fetching driver list...
core        WARNING 	Failed to load extended driver information!
req            INFO 	No cached data found for session_status_data. Loading data...
_api           INFO 	Fetching session status data...
logger      WARNING 	Failed to load session status data!
req            INFO 	No cached data found for lap_count. Loading data...
_api           INFO 	Fetching lap count data...
logger      WARNING 	Failed to load total lap count!
req            INFO 	No cached data found for track_status_data. Loading data...
_api           INFO 	Fetching track status data...
logger      WARNING 	Failed to load track status data!
req            INFO 	No cached data found for _extended_timing_data. Loading data...
_api           INFO 	Fetching timing data...
logger      WARNING 	Failed to load timing data!
core        WARNING 	Failed to add first lap time from Ergast for drivers: ['63', '81', '16', '1', '6', '44', '3', '10', '43', '30', '23', '87', '31', '41', '55', '27', '12', '5', '11', '14', '77', '18']
core           INFO 	Finished loading data for 22 drivers: ['63', '3', '6', '16', '12', '44', '41', '31', '87', '55', '27', '30', '81', '11', '5', '77', '43', '10', '1', '23', '14', '18']
core           INFO 	Loading data for Chinese Grand Prix - Sprint Qualifying [v3.8.3]
req            INFO 	No cached data found for session_info. Loading data...
_api           INFO 	Fetching session info data...
logger      WARNING 	Failed to load session info data!
req            INFO 	No cached data found for driver_info. Loading data...
_api           INFO 	Fetching driver list...
core        WARNING 	Failed to load extended driver information!
core        WARNING 	Sprint Qualifying is not supported by Ergast! Limited results are calculated from timing data.
core        WARNING 	Failed to load driver list and session results!
core           INFO 	Finished loading data for 0 drivers: []
core           INFO 	Loading data for Miami Grand Prix - Sprint Qualifying [v3.8.3]
req            INFO 	No cached data found for session_info. Loading data...
_api           INFO 	Fetching session info data...
logger      WARNING 	Failed to load session info data!
req            INFO 	No cached data found for driver_info. Loading data...
_api           INFO 	Fetching driver list...
core        WARNING 	Failed to load extended driver information!
core        WARNING 	Sprint Qualifying is not supported by Ergast! Limited results are calculated from timing data.
core        WARNING 	Failed to load driver list and session results!
core           INFO 	Finished loading data for 0 drivers: []
core           INFO 	Loading data for Canadian Grand Prix - Sprint Qualifying [v3.8.3]
req            INFO 	No cached data found for session_info. Loading data...
_api           INFO 	Fetching session info data...
logger      WARNING 	Failed to load session info data!
req            INFO 	No cached data found for driver_info. Loading data...
_api           INFO 	Fetching driver list...
core        WARNING 	Failed to load extended driver information!
core        WARNING 	Sprint Qualifying is not supported by Ergast! Limited results are calculated from timing data.
core        WARNING 	Failed to load driver list and session results!
core           INFO 	Finished loading data for 0 drivers: []
core           INFO 	Loading data for British Grand Prix - Sprint Qualifying [v3.8.3]
req            INFO 	No cached data found for session_info. Loading data...
_api           INFO 	Fetching session info data...
logger      WARNING 	Failed to load session info data!
req            INFO 	No cached data found for driver_info. Loading data...
_api           INFO 	Fetching driver list...
core        WARNING 	Failed to load extended driver information!
core        WARNING 	Sprint Qualifying is not supported by Ergast! Limited results are calculated from timing data.
core        WARNING 	Failed to load driver list and session results!
core           INFO 	Finished loading data for 0 drivers: []
core           INFO 	Loading data for Dutch Grand Prix - Sprint Qualifying [v3.8.3]
req            INFO 	No cached data found for session_info. Loading data...
_api           INFO 	Fetching session info data...
logger      WARNING 	Failed to load session info data!
req            INFO 	No cached data found for driver_info. Loading data...
_api           INFO 	Fetching driver list...
core        WARNING 	Failed to load extended driver information!
core        WARNING 	Sprint Qualifying is not supported by Ergast! Limited results are calculated from timing data.
core        WARNING 	Failed to load driver list and session results!
core           INFO 	Finished loading data for 0 drivers: []
📅  Descargando calendario 2026...
   ✅  23 carreras encontradas en el calendario.

📅  Calendario 2026: 23 carreras
🔍  Verificando rondas completadas...
   ✅  Ronda 1: Australian Grand Prix — completa
   ✅  Ronda 2: Chinese Grand Prix — completa
   ✅  Ronda 3: Japanese Grand Prix — completa
   ✅  Ronda 4: Miami Grand Prix — completa
   ✅  Ronda 5: Canadian Grand Prix — completa
   ✅  Ronda 6: Monaco Grand Prix — completa
   ✅  Ronda 7: Barcelona Grand Prix — completa
   ✅  Ronda 8: Austrian Grand Prix — completa
   ✅  Ronda 9: British Grand Prix — completa
   ✅  Ronda 10: Belgian Grand Prix — completa
   ✅  Ronda 11: Hungarian Grand Prix — completa
   ✅  Ronda 12: Dutch Grand Prix — completa
   ✅  Ronda 13: Italian Grand Prix — completa
   ✅  Ronda 14: Spanish Grand Prix — completa
   ✅  Ronda 15: Azerbaijan Grand Prix — completa
   ⏳  Ronda 16 — aún no disputada
   ⏳  Ronda 17 — aún no disputada
   ⏳  Ronda 18 — aún no disputada
   ⏳  Rate limit — esperando 1s...
   ⏳  Rate limit — esperando 2s...
   ⏳  Rate limit — esperando 4s...
   ⏳  Ronda 19 — aún no disputada
   ⏳  Rate limit — esperando 1s...
   ⏳  Rate limit — esperando 2s...
   ⏳  Ronda 20 — aún no disputada
   ⏳  Ronda 21 — aún no disputada
   ⏳  Ronda 22 — aún no disputada
   ⏳  Ronda 23 — aún no disputada
   Completadas : [1, 2, 3, 4, 5, 6, 7, 8, 9, 10, 11, 12, 13, 14, 15]
   Próxima     : Ronda 16
🏆  Descargando standings de pilotos...
🏗   Descargando standings de constructores...
🏁  Descargando resultados de 15 carrera(s)...
   ⏳  Rate limit — esperando 1s...
   ⏳  Rate limit — esperando 2s...
   ⏳  Rate limit — esperando 4s...
⏱   Descargando resultados de clasificación...
   ⏳  Rate limit — esperando 1s...
   ⏳  Rate limit — esperando 2s...
🏃  Descargando resultados de sprint...

🔍  Descargando session keys de OpenF1...
   ✅  131 sesiones encontradas en OpenF1
🔍  Verificando disponibilidad de datos de telemetría...
   ⚠  OpenF1 sin datos de vuelta todavía, verificando FastF1...
   ⚠  Ni OpenF1 ni FastF1 tienen datos de vuelta todavía
      El modelo usará solo datos API (resultados, qualy, standings)
🔧  Descargando datos de pit stops...
📋  Calculando penalizaciones acumuladas...
   ⏳  Rate limit — esperando 1s...
   ⏳  Rate limit — esperando 2s...
   ⏳  Rate limit — esperando 4s...
   ⏳  Rate limit — esperando 1s...
   ⏳  Rate limit — esperando 2s...
⚡  Descargando sprint qualifying (FastF1)...
   ⚠  Circuit ID desconocido para 'Sepang International Circuit' — sin affinity
🗂   Calculando perfil por tipo de circuito...
   📊  Fuente de datos de vuelta: Solo API
   🏁  Circuito: Sepang International Circuit
   🗂   Tipo: mixed  |  Dificultad adelantar: 0.55
   ⚖   Peso qualifying dinámico: 30.8%
   🏃  Sprint weekend — R16 Sepang International Circuit: FP1 only, no FP2/FP3 — FP1 long stints proxy race pace

🎯  Descargando datos pre-carrera del próximo GP (Ronda 16)...

🏎️  Corner telemetry analysis (FastF1)...
   ℹ️  Corner telemetry: 'Sepang International Circuit' not in CIRCUIT_CORNERS — neutral
🌤   Consultando datos de clima (Open-Meteo)...
   ⚠  Error obteniendo clima: HTTPSConnectionPool(host='api.open-meteo.com', port=443): Read timed out. (read timeout=15)
🚦  Buscando penalizaciones de parrilla...

🧬  Cargando perfiles comportamentales...
   📂  Perfiles cargados desde caché (0.0d antigüedad, 29 pilotos)

   📊  TOP 5 POR MÉTRICA COMPORTAMENTAL 2023-2025:
   Adelantadores netos desde P6-P15:
     1. VER    +5.111
     2. PER    +4.579
     3. HAM    +2.621
     4. RUS    +1.833
     5. LEC    +1.824
   Consistencia en clasificación (σ vs compañero):
     1. SAR    +2.716
     2. BOT    +3.475
     3. ZHO    +3.475
     4. DEV    +3.606
     5. HAD    +3.991
   Especialistas en lluvia (neg = mejor en mojado):
     1. SAR    -5.513
     2. ALB    -5.174
     3. BOT    -4.919
     4. OCO    -4.498
     5. ZHO    -4.182
   Fiabilidad histórica 2023-2025 (menor DNF%):
     1. VER    +0.033
     2. NOR    +0.100
     3. HAM    +0.117
     4. RUS    +0.133
     5. PIA    +0.150
   Gestión de neumáticos (ganancia últimas 20% vueltas):
     1. COL    +0.375
     2. DEV    +0.222
     3. PER    +0.154
     4. STR    +0.143
     5. VER    +0.140


🎙️  Analizando sentimiento de rueda de prensa...
   🌐  Transcripción encontrada: https://www.fia.com/news/2026-bahrain--in-malaysia-grand-prix-thursday...

🔨  Construyendo matriz de features...
   🔥  Rachas de podio activas:
      ANT    5 carreras top-3 consecutivas (score=0.75)
      VER    2 carreras top-3 consecutivas (score=0.30)
      NOR    1 carreras top-3 consecutivas (score=0.15)
   💥  Post-DNF bounce (última carrera): ALB, ALO, BEA, BOR, BOT, GAS, HAM, HUL, LIN, OCO, PER, SAI, STR, TSU
   ⚠  Sin datos de sector del próximo GP — sector_balance neutral
   🧬  Perfiles comportamentales: 22/23 pilotos con datos 2023-2025
   🔍  IsolationForest: sin datos suficientes (0/4 features) — neutral
      HUL    +0.999  ███████████████████
      OCO    +0.996  ███████████████████
      LIN    +0.994  ███████████████████
      GAS    +0.982  ███████████████████
      LEC    +0.979  ███████████████████

🔴  Inventario de neumáticos (sesiones de práctica completadas):
   ⏳  Sin datos de práctica completada — inventario neutral (0.0)

🧠  Cargando priors bayesianos...
   📂  Primera ejecución — sin priors previos

💾  Modo modelo: full retrain (guardado R-1 → actual R15)

🤖  Activando XGBoost + LightGBM + GP — Quali+Race (15 carreras ≥ 6)...
   🏎  XGB quali model → pole predicted: ANT (P3.1)
   ✅  XGBoost Race MAE (LOO): 3.62 posiciones
   ✅  XGBoost: entrenamiento completo (308 muestras)
   📊  Top features XGBoost (race model):
      momentum_pos           0.338  █████████████████████████████████
      avg_finish             0.179  █████████████████
      avg_grid               0.092  █████████
      predicted_quali_pos    0.085  ████████
      overtaking_ability     0.051  █████
   ⚠  lightgbm no instalado — omitiendo LGBM
   🌊  GP top-5 predicciones (σ = incertidumbre por datos escasos):
      ANT   P 3.8  σ=4.91  ▪▪▪▪▪▪▪▪▪▪▪▪▪▪▪▪▪▪▪▪
      RUS   P 6.2  σ=4.86  ▪▪▪▪▪▪▪▪▪▪▪▪▪▪▪▪▪▪▪▪
      HAM   P 6.2  σ=4.86  ▪▪▪▪▪▪▪▪▪▪▪▪▪▪▪▪▪▪▪▪
      NOR   P 6.5  σ=4.85  ▪▪▪▪▪▪▪▪▪▪▪▪▪▪▪▪▪▪▪▪
      LEC   P 7.4  σ=4.83  ▪▪▪▪▪▪▪▪▪▪▪▪▪▪▪▪▪▪▪▪
   🔧  Kernel optimizado: RBF(length_scale=9.84) + WhiteKernel(noise_level=0.565)
   ✅  GP: 308 muestras, 21 features
   🔄  Aplicando feedback XGBoost a pesos manuales...

   📊  Importancias blend (XGB+LGBM):
      momentum_pos               0.338  
      avg_finish                 0.179  
      avg_grid                   0.092  
      predicted_quali_pos        0.085  
      overtaking_ability         0.051  
      recent_form                0.047  
      champ_pts                  0.041  
      dnf_rate                   0.028  
      fl_rate                    0.026  
      quali_consistency          0.024  
   🏆  Top feature esta carrera: momentum_pos (0.338)
   ⚠  No se pudieron guardar priors: Object of type float32 is not JSON serializable

🧠  LSTM momentum model...
   ⚠  torch not installed — LSTM skipped  (pip install torch)

🕸️  GNN overtaking model...
   ⚠  torch not installed — GNN skipped  (pip install torch)

🔩  Calculando fiabilidad y riesgo por componente...

🏎️  Pirelli compound selection...
   🏎️  Compounds (cached): C3/C4/C5 → softness 1.00  [confirmed ✓]
🎲  Corriendo 10,000 simulaciones Monte Carlo...
   🚦  SC/VSC prob: 50%  (λ=0.69, ~0.7 SC esperados por carrera)
   🔁  Undercut prob: 44%  (ventana óptima laps 16–20, compound scale ×1.10)
   🥊  Head-to-head: 0/253 pares lopsided (>95% / <5%)
   ✅  Simulaciones completadas.
💾  Head-to-head matrix guardada en: f1_runs/R16_H2H_MATRIX.csv

🧠  Actualizando priors bayesianos con carrera 15...
   ⚠  No se pudieron guardar priors: Object of type float32 is not JSON serializable
   💾  Priors guardados en: ./f1_2026_bayesian_priors.json
   ⚠  No se pudieron guardar priors: Object of type float32 is not JSON serializable

📐  Brier Score R8 (Austrian Grand Prix) [bootstrapped]: 0.0301  (predicho: RUS  |  ganador real: RUS)

🔄  Corriendo validación LOO (15 carreras)...

📐  VALIDACIÓN LOO — Historial de temporada (Leave-One-Race-Out)
  Rd   Carrera                            Brier    Pred   Real   Roll-3
  ────────────────────────────────────────────────────────────────────
  R1   Australian Grand Prix              0.0412  ANT    RUS     [0.0412]
  R2   Chinese Grand Prix                 0.0395  ANT    ANT   ✓ [0.0403]
  R3   Japanese Grand Prix                0.0382  ANT    ANT   ✓ [0.0396]
  R4   Miami Grand Prix                   0.0374  ANT    ANT   ✓ [0.0384]
  R5   Canadian Grand Prix                0.0390  RUS    ANT     [0.0382]
  R6   Monaco Grand Prix                  0.0385  ANT    ANT   ✓ [0.0383]
  R7   Barcelona Grand Prix               0.0428  ANT    HAM     [0.0401]
  R8   Austrian Grand Prix                0.0410  NOR    RUS     [0.0408]
  R9   British Grand Prix                 0.0424  NOR    LEC     [0.0421]
  R10  Belgian Grand Prix                 0.0394  RUS    ANT     [0.0409]
  R11  Hungarian Grand Prix               0.0393  ANT    NOR     [0.0404]
  R12  Dutch Grand Prix                   0.0395  VER    NOR     [0.0394]
  R13  Italian Grand Prix                 0.0373  ANT    ANT   ✓ [0.0387]
  R14  Spanish Grand Prix                 0.0400  VER    ANT     [0.0389]
  ────────────────────────────────────────────────────────────────────
  Media LOO                               0.0397   (5/14 ganadores correctos)
  Tendencia (ú3 vs p3): 0.0396 → 0.0389  [→ estable]

📏  CALIBRACIÓN DEL MODELO (14 carreras LOO)
  Bucket    Predicciones  Ganadas  Tasa real  Estado
  ────────────────────────────────────────────────────────────
  0-5%               266        3       1.1%  ✓ calibrado
  5-10%               55       11      20.0%  ~ subestimado
  10-15%               1        0       0.0%  ~ sobreestimado
  15-20%               —        —          —  —
  20%+                 —        —          —  —
  ────────────────────────────────────────────────────────────
  Calibration score (MAE): 8.79pp  [mejorable]  (0 = perfecto, <5pp = bueno)

   🔬  Stacking meta-modelo — pesos aprendidos por tipo de circuito:
      high_speed  : XGB 0.50  LGBM 0.50  (6 rondas)
      street      : XGB 0.50  LGBM 0.50  (2 rondas)
      technical   : XGB 0.50  LGBM 0.50  (3 rondas)
      mixed       : XGB 0.50  LGBM 0.50  (3 rondas)
   💾  Meta-modelo guardado (14 rondas, R14)
   ⚠  No se pudieron guardar priors: Object of type float32 is not JSON serializable

══════════════════════════════════════════════════════════════════════
  🏎   F1 2026  ·  PREDICCIÓN DE CARRERA
══════════════════════════════════════════════════════════════════════
  Carrera         : Bahrain Grand Prix in Malaysia
  Circuito        : Sepang International Circuit  —  Malaysia
  Fecha           : 2026-10-04
  Carreras usadas : 15
  Modelo          : XGBoost Quali+Race + Feedback Loop
  Clima           : ☀  Seco esperado  [horario]
══════════════════════════════════════════════════════════════════════

  📊  TABLA 1 — PREDICCIÓN DE VICTORIA

╭─────┬───────────────────────┬──────────────┬───────┬─────────────────────────────┬──────────────┬────────────┬─────────────╮
│     │ Piloto                │ Equipo       │   Pts │ 🎲 Ganar MC                  │ 🏆 Podio MC   │   Pos Esp. │ Intervalo   │
├─────┼───────────────────────┼──────────────┼───────┼─────────────────────────────┼──────────────┼────────────┼─────────────┤
│  🥇  │ Andrea Kimi Antonelli │ Mercedes     │   302 │ 18.6%  █████████░░░░░░░░░░░ │ 41.7%        │        5.1 │ P1 – P11    │
│  🥈  │ George Russell        │ Mercedes     │   236 │ 13.0%  ██████░░░░░░░░░░░░░░ │ 32.1%        │        5.9 │ P1 – P12    │
│  🥉  │ Lando Norris          │ McLaren      │   186 │ 11.4%  █████░░░░░░░░░░░░░░░ │ 28.7%        │        6.1 │ P1 – P12    │
│ 4.  │ Max Verstappen        │ Red Bull     │   163 │ 6.0%  ██░░░░░░░░░░░░░░░░░░  │ 19.1%        │        7.3 │ P2 – P13    │
│ 5.  │ Charles Leclerc       │ Ferrari      │   179 │ 5.5%  ██░░░░░░░░░░░░░░░░░░  │ 18.4%        │        7.6 │ P2 – P14    │
│ 6.  │ Lewis Hamilton        │ Ferrari      │   199 │ 5.9%  ██░░░░░░░░░░░░░░░░░░  │ 19.1%        │        7.7 │ P2 – P13    │
│ 7.  │ Oscar Piastri         │ McLaren      │   120 │ 5.7%  ██░░░░░░░░░░░░░░░░░░  │ 17.8%        │        7.4 │ P2 – P13    │
│ 8.  │ Isack Hadjar          │ Red Bull     │    86 │ 3.6%  █░░░░░░░░░░░░░░░░░░░  │ 12.4%        │        8.3 │ P2 – P14    │
│ 9.  │ Liam Lawson           │ Racing Bulls │    59 │ 4.1%  ██░░░░░░░░░░░░░░░░░░  │ 13.4%        │        7.8 │ P2 – P14    │
│ 10. │ Arvid Lindblad        │ Racing Bulls │    37 │ 2.8%  █░░░░░░░░░░░░░░░░░░░  │ 10.4%        │        8.1 │ P2 – P14    │
│ 11. │ Pierre Gasly          │ Alpine       │    41 │ 3.0%  █░░░░░░░░░░░░░░░░░░░  │ 10.4%        │        8.2 │ P2 – P14    │
│ 12. │ Franco Colapinto      │ Alpine       │    27 │ 2.5%  █░░░░░░░░░░░░░░░░░░░  │ 9.8%         │        8.4 │ P3 – P14    │
│ 13. │ Nico Hülkenberg       │ Audi         │     7 │ 2.4%  █░░░░░░░░░░░░░░░░░░░  │ 7.9%         │        8.5 │ P3 – P14    │
│ 14. │ Gabriel Bortoleto     │ Audi         │    10 │ 2.3%  █░░░░░░░░░░░░░░░░░░░  │ 8.1%         │        8.7 │ P3 – P14    │
│ 15. │ Yuki Tsunoda          │ Racing Bulls │     1 │ 2.7%  █░░░░░░░░░░░░░░░░░░░  │ 10.3%        │        8.7 │ P3 – P14    │
│ 16. │ Esteban Ocon          │ Haas         │     7 │ 2.0%  ░░░░░░░░░░░░░░░░░░░░  │ 6.7%         │        8.9 │ P3 – P15    │
│ 17. │ Oliver Bearman        │ Haas         │    20 │ 1.8%  ░░░░░░░░░░░░░░░░░░░░  │ 6.6%         │        9   │ P3 – P15    │
│ 18. │ Alexander Albon       │ Williams     │     5 │ 1.6%  ░░░░░░░░░░░░░░░░░░░░  │ 5.9%         │        9   │ P3 – P15    │
│ 19. │ Carlos Sainz          │ Williams     │     7 │ 1.6%  ░░░░░░░░░░░░░░░░░░░░  │ 6.2%         │        9.2 │ P3 – P15    │
│ 20. │ Fernando Alonso       │ Aston Martin │     3 │ 0.9%  ░░░░░░░░░░░░░░░░░░░░  │ 3.4%         │       10   │ P4 – P15    │
│ 21. │ Sergio Pérez          │ Cadillac     │     0 │ 1.3%  ░░░░░░░░░░░░░░░░░░░░  │ 5.2%         │        9.4 │ P3 – P15    │
│ 22. │ Lance Stroll          │ Aston Martin │     0 │ 0.6%  ░░░░░░░░░░░░░░░░░░░░  │ 2.5%         │       10.2 │ P4 – P15    │
│ 23. │ Valtteri Bottas       │ Cadillac     │     0 │ 0.9%  ░░░░░░░░░░░░░░░░░░░░  │ 4.0%         │        9.6 │ P3 – P15    │
╰─────┴───────────────────────┴──────────────┴───────┴─────────────────────────────┴──────────────┴────────────┴─────────────╯

  📈  PROBABILIDADES — Ganar & Podio  (todos los pilotos)

    ANT     18.6% win  (P10: 14.0% — P90: 23.0%)  │   41.7% podio
    RUS     13.0% win  (P10: 9.0% — P90: 18.0%)  │   32.1% podio
    NOR     11.4% win  (P10: 8.0% — P90: 15.0%)  │   28.7% podio
    VER      6.0% win  (P10: 3.0% — P90: 9.0%)  │   19.1% podio
    LEC      5.5% win  (P10: 3.0% — P90: 9.0%)  │   18.4% podio
    HAM      5.9% win  (P10: 3.0% — P90: 10.0%)  │   19.1% podio
    PIA      5.7% win  (P10: 3.0% — P90: 8.0%)  │   17.8% podio
    HAD      3.6% win  (P10: 2.0% — P90: 6.0%)  │   12.4% podio
    LAW      4.1% win  (P10: 2.0% — P90: 7.0%)  │   13.4% podio
    LIN      2.8% win  │   10.4% podio
    GAS      3.0% win  (P10: 1.0% — P90: 5.0%)  │   10.4% podio
    COL      2.5% win  │    9.8% podio
    HUL      2.4% win  │    7.9% podio
    BOR      2.3% win  │    8.1% podio
    TSU      2.7% win  │   10.3% podio
    OCO      2.0% win  │    6.7% podio
    BEA      1.8% win  │    6.6% podio
    ALB      1.6% win  │    5.9% podio
    SAI      1.6% win  │    6.2% podio
    ALO      0.9% win  │    3.4% podio
    PER      1.3% win  │    5.2% podio
    STR      0.6% win  │    2.5% podio
    BOT      0.9% win  │    4.0% podio

  🔮  Predicción más incierta       : SAI (epistémica: 0.00, aleatoria: 2.5)


  🔬  TABLA 2 — DETALLE TÉCNICO  (Top 10)

╭─────┬───────────────────────┬──────────────┬────────────┬────────────┬────────────┬─────────┬─────────────┬────────────┬───────────────╮
│     │ Piloto                │ Qualy Next   │ FP Next%   │   Fin Prom │   Forma(3) │ Fiab%   │ DNFs/Carr   │   Deg Neum │   Δ Compañero │
├─────┼───────────────────────┼──────────────┼────────────┼────────────┼────────────┼─────────┼─────────────┼────────────┼───────────────┤
│  🥇  │ Andrea Kimi Antonelli │ P22          │ +0.00%     │        2.2 │         23 │ 91.8%   │ 1/14        │          0 │          2.64 │
│  🥈  │ George Russell        │ P22          │ +0.00%     │        4.5 │         13 │ 87.3%   │ 2/14        │          0 │         -2.64 │
│  🥉  │ Lando Norris          │ P22          │ +0.00%     │        3.4 │         16 │ 82.7%   │ 3/14        │          0 │          1.79 │
│ 4.  │ Max Verstappen        │ P22          │ +0.00%     │        4.5 │         14 │ 78.2%   │ 4/14        │          0 │          0.73 │
│ 5.  │ Charles Leclerc       │ P22          │ +0.00%     │        6.1 │          8 │ 82.7%   │ 3/14        │          0 │         -1.93 │
│ 6.  │ Lewis Hamilton        │ P22          │ +0.00%     │        7.1 │          5 │ 91.8%   │ 1/14        │          0 │          1.93 │
│ 7.  │ Oscar Piastri         │ P22          │ +0.00%     │        7.1 │          6 │ 78.2%   │ 4/14        │          0 │         -1.79 │
│ 8.  │ Isack Hadjar          │ P22          │ +0.00%     │        5.9 │          8 │ 74.7%   │ 4/11        │          0 │         -0.73 │
│ 9.  │ Liam Lawson           │ P22          │ +0.00%     │        8.7 │          5 │ 69.1%   │ 6/14        │          0 │          1.57 │
│ 10. │ Arvid Lindblad        │ P22          │ +0.00%     │        9.3 │          2 │ 55.5%   │ 9/14        │          0 │         -1.07 │
╰─────┴───────────────────────┴──────────────┴────────────┴────────────┴────────────┴─────────┴─────────────┴────────────┴───────────────╯

  ──────────────────────────────────────────────────────────────────────
  ✅  PROBABLE GANADOR  :  Andrea Kimi Antonelli  (Mercedes)
  🎲  Monte Carlo       :  18.6% ganar  |  41.7% podio  |  91.6% terminar
  📊  Posición esperada :  5.1  (intervalo P10=1 – P90=11)
──────────────────────────────────────────────────────────────────────
  ⚠   Modelo estadístico + 10,000 simulaciones Monte Carlo.
      Estrategia, clima y mecánica pueden cambiar cualquier predicción.

💾  Resultados guardados en: f1_2026_predicciones.csv


[exit 0]
