# F1 Auto Runner — R9 / SQ
# Started : 2026-07-03T21:06:46.679432+00:00
############################################################

>>> f1_2026_predictor.py

📅  Descargando calendario 2026...
   ✅  22 carreras encontradas en el calendario.

📅  Calendario 2026: 22 carreras
🔍  Verificando rondas completadas...
   ✅  Ronda 1: Australian Grand Prix — completa
   ✅  Ronda 2: Chinese Grand Prix — completa
   ✅  Ronda 3: Japanese Grand Prix — completa
   ✅  Ronda 4: Miami Grand Prix — completa
   ✅  Ronda 5: Canadian Grand Prix — completa
   ✅  Ronda 6: Monaco Grand Prix — completa
   ✅  Ronda 7: Barcelona Grand Prix — completa
   ✅  Ronda 8: Austrian Grand Prix — completa
   ⏳  Ronda 9 — aún no disputada
   ⏳  Ronda 10 — aún no disputada
   ⏳  Ronda 11 — aún no disputada
   ⏳  Ronda 12 — aún no disputada
   ⏳  Ronda 13 — aún no disputada
   ⏳  Ronda 14 — aún no disputada
   ⏳  Ronda 15 — aún no disputada
   ⏳  Ronda 16 — aún no disputada
   ⏳  Ronda 17 — aún no disputada
   ⏳  Ronda 18 — aún no disputada
   ⏳  Ronda 19 — aún no disputada
   ⏳  Ronda 20 — aún no disputada
   ⏳  Ronda 21 — aún no disputada
   ⏳  Ronda 22 — aún no disputada
   Completadas : [1, 2, 3, 4, 5, 6, 7, 8]
   Próxima     : Ronda 9
🏆  Descargando standings de pilotos...
🏗   Descargando standings de constructores...
🏁  Descargando resultados de 8 carrera(s)...
⏱   Descargando resultados de clasificación...
🏃  Descargando resultados de sprint...

🔍  Descargando session keys de OpenF1...
   ✅  126 sesiones encontradas en OpenF1
🔍  Verificando disponibilidad de datos de telemetría...
   ✅  OpenF1 tiene datos de vueltas — usando OpenF1 como fuente primaria
🔴  Degradación de neumáticos (OpenF1)...
🚀  Rendimiento vuelta 1 (OpenF1)...
   ⏳  Rate limit — esperando 1s...
   ⏳  Rate limit — esperando 2s...
   ⏳  Rate limit — esperando 4s...
   ⏳  Rate limit — esperando 1s...
   ⏳  Rate limit — esperando 2s...
   ⏳  Rate limit — esperando 4s...
   ⏳  Rate limit — esperando 1s...
   ⏳  Rate limit — esperando 2s...
   ⏳  Rate limit — esperando 4s...
📈  Consistencia de vueltas (OpenF1)...
🏋   Ritmo de prácticas libres normalizado (OpenF1)...
   ⏳  Rate limit — esperando 1s...
   ⏳  Rate limit — esperando 2s...
   ⏳  Rate limit — esperando 4s...
   ⏳  Rate limit — esperando 1s...
   ⏳  Rate limit — esperando 2s...
   ⏳  Rate limit — esperando 4s...
   ⏳  Rate limit — esperando 1s...
   ⏳  Rate limit — esperando 2s...
   ⏳  Rate limit — esperando 4s...
   ⏳  Rate limit — esperando 1s...
   ⏳  Rate limit — esperando 2s...
   ⏳  Rate limit — esperando 4s...
🟡  Rendimiento bajo Safety Car (OpenF1)...
   ⏳  Rate limit — esperando 1s...
   ⏳  Rate limit — esperando 2s...
   ⏳  Rate limit — esperando 4s...
   ⏳  Rate limit — esperando 1s...
   ⏳  Rate limit — esperando 2s...
   ⏳  Rate limit — esperando 4s...
🔧  Pit stops (OpenF1)...
   ⏳  Rate limit — esperando 1s...
   ⏳  Rate limit — esperando 2s...
   ⏳  Rate limit — esperando 4s...
   ⏳  Rate limit — esperando 1s...
   ⏳  Rate limit — esperando 2s...
   ⏳  Rate limit — esperando 4s...
📋  Calculando penalizaciones acumuladas...
📍  Descargando historial de Silverstone Circuit (silverstone) — últimos 3 años...
   ✅  60 resultados en 3 temporadas — 19 pilotos con ≥2 visitas
🔢  Tiempos por sector (OpenF1)...
🗂   Calculando perfil por tipo de circuito...
🔑  Gap qualifying vs compañero (OpenF1)...
   ⏳  Rate limit — esperando 1s...
   ⏳  Rate limit — esperando 2s...
   ⏳  Rate limit — esperando 4s...
   ⏳  Rate limit — esperando 1s...
   ⏳  Rate limit — esperando 2s...
   ⏳  Rate limit — esperando 4s...
   ⏳  Rate limit — esperando 1s...
   ⏳  Rate limit — esperando 2s...
   ⏳  Rate limit — esperando 4s...
   📊  Fuente de datos de vuelta: OpenF1
   🏁  Circuito: Silverstone Circuit
   🗂   Tipo: high_speed  |  Dificultad adelantar: 0.55
   ⚖   Peso qualifying dinámico: 30.8%
   🏃  Sprint weekend — R9 Silverstone Circuit: FP1 only, no FP2/FP3 — FP1 long stints proxy race pace

🎯  Descargando datos pre-carrera del próximo GP (Ronda 9)...
🏆  Descargando clasificación del próximo GP (sk=11322)...
   ⚠  Sin datos de clasificación para el próximo GP
   🏃  Sprint weekend (R9): FP1 is the only practice session — FP2/FP3 do not exist
   ⚠  Sprint weekend: using FP1 long runs as race sim proxy (fp2_next_longrun derived from FP1)
   ✅  Prácticas del próximo GP disponibles: FP1
   🔷  Speed trap classes: i1=high (285 km/h), i2=high (253 km/h)
   🏁  Race sims FP1 detectados: 20 pilotos (ref campo: 111.367s)
⚡  Descargando Sprint Qualifying del próximo GP (sk=11317)...
   ✅  22 pilotos en Sprint Qualifying del próximo GP
   ⚡  SQ POLE: HAM — 88.376s

🔴  Calculando inventario de neumáticos (sesiones completadas)...
   💾  Tyre inventory FP1 R9: 22 pilotos (cache)

🏎️  Corner telemetry analysis (FastF1)...
   ℹ️  Corner telemetry R9: no data (cached)
   ⏳  Clasificación del próximo GP aún no disponible
   ✅  Prácticas del próximo GP cargadas (22 pilotos)
   ✅  Sprint Qualifying cargado (22 pilotos)
🌤   Consultando datos de clima (Open-Meteo)...
   ⚠  Error obteniendo clima: HTTPSConnectionPool(host='api.open-meteo.com', port=443): Read timed out. (read timeout=15)
🚦  Buscando penalizaciones de parrilla...

🧬  Cargando perfiles comportamentales...
   📂  Perfiles cargados desde caché (0.0d antigüedad, 29 pilotos)

   📊  TOP 5 POR MÉTRICA COMPORTAMENTAL 2023-2025:
   Adelantadores netos desde P6-P15:
     1. VER    +5.111
     2. PER    +4.579
     3. HAM    +2.621
     4. RUS    +1.833
     5. LEC    +1.824
   Consistencia en clasificación (σ vs compañero):
     1. SAR    +2.716
     2. BOT    +3.475
     3. ZHO    +3.475
     4. DEV    +3.606
     5. HAD    +3.991
   Especialistas en lluvia (neg = mejor en mojado):
     1. SAR    -5.513
     2. ALB    -5.174
     3. BOT    -4.919
     4. OCO    -4.498
     5. ZHO    -4.182
   Fiabilidad histórica 2023-2025 (menor DNF%):
     1. VER    +0.033
     2. NOR    +0.100
     3. HAM    +0.117
     4. RUS    +0.133
     5. PIA    +0.150
   Gestión de neumáticos (ganancia últimas 20% vueltas):
     1. COL    +0.375
     2. DEV    +0.222
     3. PER    +0.154
     4. STR    +0.143
     5. VER    +0.140


🎙️  Analizando sentimiento de rueda de prensa...
   🌐  Transcripción encontrada: https://www.fia.com/news/2026-british-grand-prix-thursday-press-confer...

🔨  Construyendo matriz de features...
   🔥  Rachas de podio activas:
      RUS    2 carreras top-3 consecutivas (score=0.30)
      ANT    1 carreras top-3 consecutivas (score=0.15)
      VER    1 carreras top-3 consecutivas (score=0.15)
   💥  Post-DNF bounce (última carrera): ALB, ALO, BEA, BOR, BOT, COL, GAS, HUL, LAW, LIN, OCO, PER, SAI, STR
   🏎  Affinity top 5 (menor pos. media = más afinidad al circuito):
      NOR    2.00
      HAM    2.67
      VER    2.67
      PIA    3.33
      HUL    7.33
   ⚠  Sin datos de sector del próximo GP — sector_balance neutral
   🔴  Top 5 ritmo SOFT vs campo (negativo = más rápido):
      LEC    -8.693%
      LAW    -0.224%
      PIA    +0.000%
      ANT    +0.000%
      VER    +0.000%
   🔴  Top 5 ritmo MEDIUM vs campo (negativo = más rápido):
      HUL    -2.159%
      ANT    +0.000%
      HAM    +0.000%
      RUS    +0.000%
      NOR    +0.000%
   🏎  Top 5 gestión de neumáticos FP2 (s/vuelta, menor = mejor):
      PER    -2.1557 s/lap
      ALB    -2.0510 s/lap
      BOT    -1.8090 s/lap
      SAI    -1.1172 s/lap
      NOR    -0.9243 s/lap
   🔷  Top 5 perfil de curvas (high_speed, negativo = más rápido):
      RUS    +5.122%
      BEA    +6.531%
      NOR    +6.812%
      COL    +7.576%
      BOT    +7.687%
   🏁  Top 5 ritmo carrera FP1 (negativo = más rápido vs campo):
      RUS    -16.453%
      COL    -15.807%
      NOR    -10.396%
      SAI    -9.927%
      LAW    -7.024%
   🧬  Perfiles comportamentales: 21/22 pilotos con datos 2023-2025
   🔍  IsolationForest: 2 anomalías (0 sandbagging, 0 struggling, 0 race threats)
      ALB    +0.992  ███████████████████
      GAS    +0.957  ███████████████████
      RUS    +0.954  ███████████████████
      PER    +0.952  ███████████████████
      VER    +0.945  ██████████████████

🔴  Inventario de neumáticos (sesiones de práctica completadas):
   GAS  : 6 soft new, 3 med new, 0 hard new
   LIN  : 6 soft new, 3 med new, 0 hard new
   HUL  : 6 soft new, 3 med new, 0 hard new
   HAD  : 6 soft new, 3 med new, 0 hard new
   BOR  : 6 soft new, 3 med new, 1 hard new
   COL  : 6 soft new, 3 med new, 0 hard new
   ALO  : 5 soft new, 3 med new, 1 hard new
   RUS  : 5 soft new, 4 med new, 1 hard new
   OCO  : 5 soft new, 4 med new, 1 hard new
   ALB  : 5 soft new, 4 med new, 1 hard new
   LAW  : 5 soft new, 4 med new, 1 hard new
   PIA  : 5 soft new, 4 med new, 1 hard new
   STR  : 5 soft new, 3 med new, 1 hard new
   BEA  : 5 soft new, 4 med new, 1 hard new
   PER  : 5 soft new, 3 med new, 1 hard new
   RIC  : 5 soft new, 4 med new, 1 hard new
   ANT  : 5 soft new, 4 med new, 1 hard new
   LEC  : 5 soft new, 4 med new, 1 hard new
   BOT  : 5 soft new, 3 med new, 1 hard new
   HAM  : 5 soft new, 4 med new, 1 hard new
   SAI  : 4 soft new, 4 med new, 1 hard new  ⚠ BAJO
   NOR  : 4 soft new, 4 med new, 1 hard new  ⚠ BAJO
   (field avg: 5.2 soft new remaining)

🧠  Cargando priors bayesianos...
   📂  Primera ejecución — sin priors previos

💾  Modo modelo: full retrain (guardado R-1 → actual R8)

🤖  Activando XGBoost + LightGBM + GP — Quali+Race (8 carreras ≥ 6)...
   🏎  XGB quali model → pole predicted: RUS (P1.9)
   ✅  XGBoost Race MAE (LOO): 4.18 posiciones
   ✅  XGBoost: entrenamiento completo (176 muestras)
   📊  Top features XGBoost (race model):
      momentum_pos           0.263  ██████████████████████████
      avg_finish             0.202  ████████████████████
      fp_avg_delta           0.070  ███████
      predicted_quali_pos    0.050  ████
      constructor_pts        0.039  ███
   ⚠  lightgbm no instalado — omitiendo LGBM
   🌊  GP top-5 predicciones (σ = incertidumbre por datos escasos):
      ANT   P 3.9  σ=5.15  ▪▪▪▪▪▪▪▪▪▪▪▪▪▪▪▪▪▪▪▪
      HAM   P 4.7  σ=5.05  ▪▪▪▪▪▪▪▪▪▪▪▪▪▪▪▪▪▪▪▪
      RUS   P 5.8  σ=5.10  ▪▪▪▪▪▪▪▪▪▪▪▪▪▪▪▪▪▪▪▪
      PIA   P 7.5  σ=5.05  ▪▪▪▪▪▪▪▪▪▪▪▪▪▪▪▪▪▪▪▪
      VER   P 7.9  σ=5.07  ▪▪▪▪▪▪▪▪▪▪▪▪▪▪▪▪▪▪▪▪
   🔧  Kernel optimizado: RBF(length_scale=10) + WhiteKernel(noise_level=0.602)
   ✅  GP: 176 muestras, 21 features
   🔄  Aplicando feedback XGBoost a pesos manuales...

   📊  Importancias blend (XGB+LGBM):
      momentum_pos               0.263  
      avg_finish                 0.201  
      fp_avg_delta               0.070  
      predicted_quali_pos        0.050  
      constructor_pts            0.039  
      sprint_pts                 0.038  
      quali_consistency          0.036  
      champ_pts                  0.035  
      tyre_deg_slope             0.032  
      dnf_rate                   0.027  
   🏆  Top feature esta carrera: momentum_pos (0.263)
   ⚠  No se pudieron guardar priors: Object of type float32 is not JSON serializable

🧠  LSTM momentum model...
   🧠  LSTM dormant (8/12 races)

🕸️  GNN overtaking model...
   🕸️  GNN dormant (8/12 races)

🔩  Calculando fiabilidad y riesgo por componente...

🏎️  Pirelli compound selection...
   🏎️  Compounds (cached): C1/C2/C3 → softness 0.00  [historical default]
🎲  Corriendo 10,000 simulaciones Monte Carlo...
   🚦  SC/VSC prob: 50%  (λ=0.69, ~0.7 SC esperados por carrera)
   🔁  Undercut prob: 45%  (ventana óptima laps 16–20, compound scale ×0.90)
   🥊  Head-to-head: 0/231 pares lopsided (>95% / <5%)
   ✅  Simulaciones completadas.
💾  Head-to-head matrix guardada en: f1_runs/R9_H2H_MATRIX.csv

🧠  Actualizando priors bayesianos con carrera 8...
   ⚠  No se pudieron guardar priors: Object of type float32 is not JSON serializable
   💾  Priors guardados en: ./f1_2026_bayesian_priors.json
   📊  Mayores ajustes acumulados:
      SAI: ×0.966 (⬇ sobreestimado)
      HUL: ×1.027 (⬆ subestimado)
      HAM: ×0.973 (⬇ sobreestimado)
   ⚠  No se pudieron guardar priors: Object of type float32 is not JSON serializable

📐  Brier Score R8 (Austrian Grand Prix) [bootstrapped]: 0.0315  (predicho: RUS  |  ganador real: RUS)

🔄  Corriendo validación LOO (8 carreras)...

📐  VALIDACIÓN LOO — Historial de temporada (Leave-One-Race-Out)
  Rd   Carrera                            Brier    Pred   Real   Roll-3
  ────────────────────────────────────────────────────────────────────
  R1   Australian Grand Prix              0.0467  ANT    RUS     [0.0467]
  R2   Chinese Grand Prix                 0.0274  ANT    ANT   ✓ [0.0370]
  R3   Japanese Grand Prix                0.0302  ANT    ANT   ✓ [0.0348]
  R4   Miami Grand Prix                   0.0323  HAM    ANT     [0.0300]
  R5   Canadian Grand Prix                0.0357  HAM    ANT     [0.0327]
  R6   Monaco Grand Prix                  0.0717  HAM    ANT     [0.0466]
  R7   Barcelona Grand Prix               0.0567  ANT    HAM     [0.0547]
  R8   Austrian Grand Prix                0.0436  ANT    RUS     [0.0573]
  ────────────────────────────────────────────────────────────────────
  Media LOO                               0.0430   (2/8 ganadores correctos)
  Tendencia (ú3 vs p3): 0.0348 → 0.0573  [↓ empeorando]

📏  CALIBRACIÓN DEL MODELO (8 carreras LOO)
  Bucket    Predicciones  Ganadas  Tasa real  Estado
  ────────────────────────────────────────────────────────────
  0-5%               161        3       1.9%  ✓ calibrado
  5-10%                2        1      50.0%  ↑ muy subestimado
  10-15%               2        1      50.0%  ↑ muy subestimado
  15-20%               3        1      33.3%  ↑ muy subestimado
  20%+                 8        2      25.0%  ~ sobreestimado
  ────────────────────────────────────────────────────────────
  Calibration score (MAE): 21.09pp  [mejorable]  (0 = perfecto, <5pp = bueno)

   🔬  Stacking meta-modelo — pesos aprendidos por tipo de circuito:
      high_speed  : XGB 0.50  LGBM 0.50  (3 rondas)
      street      : XGB 0.50  LGBM 0.50  (2 rondas)
      technical   : XGB 0.50  LGBM 0.50  (1 rondas)
      mixed       : XGB 0.50  LGBM 0.50  (2 rondas)
   💾  Meta-modelo guardado (8 rondas, R8)
   ⚠  No se pudieron guardar priors: Object of type float32 is not JSON serializable

══════════════════════════════════════════════════════════════════════
  🏎   F1 2026  ·  PREDICCIÓN DE CARRERA
══════════════════════════════════════════════════════════════════════
  Carrera         : British Grand Prix
  Circuito        : Silverstone Circuit  —  UK
  Fecha           : 2026-07-05
  Carreras usadas : 8
  Modelo          : XGBoost Quali+Race + Feedback Loop
  Clima           : ☀  Seco esperado  [horario]
══════════════════════════════════════════════════════════════════════

  📊  TABLA 1 — PREDICCIÓN DE VICTORIA

╭─────┬───────────────────────┬──────────────┬───────┬─────────────────────────────┬──────────────┬────────────┬─────────────╮
│     │ Piloto                │ Equipo       │   Pts │ 🎲 Ganar MC                  │ 🏆 Podio MC   │   Pos Esp. │ Intervalo   │
├─────┼───────────────────────┼──────────────┼───────┼─────────────────────────────┼──────────────┼────────────┼─────────────┤
│  🥇  │ Lewis Hamilton        │ Ferrari      │   125 │ 19.5%  █████████░░░░░░░░░░░ │ 43.6%        │        5.1 │ P1 – P11    │
│  🥈  │ Andrea Kimi Antonelli │ Mercedes     │   171 │ 12.3%  ██████░░░░░░░░░░░░░░ │ 32.1%        │        6   │ P1 – P12    │
│  🥉  │ George Russell        │ Mercedes     │   131 │ 9.9%  ████░░░░░░░░░░░░░░░░  │ 27.2%        │        6.6 │ P1 – P13    │
│ 4.  │ Max Verstappen        │ Red Bull     │    73 │ 6.5%  ███░░░░░░░░░░░░░░░░░  │ 19.9%        │        7.3 │ P2 – P13    │
│ 5.  │ Oscar Piastri         │ McLaren      │    80 │ 7.1%  ███░░░░░░░░░░░░░░░░░  │ 20.6%        │        6.9 │ P2 – P13    │
│ 6.  │ Lando Norris          │ McLaren      │    79 │ 6.2%  ███░░░░░░░░░░░░░░░░░  │ 19.2%        │        7.1 │ P2 – P13    │
│ 7.  │ Charles Leclerc       │ Ferrari      │    79 │ 4.8%  ██░░░░░░░░░░░░░░░░░░  │ 15.4%        │        8   │ P2 – P14    │
│ 8.  │ Isack Hadjar          │ Red Bull     │    42 │ 3.2%  █░░░░░░░░░░░░░░░░░░░  │ 11.7%        │        8.5 │ P2 – P14    │
│ 9.  │ Liam Lawson           │ Racing Bulls │    30 │ 3.8%  █░░░░░░░░░░░░░░░░░░░  │ 12.2%        │        7.8 │ P2 – P14    │
│ 10. │ Pierre Gasly          │ Alpine       │    41 │ 3.4%  █░░░░░░░░░░░░░░░░░░░  │ 11.9%        │        7.9 │ P2 – P14    │
│ 11. │ Arvid Lindblad        │ Racing Bulls │    14 │ 3.0%  █░░░░░░░░░░░░░░░░░░░  │ 10.4%        │        8.1 │ P2 – P14    │
│ 12. │ Franco Colapinto      │ Alpine       │    16 │ 3.1%  █░░░░░░░░░░░░░░░░░░░  │ 10.4%        │        8.3 │ P2 – P14    │
│ 13. │ Gabriel Bortoleto     │ Audi         │     2 │ 2.5%  █░░░░░░░░░░░░░░░░░░░  │ 8.7%         │        8.6 │ P3 – P14    │
│ 14. │ Oliver Bearman        │ Haas         │    18 │ 2.0%  █░░░░░░░░░░░░░░░░░░░  │ 7.3%         │        8.7 │ P3 – P15    │
│ 15. │ Carlos Sainz          │ Williams     │     6 │ 2.1%  █░░░░░░░░░░░░░░░░░░░  │ 7.7%         │        8.8 │ P3 – P14    │
│ 16. │ Nico Hülkenberg       │ Audi         │     0 │ 2.2%  █░░░░░░░░░░░░░░░░░░░  │ 8.1%         │        8.8 │ P3 – P14    │
│ 17. │ Esteban Ocon          │ Haas         │     3 │ 1.9%  ░░░░░░░░░░░░░░░░░░░░  │ 7.2%         │        9   │ P3 – P15    │
│ 18. │ Alexander Albon       │ Williams     │     5 │ 1.8%  ░░░░░░░░░░░░░░░░░░░░  │ 6.9%         │        9.1 │ P3 – P15    │
│ 19. │ Fernando Alonso       │ Aston Martin │     1 │ 1.0%  ░░░░░░░░░░░░░░░░░░░░  │ 4.6%         │        9.9 │ P4 – P15    │
│ 20. │ Sergio Pérez          │ Cadillac     │     0 │ 1.5%  ░░░░░░░░░░░░░░░░░░░░  │ 6.6%         │        9.1 │ P3 – P15    │
│ 21. │ Lance Stroll          │ Aston Martin │     0 │ 0.9%  ░░░░░░░░░░░░░░░░░░░░  │ 3.6%         │       10.1 │ P4 – P15    │
│ 22. │ Valtteri Bottas       │ Cadillac     │     0 │ 1.3%  ░░░░░░░░░░░░░░░░░░░░  │ 4.6%         │        9.4 │ P3 – P15    │
╰─────┴───────────────────────┴──────────────┴───────┴─────────────────────────────┴──────────────┴────────────┴─────────────╯

  📈  PROBABILIDADES — Ganar & Podio  (todos los pilotos)

    HAM     19.5% win  (P10: 15.0% — P90: 24.1%)  │   43.6% podio
    ANT     12.3% win  (P10: 9.0% — P90: 16.0%)  │   32.1% podio
    RUS      9.9% win  (P10: 7.0% — P90: 14.0%)  │   27.2% podio
    VER      6.5% win  (P10: 4.0% — P90: 10.0%)  │   19.9% podio
    PIA      7.1% win  (P10: 3.9% — P90: 10.0%)  │   20.6% podio
    NOR      6.2% win  (P10: 3.0% — P90: 9.1%)  │   19.2% podio
    LEC      4.8% win  (P10: 2.0% — P90: 7.0%)  │   15.4% podio
    HAD      3.2% win  (P10: 1.0% — P90: 6.0%)  │   11.7% podio
    LAW      3.8% win  (P10: 1.0% — P90: 6.0%)  │   12.2% podio
    GAS      3.4% win  (P10: 1.0% — P90: 6.0%)  │   11.9% podio
    LIN      3.0% win  (P10: 1.0% — P90: 5.0%)  │   10.4% podio
    COL      3.1% win  (P10: 1.0% — P90: 5.0%)  │   10.4% podio
    BOR      2.5% win  │    8.7% podio
    BEA      2.0% win  │    7.3% podio
    SAI      2.1% win  │    7.7% podio
    HUL      2.2% win  │    8.1% podio
    OCO      1.9% win  │    7.2% podio
    ALB      1.8% win  │    6.9% podio
    ALO      1.0% win  │    4.6% podio
    PER      1.5% win  │    6.6% podio
    STR      0.9% win  │    3.6% podio
    BOT      1.3% win  │    4.6% podio

  🔮  Predicción más incierta       : BOT (epistémica: 0.00, aleatoria: 2.3)


  🔬  TABLA 2 — DETALLE TÉCNICO  (Top 10)

╭─────┬───────────────────────┬──────────────┬────────────┬────────────┬────────────┬─────────┬─────────────┬────────────┬───────────────╮
│     │ Piloto                │ Qualy Next   │ FP Next%   │   Fin Prom │   Forma(3) │ Fiab%   │ DNFs/Carr   │   Deg Neum │   Δ Compañero │
├─────┼───────────────────────┼──────────────┼────────────┼────────────┼────────────┼─────────┼─────────────┼────────────┼───────────────┤
│  🥇  │ Lewis Hamilton        │ P22          │ -1.91%     │        3.3 │         16 │ 95.0%   │ 0/8         │     -4.657 │          4.12 │
│  🥈  │ Andrea Kimi Antonelli │ P22          │ -1.68%     │        4.3 │         12 │ 88.8%   │ 1/8         │     -5.394 │          2.38 │
│  🥉  │ George Russell        │ P22          │ -1.17%     │        4.4 │         18 │ 88.8%   │ 1/8         │     -0.697 │         -2.38 │
│ 4.  │ Max Verstappen        │ P22          │ +0.04%     │        5   │         13 │ 82.5%   │ 2/8         │     -0.839 │          2.12 │
│ 5.  │ Oscar Piastri         │ P22          │ -0.94%     │        5.4 │         10 │ 76.2%   │ 3/8         │     -6.775 │          1.12 │
│ 6.  │ Lando Norris          │ P22          │ -0.78%     │        7   │          8 │ 76.2%   │ 3/8         │     -0.186 │         -1.12 │
│ 7.  │ Charles Leclerc       │ P22          │ -1.25%     │        8.7 │          3 │ 82.5%   │ 2/8         │     -0.164 │         -4.12 │
│ 8.  │ Isack Hadjar          │ P22          │ +0.04%     │        6.5 │          9 │ 70.0%   │ 4/8         │     -0.694 │         -2.12 │
│ 9.  │ Liam Lawson           │ P22          │ -0.73%     │        8.3 │          4 │ 63.7%   │ 5/8         │     -6.094 │          2.12 │
│ 10. │ Pierre Gasly          │ P22          │ +1.31%     │        8.6 │          4 │ 63.7%   │ 5/8         │     -5.769 │          2.12 │
╰─────┴───────────────────────┴──────────────┴────────────┴────────────┴────────────┴─────────┴─────────────┴────────────┴───────────────╯

  ──────────────────────────────────────────────────────────────────────
  ✅  PROBABLE GANADOR  :  Lewis Hamilton  (Ferrari)
  🎲  Monte Carlo       :  19.5% ganar  |  43.6% podio  |  95.5% terminar
  📊  Posición esperada :  5.1  (intervalo P10=1 – P90=11)
──────────────────────────────────────────────────────────────────────
  ⚠   Modelo estadístico + 10,000 simulaciones Monte Carlo.
      Estrategia, clima y mecánica pueden cambiar cualquier predicción.

💾  Resultados guardados en: f1_2026_predicciones.csv


[exit 0]
